Archive member included because of file (symbol)

/home/tolm/dev/GBA/devkitPro/libgba/lib/libmm.a(mm_effect.o)
                              drum.o (mmEffectEx)
/home/tolm/dev/GBA/devkitPro/libgba/lib/libmm.a(mm_main.o)
                              /home/tolm/dev/GBA/devkitPro/libgba/lib/libmm.a(mm_effect.o) (mpp_call_r1)
/home/tolm/dev/GBA/devkitPro/libgba/lib/libmm.a(mm_mas_arm.o)
                              /home/tolm/dev/GBA/devkitPro/libgba/lib/libmm.a(mm_effect.o) (mmAllocChannel)
/home/tolm/dev/GBA/devkitPro/libgba/lib/libmm.a(mm_mas.o)
                              /home/tolm/dev/GBA/devkitPro/libgba/lib/libmm.a(mm_main.o) (mmLayerMain)
/home/tolm/dev/GBA/devkitPro/libgba/lib/libmm.a(mm_init_default.o)
                              drum.o (mmInitDefault)
/home/tolm/dev/GBA/devkitPro/libgba/lib/libmm.a(mm_mixer_gba.o)
                              drum.o (mmVBlank)
/home/tolm/dev/GBA/devkitPro/libgba/lib/libgba.a(CpuSet.o)
                              drum.o (CpuFastSet)
/home/tolm/dev/GBA/devkitPro/libgba/lib/libgba.a(input.o)
                              drum.o (scanKeys)
/home/tolm/dev/GBA/devkitPro/libgba/lib/libgba.a(interrupt.o)
                              drum.o (irqInit)
/home/tolm/dev/GBA/devkitPro/libgba/lib/libgba.a(InterruptDispatcher.o)
                              /home/tolm/dev/GBA/devkitPro/libgba/lib/libgba.a(interrupt.o) (IntrMain)
/home/tolm/dev/GBA/devkitPro/devkitARM/bin/../lib/gcc/arm-none-eabi/4.9.2/thumb/libgcc.a(_udivsi3.o)
                              drum.o (__aeabi_uidiv)
/home/tolm/dev/GBA/devkitPro/devkitARM/bin/../lib/gcc/arm-none-eabi/4.9.2/thumb/libgcc.a(_divsi3.o)
                              drum.o (__aeabi_idiv)
/home/tolm/dev/GBA/devkitPro/devkitARM/bin/../lib/gcc/arm-none-eabi/4.9.2/thumb/libgcc.a(_dvmd_tls.o)
                              /home/tolm/dev/GBA/devkitPro/devkitARM/bin/../lib/gcc/arm-none-eabi/4.9.2/thumb/libgcc.a(_udivsi3.o) (__aeabi_idiv0)
/home/tolm/dev/GBA/devkitPro/devkitARM/bin/../lib/gcc/arm-none-eabi/4.9.2/thumb/libgcc.a(_call_via_rX.o)
                              /home/tolm/dev/GBA/devkitPro/libgba/lib/libmm.a(mm_main.o) (_call_via_r1)
/home/tolm/dev/GBA/devkitPro/devkitARM/bin/../lib/gcc/arm-none-eabi/4.9.2/thumb/libgcc.a(_arm_addsubdf3.o)
                              drum.o (__aeabi_i2d)
/home/tolm/dev/GBA/devkitPro/devkitARM/bin/../lib/gcc/arm-none-eabi/4.9.2/thumb/libgcc.a(_arm_muldivdf3.o)
                              drum.o (__aeabi_dmul)
/home/tolm/dev/GBA/devkitPro/devkitARM/bin/../lib/gcc/arm-none-eabi/4.9.2/thumb/libgcc.a(_arm_fixdfsi.o)
                              drum.o (__aeabi_d2iz)
/home/tolm/dev/GBA/devkitPro/devkitARM/bin/../lib/gcc/arm-none-eabi/4.9.2/thumb/libgcc.a(_arm_addsubsf3.o)
                              drum.o (__aeabi_fsub)
/home/tolm/dev/GBA/devkitPro/devkitARM/bin/../lib/gcc/arm-none-eabi/4.9.2/thumb/libgcc.a(_arm_muldivsf3.o)
                              drum.o (__aeabi_fdiv)
/home/tolm/dev/GBA/devkitPro/devkitARM/bin/../lib/gcc/arm-none-eabi/4.9.2/thumb/libgcc.a(_arm_cmpsf2.o)
                              drum.o (__aeabi_fcmplt)
/home/tolm/dev/GBA/devkitPro/devkitARM/bin/../lib/gcc/arm-none-eabi/4.9.2/thumb/libgcc.a(_arm_fixsfsi.o)
                              drum.o (__aeabi_f2iz)
/home/tolm/dev/GBA/devkitPro/devkitARM/bin/../lib/gcc/arm-none-eabi/4.9.2/../../../../arm-none-eabi/lib/thumb/libg.a(lib_a-init.o)
                              /home/tolm/dev/GBA/devkitPro/devkitARM/bin/../lib/gcc/arm-none-eabi/4.9.2/../../../../arm-none-eabi/lib/thumb/gba_crt0.o (__libc_init_array)
/home/tolm/dev/GBA/devkitPro/devkitARM/bin/../lib/gcc/arm-none-eabi/4.9.2/../../../../arm-none-eabi/lib/thumb/libg.a(lib_a-malloc.o)
                              drum.o (malloc)
/home/tolm/dev/GBA/devkitPro/devkitARM/bin/../lib/gcc/arm-none-eabi/4.9.2/../../../../arm-none-eabi/lib/thumb/libg.a(lib_a-mallocr.o)
                              /home/tolm/dev/GBA/devkitPro/devkitARM/bin/../lib/gcc/arm-none-eabi/4.9.2/../../../../arm-none-eabi/lib/thumb/libg.a(lib_a-malloc.o) (_malloc_r)
/home/tolm/dev/GBA/devkitPro/devkitARM/bin/../lib/gcc/arm-none-eabi/4.9.2/../../../../arm-none-eabi/lib/thumb/libg.a(lib_a-memcpy-stub.o)
                              drum.o (memcpy)
/home/tolm/dev/GBA/devkitPro/devkitARM/bin/../lib/gcc/arm-none-eabi/4.9.2/../../../../arm-none-eabi/lib/thumb/libg.a(lib_a-memset.o)
                              drum.o (memset)
/home/tolm/dev/GBA/devkitPro/devkitARM/bin/../lib/gcc/arm-none-eabi/4.9.2/../../../../arm-none-eabi/lib/thumb/libg.a(lib_a-mlock.o)
                              /home/tolm/dev/GBA/devkitPro/devkitARM/bin/../lib/gcc/arm-none-eabi/4.9.2/../../../../arm-none-eabi/lib/thumb/libg.a(lib_a-mallocr.o) (__malloc_lock)
/home/tolm/dev/GBA/devkitPro/devkitARM/bin/../lib/gcc/arm-none-eabi/4.9.2/../../../../arm-none-eabi/lib/thumb/libg.a(lib_a-rand.o)
                              drum.o (rand)
[...]
Memory Configuration

Name             Origin             Length             Attributes
rom              0x08000000         0x02000000
iwram            0x03000000         0x00008000
ewram            0x02000000         0x00040000
*default*        0x00000000         0xffffffff

Linker script and memory map

                0x08000000                __text_start = ORIGIN (rom)
                0x02040000                __eheap_end = (ORIGIN (ewram) + 0x40000)
                0x03000000                __iwram_start = ORIGIN (iwram)
                0x03008000                __iwram_top = (ORIGIN (iwram) + 0x8000)
                0x03007fa0                __sp_irq = (__iwram_top - 0x60)
                0x03007f00                __sp_usr = (__sp_irq - 0xa0)
                0x03007ff8                __irq_flags = 0x3007ff8
                0x08000000                . = __text_start

.init           0x08000000      0x21c
 *(.init)
 .init          0x08000000      0x210 /home/tolm/dev/GBA/devkitPro/devkitARM/bin/../lib/gcc/arm-none-eabi/4.9.2/../../../../arm-none-eabi/lib/thumb/gba_crt0.o
                0x08000000                _start
                0x080000c4                __boot_method
                0x080000c5                __slave_number
                0x080000e0                start_vector
 .init          0x08000210        0x4 /home/tolm/dev/GBA/devkitPro/devkitARM/bin/../lib/gcc/arm-none-eabi/4.9.2/thumb/crti.o
                0x08000210                _init
 .init          0x08000214        0x8 /home/tolm/dev/GBA/devkitPro/devkitARM/bin/../lib/gcc/arm-none-eabi/4.9.2/thumb/crtn.o
                0x0800021c                . = ALIGN (0x4)

.plt            0x0800021c        0x0
 *(.plt)
                0x0800021c                . = ALIGN (0x4)

.text           0x08000220    0x12180
 *(EXCLUDE_FILE(*.iwram*) .text)
 .text          0x08000220        0x0 /home/tolm/dev/GBA/devkitPro/devkitARM/bin/../lib/gcc/arm-none-eabi/4.9.2/../../../../arm-none-eabi/lib/thumb/gba_crt0.o
 .text          0x08000220        0x0 /home/tolm/dev/GBA/devkitPro/devkitARM/bin/../lib/gcc/arm-none-eabi/4.9.2/thumb/crti.o
 .text          0x08000220       0xd4 /home/tolm/dev/GBA/devkitPro/devkitARM/bin/../lib/gcc/arm-none-eabi/4.9.2/thumb/crtbegin.o
 .text          0x080002f4        0x0 r6502_portfont.bin.o
 .text          0x080002f4        0x0 r6502_portfont_original.bin.o
 .text          0x080002f4        0x0 soundbank.bin.o
 *fill*         0x080002f4        0x4 ff
 .text          0x080002f8     0x49c8 drum.o
                0x0800057c                set_bpm_to_millis
                0x080005ac                set_shuffle
                0x080005ec                setup_timers
                0x08000628                update_timers
                0x08000650                enable_serial_interrupt
                0x08000688                disable_serial_interrupt
                0x080006a8                enable_trig_interrupt
                0x080006d8                disable_trig_interrupt
                0x080006f8                init_song
                0x080008d4                rand_pattern
                0x08000954                rand_samples
                0x080009a4                clear_pattern
                0x08000a24                copy_pattern
                0x08000a54                paste_pattern
                0x08000a84                copy_order
                0x08000a98                paste_order
                0x08000aa4                play_sound
                0x08000b10                define_palettes
                0x08000ca4                clear_screen
                0x08000cc4                put_character
                0x08000cf0                put_string
                0x08000d4c                set_palette
                0x08000d6c                draw_cursor
                0x08000e34                draw_cell_status
                0x080010b4                draw_column_cursor
                0x08001108                clear_last_song_cursor
                0x08001228                clear_last_song_queued_cursor
                0x0800134c                draw_song_queued_cursor
                0x08001470                draw_song_cursor
                0x080015c0                clear_song_cursor
                0x08001620                draw_status
                0x0800168c                draw_temp_status
                0x080016f0                set_status
                0x0800175c                draw_song
                0x08001970                draw_samples
                0x08001b50                draw_settings
                0x08001f10                draw_help
                0x08001fe0                move_cursor
                0x08002278                draw_screen
                0x080022cc                find_chain_start
                0x08002324                stop_song
                0x08002574                play_pattern
                0x080026fc                play_song
                0x08002974                next_column
                0x08002d08                is_empty_pattern
                0x08002ddc                set_patterns_data
                0x08002ec0                set_orders_data
                0x08002eec                file_option_save
                0x08003098                file_option_load
                0x080031d8                samples_menu
                0x080034b0                settings_menu
                0x08003b8c                process_input
                0x08004aa0                setup_interrupts
                0x08004ad4                setup_display
 .text          0x08004cc0      0x300 /home/tolm/dev/GBA/devkitPro/libgba/lib/libmm.a(mm_effect.o)
                0x08004cc0                mmResetEffects
                0x08004cec                mmEffect
                0x08004d02                mmEffectEx
                0x08004e20                mmEffectVolume
                0x08004e3c                mmEffectPanning
                0x08004e50                mmEffectRate
                0x08004e64                mmEffectCancel
                0x08004e9e                mmEffectRelease
                0x08004ec4                mmEffectScaleRate
                0x08004ed8                mmSetEffectsVolume
                0x08004ee6                mmEffectCancelAll
                0x08004f26                mmUpdateEffects
 .text          0x08004fc0      0x140 /home/tolm/dev/GBA/devkitPro/libgba/lib/libmm.a(mm_main.o)
                0x08004fc0                mpp_call_r7
                0x08004fc2                mpp_call_r1
                0x08004fc4                mpp_call_r2
                0x08004fc6                mpp_call_r3
                0x08004fc8                mmSetEventHandler
                0x08004fd0                mmInit
                0x08005024                mmSetVBlankHandler
                0x0800502a                mmFrame
 .text          0x08005100        0x0 /home/tolm/dev/GBA/devkitPro/libgba/lib/libmm.a(mm_mas_arm.o)
 .text          0x08005100     0x155c /home/tolm/dev/GBA/devkitPro/libgba/lib/libmm.a(mm_mas.o)
                0x08005174                mmStart
                0x08005194                mmJingle
                0x0800519a                mmPlayModule
                0x08005264                mmPause
                0x08005280                mmResume
                0x08005290                mmActive
                0x08005296                mmActiveSub
                0x0800529c                mmSetModuleVolume
                0x080052ac                mmSetJingleVolume
                0x080052e8                mmPosition
                0x08005302                mmSetModuleTempo
                0x08005334                mmSetModulePitch
                0x08005374                mmStop
                0x0800543a                mppUpdateSub
                0x08005596                mpp_Process_VolumeCommand
                0x080057ce                mpp_Process_Effect
                0x08005f1c                ST3_FREQTABLE
                0x0800633c                IT_PitchTable
 .text          0x0800665c       0x54 /home/tolm/dev/GBA/devkitPro/libgba/lib/libmm.a(mm_init_default.o)
                0x0800665c                mmInitDefault
 .text          0x080066b0      0x1e0 /home/tolm/dev/GBA/devkitPro/libgba/lib/libmm.a(mm_mixer_gba.o)
                0x080066b0                mmMixerSetSource
                0x080066c4                mmMixerSetRead
                0x080066d2                mmMixerSetFreq
                0x080066e2                mmMixerMulFreq
                0x080066f6                mmMixerStopChannel
                0x08006708                mmMixerChannelActive
                0x0800671a                mmMixerSetVolume
                0x08006728                mmMixerSetPan
                0x08006736                mmMixerInit
 .text          0x08006890        0x8 /home/tolm/dev/GBA/devkitPro/libgba/lib/libgba.a(CpuSet.o)
                0x08006890                CpuSet
                0x08006894                CpuFastSet
 .text          0x08006898       0xc0 /home/tolm/dev/GBA/devkitPro/libgba/lib/libgba.a(input.o)
                0x08006898                setRepeat
                0x080068a4                scanKeys
                0x0800691c                keysDownRepeat
                0x0800692c                keysDown
                0x0800693c                keysUp
                0x0800694c                keysHeld
 .text          0x08006958      0x3b0 /home/tolm/dev/GBA/devkitPro/libgba/lib/libgba.a(interrupt.o)
                0x08006958                dummy
                0x0800695c                InitInterrupt
                0x080069b8                irqInit
                0x08006a14                SetInterrupt
                0x08006af4                irqSet
                0x08006bd4                EnableInterrupt
                0x08006c20                irqEnable
                0x08006c70                DisableInterrupt
                0x08006cbc                irqDisable
 .text          0x08006d08        0x0 /home/tolm/dev/GBA/devkitPro/libgba/lib/libgba.a(InterruptDispatcher.o)
 .text          0x08006d08      0x11c /home/tolm/dev/GBA/devkitPro/devkitARM/bin/../lib/gcc/arm-none-eabi/4.9.2/thumb/libgcc.a(_udivsi3.o)
                0x08006d08                __udivsi3
                0x08006d08                __aeabi_uidiv
                0x08006e04                __aeabi_uidivmod
 .text          0x08006e24      0x150 /home/tolm/dev/GBA/devkitPro/devkitARM/bin/../lib/gcc/arm-none-eabi/4.9.2/thumb/libgcc.a(_divsi3.o)
                0x08006e24                __aeabi_idiv
                0x08006e24                __divsi3
                0x08006f54                __aeabi_idivmod
 .text          0x08006f74        0x4 /home/tolm/dev/GBA/devkitPro/devkitARM/bin/../lib/gcc/arm-none-eabi/4.9.2/thumb/libgcc.a(_dvmd_tls.o)
                0x08006f74                __aeabi_ldiv0
                0x08006f74                __aeabi_idiv0
 .text          0x08006f78       0x3c /home/tolm/dev/GBA/devkitPro/devkitARM/bin/../lib/gcc/arm-none-eabi/4.9.2/thumb/libgcc.a(_call_via_rX.o)
                0x08006f78                _call_via_r0
                0x08006f7c                _call_via_r1
                0x08006f80                _call_via_r2
                0x08006f84                _call_via_r3
                0x08006f88                _call_via_r4
                0x08006f8c                _call_via_r5
                0x08006f90                _call_via_r6
                0x08006f94                _call_via_r7
                0x08006f98                _call_via_r8
                0x08006f9c                _call_via_r9
                0x08006fa0                _call_via_sl
                0x08006fa4                _call_via_fp
                0x08006fa8                _call_via_ip
                0x08006fac                _call_via_sp
                0x08006fb0                _call_via_lr
 .text          0x08006fb4      0x41c /home/tolm/dev/GBA/devkitPro/devkitARM/bin/../lib/gcc/arm-none-eabi/4.9.2/thumb/libgcc.a(_arm_addsubdf3.o)
                0x08006fb4                __aeabi_drsub
                0x08006fbc                __aeabi_dsub
                0x08006fbc                __subdf3
                0x08006fc0                __adddf3
                0x08006fc0                __aeabi_dadd
                0x080072d0                __aeabi_ui2d
                0x080072d0                __floatunsidf
                0x080072f4                __floatsidf
                0x080072f4                __aeabi_i2d
                0x0800731c                __extendsfdf2
                0x0800731c                __aeabi_f2d
                0x0800735c                __aeabi_ul2d
                0x0800735c                __floatundidf
                0x08007370                __floatdidf
                0x08007370                __aeabi_l2d
 .text          0x080073d0      0x49c /home/tolm/dev/GBA/devkitPro/devkitARM/bin/../lib/gcc/arm-none-eabi/4.9.2/thumb/libgcc.a(_arm_muldivdf3.o)
                0x080073d0                __aeabi_dmul
                0x080073d0                __muldf3
                0x08007660                __aeabi_ddiv
                0x08007660                __divdf3
 .text          0x0800786c       0x5c /home/tolm/dev/GBA/devkitPro/devkitARM/bin/../lib/gcc/arm-none-eabi/4.9.2/thumb/libgcc.a(_arm_fixdfsi.o)
                0x0800786c                __fixdfsi
                0x0800786c                __aeabi_d2iz
 .text          0x080078c8      0x2ac /home/tolm/dev/GBA/devkitPro/devkitARM/bin/../lib/gcc/arm-none-eabi/4.9.2/thumb/libgcc.a(_arm_addsubsf3.o)
                0x080078c8                __aeabi_frsub
                0x080078d0                __subsf3
                0x080078d0                __aeabi_fsub
                0x080078d4                __aeabi_fadd
                0x080078d4                __addsf3
                0x08007a90                __aeabi_ui2f
                0x08007a90                __floatunsisf
                0x08007a98                __aeabi_i2f
                0x08007a98                __floatsisf
                0x08007ab8                __floatundisf
                0x08007ab8                __aeabi_ul2f
                0x08007ac8                __floatdisf
                0x08007ac8                __aeabi_l2f
 .text          0x08007b74      0x2f8 /home/tolm/dev/GBA/devkitPro/devkitARM/bin/../lib/gcc/arm-none-eabi/4.9.2/thumb/libgcc.a(_arm_muldivsf3.o)
                0x08007b74                __mulsf3
                0x08007b74                __aeabi_fmul
                0x08007d0c                __divsf3
                0x08007d0c                __aeabi_fdiv
 .text          0x08007e6c      0x114 /home/tolm/dev/GBA/devkitPro/devkitARM/bin/../lib/gcc/arm-none-eabi/4.9.2/thumb/libgcc.a(_arm_cmpsf2.o)
                0x08007e6c                __gtsf2
                0x08007e6c                __gesf2
                0x08007e74                __lesf2
                0x08007e74                __ltsf2
                0x08007e7c                __nesf2
                0x08007e7c                __eqsf2
                0x08007e7c                __cmpsf2
                0x08007ee0                __aeabi_cfrcmple
                0x08007ef0                __aeabi_cfcmple
                0x08007ef0                __aeabi_cfcmpeq
                0x08007f08                __aeabi_fcmpeq
                0x08007f20                __aeabi_fcmplt
                0x08007f38                __aeabi_fcmple
                0x08007f50                __aeabi_fcmpge
                0x08007f68                __aeabi_fcmpgt
 .text          0x08007f80       0x5c /home/tolm/dev/GBA/devkitPro/devkitARM/bin/../lib/gcc/arm-none-eabi/4.9.2/thumb/libgcc.a(_arm_fixsfsi.o)
                0x08007f80                __fixsfsi
                0x08007f80                __aeabi_f2iz
 .text          0x08007fdc       0x58 /home/tolm/dev/GBA/devkitPro/devkitARM/bin/../lib/gcc/arm-none-eabi/4.9.2/../../../../arm-none-eabi/lib/thumb/libg.a(lib_a-init.o)
                0x08007fdc                __libc_init_array
 .text          0x08008034       0x30 /home/tolm/dev/GBA/devkitPro/devkitARM/bin/../lib/gcc/arm-none-eabi/4.9.2/../../../../arm-none-eabi/lib/thumb/libg.a(lib_a-malloc.o)
                0x08008034                malloc
                0x0800804c                free
 .text          0x08008064      0x540 /home/tolm/dev/GBA/devkitPro/devkitARM/bin/../lib/gcc/arm-none-eabi/4.9.2/../../../../arm-none-eabi/lib/thumb/libg.a(lib_a-mallocr.o)
                0x08008064                _malloc_r
 .text          0x080085a4       0x84 /home/tolm/dev/GBA/devkitPro/devkitARM/bin/../lib/gcc/arm-none-eabi/4.9.2/../../../../arm-none-eabi/lib/thumb/libg.a(lib_a-memcpy-stub.o)
                0x080085a4                memcpy
 .text          0x08008628       0x98 /home/tolm/dev/GBA/devkitPro/devkitARM/bin/../lib/gcc/arm-none-eabi/4.9.2/../../../../arm-none-eabi/lib/thumb/libg.a(lib_a-memset.o)
                0x08008628                memset
 .text          0x080086c0        0x8 /home/tolm/dev/GBA/devkitPro/devkitARM/bin/../lib/gcc/arm-none-eabi/4.9.2/../../../../arm-none-eabi/lib/thumb/libg.a(lib_a-mlock.o)
                0x080086c0                __malloc_lock
                0x080086c4                __malloc_unlock
 .text          0x080086c8       0x50 /home/tolm/dev/GBA/devkitPro/devkitARM/bin/../lib/gcc/arm-none-eabi/4.9.2/../../../../arm-none-eabi/lib/thumb/libg.a(lib_a-rand.o)
                0x080086c8                srand
                0x080086dc                rand
 .text          0x08008718       0x84 /home/tolm/dev/GBA/devkitPro/devkitARM/bin/../lib/gcc/arm-none-eabi/4.9.2/../../../../arm-none-eabi/lib/thumb/libg.a(lib_a-sprintf.o)
                0x08008718                _sprintf_r
                0x08008758                sprintf
 .text          0x0800879c       0x14 /home/tolm/dev/GBA/devkitPro/devkitARM/bin/../lib/gcc/arm-none-eabi/4.9.2/../../../../arm-none-eabi/lib/thumb/libg.a(lib_a-strcmp.o)
                0x0800879c                strcmp
 .text          0x080087b0     0x3238 /home/tolm/dev/GBA/devkitPro/devkitARM/bin/../lib/gcc/arm-none-eabi/4.9.2/../../../../arm-none-eabi/lib/thumb/libg.a(lib_a-svfprintf.o)
                0x08008c54                _svfprintf_r
 .text          0x0800b9e8       0xdc /home/tolm/dev/GBA/devkitPro/devkitARM/bin/../lib/gcc/arm-none-eabi/4.9.2/../../../../arm-none-eabi/lib/thumb/libg.a(lib_a-wcrtomb.o)
                0x0800b9e8                _wcrtomb_r
                0x0800ba50                wcrtomb
 .text          0x0800bac4       0x40 /home/tolm/dev/GBA/devkitPro/devkitARM/bin/../lib/gcc/arm-none-eabi/4.9.2/../../../../arm-none-eabi/lib/thumb/libg.a(lib_a-wcsrtombs.o)
                0x0800bac4                _wcsrtombs_r
                0x0800badc                wcsrtombs
 .text          0x0800bb04      0x29c /home/tolm/dev/GBA/devkitPro/devkitARM/bin/../lib/gcc/arm-none-eabi/4.9.2/../../../../arm-none-eabi/lib/thumb/libg.a(lib_a-wctomb_r.o)
                0x0800bb04                __utf8_wctomb
                0x0800bbc4                _wctomb_r
                0x0800bbfc                __ascii_wctomb
                0x0800bc18                __sjis_wctomb
                0x0800bc98                __eucjp_wctomb
                0x0800bd20                __jis_wctomb
 .text          0x0800bda0     0x11f8 /home/tolm/dev/GBA/devkitPro/devkitARM/bin/../lib/gcc/arm-none-eabi/4.9.2/../../../../arm-none-eabi/lib/thumb/libg.a(lib_a-dtoa.o)
                0x0800bf00                _dtoa_r
 .text          0x0800cf98      0x254 /home/tolm/dev/GBA/devkitPro/devkitARM/bin/../lib/gcc/arm-none-eabi/4.9.2/../../../../arm-none-eabi/lib/thumb/libg.a(lib_a-freer.o)
                0x0800cf98                _malloc_trim_r
                0x0800d03c                _free_r
 .text          0x0800d1ec        0x0 /home/tolm/dev/GBA/devkitPro/devkitARM/bin/../lib/gcc/arm-none-eabi/4.9.2/../../../../arm-none-eabi/lib/thumb/libg.a(lib_a-impure.o)
 .text          0x0800d1ec      0x96c /home/tolm/dev/GBA/devkitPro/devkitARM/bin/../lib/gcc/arm-none-eabi/4.9.2/../../../../arm-none-eabi/lib/thumb/libg.a(lib_a-locale.o)
                0x0800d8d0                _setlocale_r
                0x0800daf8                __locale_charset
                0x0800db00                __locale_mb_cur_max
                0x0800db0c                __locale_msgcharset
                0x0800db18                __locale_cjk_lang
                0x0800db24                _localeconv_r
                0x0800db30                setlocale
                0x0800db4c                localeconv
 .text          0x0800db58      0x5f0 /home/tolm/dev/GBA/devkitPro/devkitARM/bin/../lib/gcc/arm-none-eabi/4.9.2/../../../../arm-none-eabi/lib/thumb/libg.a(lib_a-mbtowc_r.o)
                0x0800db58                __utf8_mbtowc
                0x0800de14                _mbtowc_r
                0x0800de50                __ascii_mbtowc
                0x0800de7c                __sjis_mbtowc
                0x0800df30                __eucjp_mbtowc
                0x0800e000                __jis_mbtowc
 .text          0x0800e148       0x8c /home/tolm/dev/GBA/devkitPro/devkitARM/bin/../lib/gcc/arm-none-eabi/4.9.2/../../../../arm-none-eabi/lib/thumb/libg.a(lib_a-memchr-stub.o)
                0x0800e148                memchr
 *fill*         0x0800e1d4        0x4 ff
 .text          0x0800e1d8      0x9c0 /home/tolm/dev/GBA/devkitPro/devkitARM/bin/../lib/gcc/arm-none-eabi/4.9.2/../../../../arm-none-eabi/lib/thumb/libg.a(lib_a-mprec.o)
                0x0800e1d8                _Balloc
                0x0800e22c                _Bfree
                0x0800e240                __multadd
                0x0800e2dc                __s2b
                0x0800e378                __hi0bits
                0x0800e3b4                __lo0bits
                0x0800e410                __i2b
                0x0800e428                __multiply
                0x0800e590                __pow5mult
                0x0800e650                __lshift
                0x0800e720                __mcmp
                0x0800e75c                __mdiff
                0x0800e848                __ulp
                0x0800e898                __b2d
                0x0800e978                __d2b
                0x0800ea38                __ratio
                0x0800eaac                _mprec_log10
                0x0800eaec                __copybits
                0x0800eb30                __any_on
 .text          0x0800eb98       0x5c /home/tolm/dev/GBA/devkitPro/devkitARM/bin/../lib/gcc/arm-none-eabi/4.9.2/../../../../arm-none-eabi/lib/thumb/libg.a(lib_a-s_fpclassify.o)
                0x0800eb98                __fpclassifyd
 *fill*         0x0800ebf4        0x4 ff
 .text          0x0800ebf8       0x80 /home/tolm/dev/GBA/devkitPro/devkitARM/bin/../lib/gcc/arm-none-eabi/4.9.2/../../../../arm-none-eabi/lib/thumb/libg.a(lib_a-s_frexp.o)
                0x0800ebf8                frexp
 .text          0x0800ec78       0x58 /home/tolm/dev/GBA/devkitPro/devkitARM/bin/../lib/gcc/arm-none-eabi/4.9.2/../../../../arm-none-eabi/lib/thumb/libg.a(lib_a-strcasecmp.o)
                0x0800ec78                strcasecmp
 .text          0x0800ecd0       0x54 /home/tolm/dev/GBA/devkitPro/devkitARM/bin/../lib/gcc/arm-none-eabi/4.9.2/../../../../arm-none-eabi/lib/thumb/libg.a(lib_a-strcat.o)
                0x0800ecd0                strcat
 .text          0x0800ed24       0xdc /home/tolm/dev/GBA/devkitPro/devkitARM/bin/../lib/gcc/arm-none-eabi/4.9.2/../../../../arm-none-eabi/lib/thumb/libg.a(lib_a-strchr.o)
                0x0800ed24                strchr
 .text          0x0800ee00       0x10 /home/tolm/dev/GBA/devkitPro/devkitARM/bin/../lib/gcc/arm-none-eabi/4.9.2/../../../../arm-none-eabi/lib/thumb/libg.a(lib_a-strcpy.o)
                0x0800ee00                strcpy
 .text          0x0800ee10       0x4c /home/tolm/dev/GBA/devkitPro/devkitARM/bin/../lib/gcc/arm-none-eabi/4.9.2/../../../../arm-none-eabi/lib/thumb/libg.a(lib_a-strlcpy.o)
                0x0800ee10                strlcpy
 .text          0x0800ee5c       0x10 /home/tolm/dev/GBA/devkitPro/devkitARM/bin/../lib/gcc/arm-none-eabi/4.9.2/../../../../arm-none-eabi/lib/thumb/libg.a(lib_a-strlen.o)
                0x0800ee5c                strlen
 .text          0x0800ee6c       0x5c /home/tolm/dev/GBA/devkitPro/devkitARM/bin/../lib/gcc/arm-none-eabi/4.9.2/../../../../arm-none-eabi/lib/thumb/libg.a(lib_a-strncasecmp.o)
                0x0800ee6c                strncasecmp
 .text          0x0800eec8       0x98 /home/tolm/dev/GBA/devkitPro/devkitARM/bin/../lib/gcc/arm-none-eabi/4.9.2/../../../../arm-none-eabi/lib/thumb/libg.a(lib_a-strncmp.o)
                0x0800eec8                strncmp
 .text          0x0800ef60       0x7c /home/tolm/dev/GBA/devkitPro/devkitARM/bin/../lib/gcc/arm-none-eabi/4.9.2/../../../../arm-none-eabi/lib/thumb/libg.a(lib_a-strncpy.o)
                0x0800ef60                strncpy
 .text          0x0800efdc      0x17c /home/tolm/dev/GBA/devkitPro/devkitARM/bin/../lib/gcc/arm-none-eabi/4.9.2/../../../../arm-none-eabi/lib/thumb/libg.a(lib_a-strtol.o)
                0x0800efdc                _strtol_r
                0x0800f138                strtol
 .text          0x0800f158     0x2368 /home/tolm/dev/GBA/devkitPro/devkitARM/bin/../lib/gcc/arm-none-eabi/4.9.2/../../../../arm-none-eabi/lib/thumb/libg.a(lib_a-svfiprintf.o)
                0x0800f608                __ssprint_r
                0x0800f73c                _svfiprintf_r
 .text          0x080114c0      0x13c /home/tolm/dev/GBA/devkitPro/devkitARM/bin/../lib/gcc/arm-none-eabi/4.9.2/../../../../arm-none-eabi/lib/thumb/libg.a(lib_a-wcsnrtombs.o)
                0x080114c0                _wcsnrtombs_r
                0x080115cc                wcsnrtombs
 .text          0x080115fc       0x64 /home/tolm/dev/GBA/devkitPro/devkitARM/bin/../lib/gcc/arm-none-eabi/4.9.2/../../../../arm-none-eabi/lib/thumb/libg.a(lib_a-callocr.o)
                0x080115fc                _calloc_r
 .text          0x08011660       0x10 /home/tolm/dev/GBA/devkitPro/devkitARM/bin/../lib/gcc/arm-none-eabi/4.9.2/../../../../arm-none-eabi/lib/thumb/libg.a(lib_a-ctype_.o)
                0x08011660                __set_ctype
 .text          0x08011670       0xa8 /home/tolm/dev/GBA/devkitPro/devkitARM/bin/../lib/gcc/arm-none-eabi/4.9.2/../../../../arm-none-eabi/lib/thumb/libg.a(lib_a-getenv_r.o)
                0x08011670                _findenv_r
                0x08011708                _getenv_r
 .text          0x08011718       0x9c /home/tolm/dev/GBA/devkitPro/devkitARM/bin/../lib/gcc/arm-none-eabi/4.9.2/../../../../arm-none-eabi/lib/thumb/libg.a(lib_a-memmove.o)
                0x08011718                memmove
 .text          0x080117b4      0x3dc /home/tolm/dev/GBA/devkitPro/devkitARM/bin/../lib/gcc/arm-none-eabi/4.9.2/../../../../arm-none-eabi/lib/thumb/libg.a(lib_a-reallocr.o)
                0x080117b4                _realloc_r
 .text          0x08011b90        0x0 /home/tolm/dev/GBA/devkitPro/devkitARM/bin/../lib/gcc/arm-none-eabi/4.9.2/../../../../arm-none-eabi/lib/thumb/libg.a(lib_a-environ.o)
 .text          0x08011b90        0x8 /home/tolm/dev/GBA/devkitPro/devkitARM/bin/../lib/gcc/arm-none-eabi/4.9.2/../../../../arm-none-eabi/lib/thumb/libg.a(lib_a-envlock.o)
                0x08011b90                __env_lock
                0x08011b94                __env_unlock
 .text          0x08011b98       0x54 /home/tolm/dev/GBA/devkitPro/devkitARM/bin/../lib/gcc/arm-none-eabi/4.9.2/../../../../arm-none-eabi/lib/thumb/libsysbase.a(sbrk.o)
                0x08011b98                _sbrk_r
 .text          0x08011bec        0x0 /home/tolm/dev/GBA/devkitPro/devkitARM/bin/../lib/gcc/arm-none-eabi/4.9.2/../../../../arm-none-eabi/lib/thumb/libsysbase.a(malloc_vars.o)
 .text          0x08011bec      0x144 /home/tolm/dev/GBA/devkitPro/devkitARM/bin/../lib/gcc/arm-none-eabi/4.9.2/thumb/libgcc.a(_arm_cmpdf2.o)
                0x08011bec                __gtdf2
                0x08011bec                __gedf2
                0x08011bf4                __ltdf2
                0x08011bf4                __ledf2
                0x08011bfc                __cmpdf2
                0x08011bfc                __eqdf2
                0x08011bfc                __nedf2
                0x08011c84                __aeabi_cdrcmple
                0x08011ca0                __aeabi_cdcmple
                0x08011ca0                __aeabi_cdcmpeq
                0x08011cb8                __aeabi_dcmpeq
                0x08011cd0                __aeabi_dcmplt
                0x08011ce8                __aeabi_dcmple
                0x08011d00                __aeabi_dcmpge
                0x08011d18                __aeabi_dcmpgt
 .text          0x08011d30       0x3c /home/tolm/dev/GBA/devkitPro/devkitARM/bin/../lib/gcc/arm-none-eabi/4.9.2/thumb/libgcc.a(_aeabi_uldivmod.o)
                0x08011d30                __aeabi_uldivmod
 .text          0x08011d6c       0x60 /home/tolm/dev/GBA/devkitPro/devkitARM/bin/../lib/gcc/arm-none-eabi/4.9.2/thumb/libgcc.a(_muldi3.o)
                0x08011d6c                __aeabi_lmul
                0x08011d6c                __muldi3
 .text          0x08011dcc       0x74 /home/tolm/dev/GBA/devkitPro/devkitARM/bin/../lib/gcc/arm-none-eabi/4.9.2/thumb/libgcc.a(bpabi.o)
                0x08011dcc                __gnu_ldivmod_helper
                0x08011e08                __gnu_uldivmod_helper
 .text          0x08011e40      0x1f4 /home/tolm/dev/GBA/devkitPro/devkitARM/bin/../lib/gcc/arm-none-eabi/4.9.2/thumb/libgcc.a(_divdi3.o)
                0x08011e40                __divdi3
 .text          0x08012034      0x15c /home/tolm/dev/GBA/devkitPro/devkitARM/bin/../lib/gcc/arm-none-eabi/4.9.2/thumb/libgcc.a(_udivdi3.o)
                0x08012034                __udivdi3
 .text          0x08012190       0x28 /home/tolm/dev/GBA/devkitPro/devkitARM/bin/../lib/gcc/arm-none-eabi/4.9.2/thumb/libgcc.a(_clzdi2.o)
                0x08012190                __clzdi2
 .text          0x080121b8       0x48 /home/tolm/dev/GBA/devkitPro/devkitARM/bin/../lib/gcc/arm-none-eabi/4.9.2/thumb/libgcc.a(_clzsi2.o)
                0x080121b8                __clzsi2
 .text          0x08012200        0x0 /home/tolm/dev/GBA/devkitPro/devkitARM/bin/../lib/gcc/arm-none-eabi/4.9.2/thumb/crtend.o
 .text          0x08012200        0x0 /home/tolm/dev/GBA/devkitPro/devkitARM/bin/../lib/gcc/arm-none-eabi/4.9.2/thumb/crtn.o
 *(.text .stub .text.* .gnu.linkonce.t.*)
 .text.startup  0x08012200       0x90 drum.o
                0x08012200                main
 .text.startup.__stub
                0x08012290      0x104 linker stubs
 *(.text.*personality*)
 *(.gnu.warning)
 *(.glue_7t)
 .glue_7t       0x00000000        0x0 linker stubs
 *(.glue_7)
 .glue_7        0x00000000        0x0 linker stubs
 *(.vfp11_veneer)
 .vfp11_veneer  0x00000000        0x0 linker stubs
                0x08012394                . = ALIGN (0x4)
                0x08012394                __text_end = .

.v4_bx          0x080123a0        0x0
 .v4_bx         0x00000000        0x0 linker stubs

.iplt           0x080123a0        0x0
 .iplt          0x00000000        0x0 /home/tolm/dev/GBA/devkitPro/devkitARM/bin/../lib/gcc/arm-none-eabi/4.9.2/../../../../arm-none-eabi/lib/thumb/gba_crt0.o

.fini           0x080123a0        0xc
 *(.fini)
 .fini          0x080123a0        0x4 /home/tolm/dev/GBA/devkitPro/devkitARM/bin/../lib/gcc/arm-none-eabi/4.9.2/thumb/crti.o
                0x080123a0                _fini
 .fini          0x080123a4        0x8 /home/tolm/dev/GBA/devkitPro/devkitARM/bin/../lib/gcc/arm-none-eabi/4.9.2/thumb/crtn.o
                0x080123ac                . = ALIGN (0x4)

.rodata         0x080123b0    0xf9fcc
 *(.rodata)
 .rodata        0x080123b0      0xc04 r6502_portfont.bin.o
                0x080123b0                r6502_portfont_bin
                0x08012fb0                r6502_portfont_bin_size
                0x08012fb0                r6502_portfont_bin_end
 .rodata        0x08012fb4      0xc04 r6502_portfont_original.bin.o
                0x08012fb4                r6502_portfont_original_bin
                0x08013bb4                r6502_portfont_original_bin_end
                0x08013bb4                r6502_portfont_original_bin_size
 .rodata        0x08013bb8    0xf7330 soundbank.bin.o
                0x08013bb8                soundbank_bin
                0x0810aee4                soundbank_bin_end
                0x0810aee4                soundbank_bin_size
 .rodata        0x0810aee8      0x13c drum.o
                0x0810aefc                pitch_table
                0x0810af60                palettes
                0x0810b008                note_table
 .rodata        0x0810b024      0x384 /home/tolm/dev/GBA/devkitPro/devkitARM/bin/../lib/gcc/arm-none-eabi/4.9.2/../../../../arm-none-eabi/lib/thumb/libg.a(lib_a-svfprintf.o)
 .rodata        0x0810b3a8        0x4 /home/tolm/dev/GBA/devkitPro/devkitARM/bin/../lib/gcc/arm-none-eabi/4.9.2/../../../../arm-none-eabi/lib/thumb/libg.a(lib_a-impure.o)
                0x0810b3a8                _global_impure_ptr
 .rodata        0x0810b3ac       0xf0 /home/tolm/dev/GBA/devkitPro/devkitARM/bin/../lib/gcc/arm-none-eabi/4.9.2/../../../../arm-none-eabi/lib/thumb/libg.a(lib_a-locale.o)
 .rodata        0x0810b49c       0xa8 /home/tolm/dev/GBA/devkitPro/devkitARM/bin/../lib/gcc/arm-none-eabi/4.9.2/../../../../arm-none-eabi/lib/thumb/libg.a(lib_a-mbtowc_r.o)
 *fill*         0x0810b544        0x4 ff
 .rodata        0x0810b548      0x128 /home/tolm/dev/GBA/devkitPro/devkitARM/bin/../lib/gcc/arm-none-eabi/4.9.2/../../../../arm-none-eabi/lib/thumb/libg.a(lib_a-mprec.o)
                0x0810b558                __mprec_tens
                0x0810b620                __mprec_tinytens
                0x0810b648                __mprec_bigtens
 .rodata        0x0810b670      0x55c /home/tolm/dev/GBA/devkitPro/devkitARM/bin/../lib/gcc/arm-none-eabi/4.9.2/../../../../arm-none-eabi/lib/thumb/libg.a(lib_a-svfiprintf.o)
                0x0810b9d4                __chclass
                0x0810bad4                __state_table
                0x0810bb40                __action_table
 .rodata        0x0810bbcc      0x104 /home/tolm/dev/GBA/devkitPro/devkitARM/bin/../lib/gcc/arm-none-eabi/4.9.2/../../../../arm-none-eabi/lib/thumb/libg.a(lib_a-ctype_.o)
                0x0810bbcc                _ctype_
 *all.rodata*(*)
 *(.roda)
 *(.rodata.*)
 .rodata.str1.4
                0x0810bcd0      0x52a drum.o
                                0x538 (size before relaxing)
 *fill*         0x0810c1fa        0x2 ff
 .rodata.str1.4
                0x0810c1fc       0x42 /home/tolm/dev/GBA/devkitPro/devkitARM/bin/../lib/gcc/arm-none-eabi/4.9.2/../../../../arm-none-eabi/lib/thumb/libg.a(lib_a-svfprintf.o)
                                 0x44 (size before relaxing)
 *fill*         0x0810c23e        0x2 ff
 .rodata.str1.4
                0x0810c240       0x10 /home/tolm/dev/GBA/devkitPro/devkitARM/bin/../lib/gcc/arm-none-eabi/4.9.2/../../../../arm-none-eabi/lib/thumb/libg.a(lib_a-dtoa.o)
                                 0x14 (size before relaxing)
 .rodata.str1.4
                0x0810c250        0x2 /home/tolm/dev/GBA/devkitPro/devkitARM/bin/../lib/gcc/arm-none-eabi/4.9.2/../../../../arm-none-eabi/lib/thumb/libg.a(lib_a-impure.o)
                                  0x4 (size before relaxing)
 *fill*         0x0810c252        0x2 ff
 .rodata.str1.4
                0x0810c254      0x128 /home/tolm/dev/GBA/devkitPro/devkitARM/bin/../lib/gcc/arm-none-eabi/4.9.2/../../../../arm-none-eabi/lib/thumb/libg.a(lib_a-locale.o)
                                0x130 (size before relaxing)
 .rodata.str1.4
                0x00000000       0x30 /home/tolm/dev/GBA/devkitPro/devkitARM/bin/../lib/gcc/arm-none-eabi/4.9.2/../../../../arm-none-eabi/lib/thumb/libg.a(lib_a-svfiprintf.o)
 *(.gnu.linkonce.r*)
                0x0810c37c                . = ALIGN (0x4)

.ARM.extab
 *(.ARM.extab* .gnu.linkonce.armextab.*)
                0x0810c37c                __exidx_start = .

.ARM.exidx
 *(.ARM.exidx* .gnu.linkonce.armexidx.*)
                0x0810c37c                __exidx_end = .

.ctors          0x0810c37c        0x0
 *crtbegin.o(.ctors)
 *(EXCLUDE_FILE(*crtend.o) .ctors)
 *(SORT(.ctors.*))
 *(.ctors)
                0x0810c37c                . = ALIGN (0x4)

.dtors          0x0810c37c        0x0
 *crtbegin.o(.dtors)
 *(EXCLUDE_FILE(*crtend.o) .dtors)
 *(SORT(.dtors.*))
 *(.dtors)
                0x0810c37c                . = ALIGN (0x4)

.eh_frame       0x0810c37c        0x4
 *(.eh_frame)
 .eh_frame      0x0810c37c        0x0 /home/tolm/dev/GBA/devkitPro/devkitARM/bin/../lib/gcc/arm-none-eabi/4.9.2/thumb/crtbegin.o
 .eh_frame      0x0810c37c        0x4 /home/tolm/dev/GBA/devkitPro/devkitARM/bin/../lib/gcc/arm-none-eabi/4.9.2/thumb/crtend.o
                0x0810c380                . = ALIGN (0x4)

.gcc_except_table
                0x0810c380        0x0
 *(.gcc_except_table)
                0x0810c380                . = ALIGN (0x4)
                0x0810c380                __iwram_lma = .

.iwram          0x03000000     0x19e8 load address 0x0810c380
                0x03000000                __iwram_start__ = ABSOLUTE (.)
 *(.iwram)
 .iwram         0x03000000      0x4bc drum.o
                0x03000000                vblank_interrupt
                0x03000018                play_column
                0x0300037c                draw_pattern
                0x03000394                timer3_interrupt
                0x030003ec                gpio_interrupt
                0x03000440                serial_interrupt
 .iwram         0x030004bc        0x8 /home/tolm/dev/GBA/devkitPro/libgba/lib/libmm.a(mm_main.o)
                0x030004bc                mpp_call_r7i
                0x030004be                mpp_call_r2i
                0x030004c0                mpp_call_r1i
 .iwram         0x030004c4      0x648 /home/tolm/dev/GBA/devkitPro/libgba/lib/libmm.a(mm_mas_arm.o)
                0x030004c4                mmAllocChannel
                0x03000538                mmReadPattern
                0x03000624                mmUpdateChannel_T0
                0x03000864                mmUpdateChannel_TN
                0x03000a04                mmGetPeriod
                0x03000a48                note_table_oct
                0x03000a66                note_table_mod
 .iwram         0x03000b0c      0x554 /home/tolm/dev/GBA/devkitPro/libgba/lib/libmm.a(mm_mas.o)
                0x03000b0c                mppProcessTick
                0x03000bf0                mpp_Channel_NewNote
                0x03000cd0                mpp_Update_ACHN_notest
 .iwram         0x03001060      0x838 /home/tolm/dev/GBA/devkitPro/libgba/lib/libmm.a(mm_mixer_gba.o)
                0x03001064                mmVBlank
                0x030010e8                mmMixerMix
 .iwram         0x03001898       0xb8 /home/tolm/dev/GBA/devkitPro/libgba/lib/libgba.a(InterruptDispatcher.o)
                0x03001898                IntrMain
 .iwram.__stub  0x03001950       0x90 linker stubs
 *iwram.*(.text)
                0x030019e0                . = ALIGN (0x4)
                0x030019e0                __iwram_end__ = ABSOLUTE (.)
                0x0810dd68                __data_lma = (__iwram_lma + SIZEOF (.iwram))

.rel.dyn        0x030019e8        0x0 load address 0x0810dd68
 .rel.iplt      0x00000000        0x0 /home/tolm/dev/GBA/devkitPro/devkitARM/bin/../lib/gcc/arm-none-eabi/4.9.2/../../../../arm-none-eabi/lib/thumb/gba_crt0.o

.bss            0x030019e8      0xdf8
                0x030019e8                __bss_start = ABSOLUTE (.)
                0x030019e8                __bss_start__ = ABSOLUTE (.)
 *(.dynbss)
 *(.gnu.linkonce.b*)
 *(.bss*)
 .bss           0x030019e8        0x0 /home/tolm/dev/GBA/devkitPro/devkitARM/bin/../lib/gcc/arm-none-eabi/4.9.2/../../../../arm-none-eabi/lib/thumb/gba_crt0.o
 .bss           0x030019e8        0x0 /home/tolm/dev/GBA/devkitPro/devkitARM/bin/../lib/gcc/arm-none-eabi/4.9.2/thumb/crti.o
 .bss           0x030019e8       0x1c /home/tolm/dev/GBA/devkitPro/devkitARM/bin/../lib/gcc/arm-none-eabi/4.9.2/thumb/crtbegin.o
 .bss           0x03001a04        0x0 r6502_portfont.bin.o
 .bss           0x03001a04        0x0 r6502_portfont_original.bin.o
 .bss           0x03001a04        0x0 soundbank.bin.o
 .bss           0x03001a04       0x2c drum.o
                0x03001a04                order_page
                0x03001a08                draw_flag
                0x03001a0c                xmod
                0x03001a10                current_pattern_index
                0x03001a14                status
                0x03001a18                last_xmod
                0x03001a1c                last_column
                0x03001a20                play
                0x03001a24                current_ticks
                0x03001a28                tick_or_tock
                0x03001a2c                serial_ticks
 .bss           0x03001a30       0x30 /home/tolm/dev/GBA/devkitPro/libgba/lib/libmm.a(mm_effect.o)
                0x03001a54                mm_sfx_bitmask
                0x03001a58                mm_sfx_clearmask
 .bss           0x03001a60       0x20 /home/tolm/dev/GBA/devkitPro/libgba/lib/libmm.a(mm_main.o)
                0x03001a60                mmCallback
                0x03001a64                mmModuleCount
                0x03001a68                mmModuleBank
                0x03001a6c                mmSampleBank
                0x03001a70                mm_ch_mask
                0x03001a74                mm_vblank_function
                0x03001a78                mmInitialized
                0x03001a7c                mp_solution
 .bss           0x03001a80        0x0 /home/tolm/dev/GBA/devkitPro/libgba/lib/libmm.a(mm_mas_arm.o)
 .bss           0x03001a80      0x148 /home/tolm/dev/GBA/devkitPro/libgba/lib/libmm.a(mm_mas.o)
                0x03001a80                mmLayerMain
                0x03001ab8                mmLayerSub
                0x03001af0                mpp_vars
                0x03001b00                mpp_layerp
                0x03001b04                mpp_channels
                0x03001b14                mpp_nchannels
                0x03001b15                mpp_clayer
                0x03001b18                mm_achannels
                0x03001b1c                mm_pchannels
                0x03001b20                mm_num_mch
                0x03001b24                mm_num_ach
                0x03001b28                mm_schannels
 .bss           0x03001bc8      0x420 /home/tolm/dev/GBA/devkitPro/libgba/lib/libmm.a(mm_init_default.o)
 .bss           0x03001fe8      0x1bc /home/tolm/dev/GBA/devkitPro/libgba/lib/libmm.a(mm_mixer_gba.o)
                0x03001fe8                mp_writepos
                0x03001ff0                mm_mixchannels
                0x03001ff8                mm_mixlen
                0x0300200c                mm_bpmdv
                0x03002010                mp_mix_seg
 .bss           0x030021a4        0x0 /home/tolm/dev/GBA/devkitPro/libgba/lib/libgba.a(CpuSet.o)
 .bss           0x030021a4        0xc /home/tolm/dev/GBA/devkitPro/libgba/lib/libgba.a(input.o)
 .bss           0x030021b0        0x0 /home/tolm/dev/GBA/devkitPro/libgba/lib/libgba.a(interrupt.o)
 .bss           0x030021b0        0x0 /home/tolm/dev/GBA/devkitPro/libgba/lib/libgba.a(InterruptDispatcher.o)
 .bss           0x030021b0        0x0 /home/tolm/dev/GBA/devkitPro/devkitARM/bin/../lib/gcc/arm-none-eabi/4.9.2/thumb/libgcc.a(_udivsi3.o)
 .bss           0x030021b0        0x0 /home/tolm/dev/GBA/devkitPro/devkitARM/bin/../lib/gcc/arm-none-eabi/4.9.2/thumb/libgcc.a(_divsi3.o)
 .bss           0x030021b0        0x0 /home/tolm/dev/GBA/devkitPro/devkitARM/bin/../lib/gcc/arm-none-eabi/4.9.2/thumb/libgcc.a(_dvmd_tls.o)
 .bss           0x030021b0        0x0 /home/tolm/dev/GBA/devkitPro/devkitARM/bin/../lib/gcc/arm-none-eabi/4.9.2/thumb/libgcc.a(_call_via_rX.o)
 .bss           0x030021b0        0x0 /home/tolm/dev/GBA/devkitPro/devkitARM/bin/../lib/gcc/arm-none-eabi/4.9.2/thumb/libgcc.a(_arm_addsubdf3.o)
 .bss           0x030021b0        0x0 /home/tolm/dev/GBA/devkitPro/devkitARM/bin/../lib/gcc/arm-none-eabi/4.9.2/thumb/libgcc.a(_arm_muldivdf3.o)
 .bss           0x030021b0        0x0 /home/tolm/dev/GBA/devkitPro/devkitARM/bin/../lib/gcc/arm-none-eabi/4.9.2/thumb/libgcc.a(_arm_fixdfsi.o)
 .bss           0x030021b0        0x0 /home/tolm/dev/GBA/devkitPro/devkitARM/bin/../lib/gcc/arm-none-eabi/4.9.2/thumb/libgcc.a(_arm_addsubsf3.o)
 .bss           0x030021b0        0x0 /home/tolm/dev/GBA/devkitPro/devkitARM/bin/../lib/gcc/arm-none-eabi/4.9.2/thumb/libgcc.a(_arm_muldivsf3.o)
 .bss           0x030021b0        0x0 /home/tolm/dev/GBA/devkitPro/devkitARM/bin/../lib/gcc/arm-none-eabi/4.9.2/thumb/libgcc.a(_arm_cmpsf2.o)
 .bss           0x030021b0        0x0 /home/tolm/dev/GBA/devkitPro/devkitARM/bin/../lib/gcc/arm-none-eabi/4.9.2/thumb/libgcc.a(_arm_fixsfsi.o)
 .bss           0x030021b0        0x0 /home/tolm/dev/GBA/devkitPro/devkitARM/bin/../lib/gcc/arm-none-eabi/4.9.2/../../../../arm-none-eabi/lib/thumb/libg.a(lib_a-init.o)
 .bss           0x030021b0        0x0 /home/tolm/dev/GBA/devkitPro/devkitARM/bin/../lib/gcc/arm-none-eabi/4.9.2/../../../../arm-none-eabi/lib/thumb/libg.a(lib_a-malloc.o)
 .bss           0x030021b0       0x34 /home/tolm/dev/GBA/devkitPro/devkitARM/bin/../lib/gcc/arm-none-eabi/4.9.2/../../../../arm-none-eabi/lib/thumb/libg.a(lib_a-mallocr.o)
                0x030021b0                __malloc_top_pad
                0x030021b4                __malloc_current_mallinfo
                0x030021dc                __malloc_max_sbrked_mem
                0x030021e0                __malloc_max_total_mem
 .bss           0x030021e4        0x0 /home/tolm/dev/GBA/devkitPro/devkitARM/bin/../lib/gcc/arm-none-eabi/4.9.2/../../../../arm-none-eabi/lib/thumb/libg.a(lib_a-memcpy-stub.o)
 .bss           0x030021e4        0x0 /home/tolm/dev/GBA/devkitPro/devkitARM/bin/../lib/gcc/arm-none-eabi/4.9.2/../../../../arm-none-eabi/lib/thumb/libg.a(lib_a-memset.o)
 .bss           0x030021e4        0x0 /home/tolm/dev/GBA/devkitPro/devkitARM/bin/../lib/gcc/arm-none-eabi/4.9.2/../../../../arm-none-eabi/lib/thumb/libg.a(lib_a-mlock.o)
 .bss           0x030021e4        0x0 /home/tolm/dev/GBA/devkitPro/devkitARM/bin/../lib/gcc/arm-none-eabi/4.9.2/../../../../arm-none-eabi/lib/thumb/libg.a(lib_a-rand.o)
 .bss           0x030021e4        0x0 /home/tolm/dev/GBA/devkitPro/devkitARM/bin/../lib/gcc/arm-none-eabi/4.9.2/../../../../arm-none-eabi/lib/thumb/libg.a(lib_a-sprintf.o)
 .bss           0x030021e4        0x0 /home/tolm/dev/GBA/devkitPro/devkitARM/bin/../lib/gcc/arm-none-eabi/4.9.2/../../../../arm-none-eabi/lib/thumb/libg.a(lib_a-strcmp.o)
 .bss           0x030021e4        0x0 /home/tolm/dev/GBA/devkitPro/devkitARM/bin/../lib/gcc/arm-none-eabi/4.9.2/../../../../arm-none-eabi/lib/thumb/libg.a(lib_a-svfprintf.o)
 .bss           0x030021e4        0x0 /home/tolm/dev/GBA/devkitPro/devkitARM/bin/../lib/gcc/arm-none-eabi/4.9.2/../../../../arm-none-eabi/lib/thumb/libg.a(lib_a-wcrtomb.o)
 .bss           0x030021e4        0x0 /home/tolm/dev/GBA/devkitPro/devkitARM/bin/../lib/gcc/arm-none-eabi/4.9.2/../../../../arm-none-eabi/lib/thumb/libg.a(lib_a-wcsrtombs.o)
 .bss           0x030021e4        0x0 /home/tolm/dev/GBA/devkitPro/devkitARM/bin/../lib/gcc/arm-none-eabi/4.9.2/../../../../arm-none-eabi/lib/thumb/libg.a(lib_a-wctomb_r.o)
 .bss           0x030021e4        0x0 /home/tolm/dev/GBA/devkitPro/devkitARM/bin/../lib/gcc/arm-none-eabi/4.9.2/../../../../arm-none-eabi/lib/thumb/libg.a(lib_a-dtoa.o)
 .bss           0x030021e4        0x0 /home/tolm/dev/GBA/devkitPro/devkitARM/bin/../lib/gcc/arm-none-eabi/4.9.2/../../../../arm-none-eabi/lib/thumb/libg.a(lib_a-freer.o)
 .bss           0x030021e4        0x0 /home/tolm/dev/GBA/devkitPro/devkitARM/bin/../lib/gcc/arm-none-eabi/4.9.2/../../../../arm-none-eabi/lib/thumb/libg.a(lib_a-impure.o)
 .bss           0x030021e4      0x2b8 /home/tolm/dev/GBA/devkitPro/devkitARM/bin/../lib/gcc/arm-none-eabi/4.9.2/../../../../arm-none-eabi/lib/thumb/libg.a(lib_a-locale.o)
                0x03002490                _PathLocale
                0x03002494                __mlocale_changed
                0x03002498                __nlocale_changed
 .bss           0x0300249c        0x0 /home/tolm/dev/GBA/devkitPro/devkitARM/bin/../lib/gcc/arm-none-eabi/4.9.2/../../../../arm-none-eabi/lib/thumb/libg.a(lib_a-mbtowc_r.o)
 .bss           0x0300249c        0x0 /home/tolm/dev/GBA/devkitPro/devkitARM/bin/../lib/gcc/arm-none-eabi/4.9.2/../../../../arm-none-eabi/lib/thumb/libg.a(lib_a-memchr-stub.o)
 .bss           0x0300249c        0x0 /home/tolm/dev/GBA/devkitPro/devkitARM/bin/../lib/gcc/arm-none-eabi/4.9.2/../../../../arm-none-eabi/lib/thumb/libg.a(lib_a-mprec.o)
 .bss           0x0300249c        0x0 /home/tolm/dev/GBA/devkitPro/devkitARM/bin/../lib/gcc/arm-none-eabi/4.9.2/../../../../arm-none-eabi/lib/thumb/libg.a(lib_a-s_fpclassify.o)
 .bss           0x0300249c        0x0 /home/tolm/dev/GBA/devkitPro/devkitARM/bin/../lib/gcc/arm-none-eabi/4.9.2/../../../../arm-none-eabi/lib/thumb/libg.a(lib_a-s_frexp.o)
 .bss           0x0300249c        0x0 /home/tolm/dev/GBA/devkitPro/devkitARM/bin/../lib/gcc/arm-none-eabi/4.9.2/../../../../arm-none-eabi/lib/thumb/libg.a(lib_a-strcasecmp.o)
 .bss           0x0300249c        0x0 /home/tolm/dev/GBA/devkitPro/devkitARM/bin/../lib/gcc/arm-none-eabi/4.9.2/../../../../arm-none-eabi/lib/thumb/libg.a(lib_a-strcat.o)
 .bss           0x0300249c        0x0 /home/tolm/dev/GBA/devkitPro/devkitARM/bin/../lib/gcc/arm-none-eabi/4.9.2/../../../../arm-none-eabi/lib/thumb/libg.a(lib_a-strchr.o)
 .bss           0x0300249c        0x0 /home/tolm/dev/GBA/devkitPro/devkitARM/bin/../lib/gcc/arm-none-eabi/4.9.2/../../../../arm-none-eabi/lib/thumb/libg.a(lib_a-strcpy.o)
 .bss           0x0300249c        0x0 /home/tolm/dev/GBA/devkitPro/devkitARM/bin/../lib/gcc/arm-none-eabi/4.9.2/../../../../arm-none-eabi/lib/thumb/libg.a(lib_a-strlcpy.o)
 .bss           0x0300249c        0x0 /home/tolm/dev/GBA/devkitPro/devkitARM/bin/../lib/gcc/arm-none-eabi/4.9.2/../../../../arm-none-eabi/lib/thumb/libg.a(lib_a-strlen.o)
 .bss           0x0300249c        0x0 /home/tolm/dev/GBA/devkitPro/devkitARM/bin/../lib/gcc/arm-none-eabi/4.9.2/../../../../arm-none-eabi/lib/thumb/libg.a(lib_a-strncasecmp.o)
 .bss           0x0300249c        0x0 /home/tolm/dev/GBA/devkitPro/devkitARM/bin/../lib/gcc/arm-none-eabi/4.9.2/../../../../arm-none-eabi/lib/thumb/libg.a(lib_a-strncmp.o)
 .bss           0x0300249c        0x0 /home/tolm/dev/GBA/devkitPro/devkitARM/bin/../lib/gcc/arm-none-eabi/4.9.2/../../../../arm-none-eabi/lib/thumb/libg.a(lib_a-strncpy.o)
 .bss           0x0300249c        0x0 /home/tolm/dev/GBA/devkitPro/devkitARM/bin/../lib/gcc/arm-none-eabi/4.9.2/../../../../arm-none-eabi/lib/thumb/libg.a(lib_a-strtol.o)
 .bss           0x0300249c        0x0 /home/tolm/dev/GBA/devkitPro/devkitARM/bin/../lib/gcc/arm-none-eabi/4.9.2/../../../../arm-none-eabi/lib/thumb/libg.a(lib_a-svfiprintf.o)
 .bss           0x0300249c        0x0 /home/tolm/dev/GBA/devkitPro/devkitARM/bin/../lib/gcc/arm-none-eabi/4.9.2/../../../../arm-none-eabi/lib/thumb/libg.a(lib_a-wcsnrtombs.o)
 .bss           0x0300249c        0x0 /home/tolm/dev/GBA/devkitPro/devkitARM/bin/../lib/gcc/arm-none-eabi/4.9.2/../../../../arm-none-eabi/lib/thumb/libg.a(lib_a-callocr.o)
 .bss           0x0300249c        0x0 /home/tolm/dev/GBA/devkitPro/devkitARM/bin/../lib/gcc/arm-none-eabi/4.9.2/../../../../arm-none-eabi/lib/thumb/libg.a(lib_a-ctype_.o)
 .bss           0x0300249c        0x0 /home/tolm/dev/GBA/devkitPro/devkitARM/bin/../lib/gcc/arm-none-eabi/4.9.2/../../../../arm-none-eabi/lib/thumb/libg.a(lib_a-getenv_r.o)
 .bss           0x0300249c        0x0 /home/tolm/dev/GBA/devkitPro/devkitARM/bin/../lib/gcc/arm-none-eabi/4.9.2/../../../../arm-none-eabi/lib/thumb/libg.a(lib_a-memmove.o)
 .bss           0x0300249c        0x0 /home/tolm/dev/GBA/devkitPro/devkitARM/bin/../lib/gcc/arm-none-eabi/4.9.2/../../../../arm-none-eabi/lib/thumb/libg.a(lib_a-reallocr.o)
 .bss           0x0300249c        0x4 /home/tolm/dev/GBA/devkitPro/devkitARM/bin/../lib/gcc/arm-none-eabi/4.9.2/../../../../arm-none-eabi/lib/thumb/libg.a(lib_a-environ.o)
 .bss           0x030024a0        0x0 /home/tolm/dev/GBA/devkitPro/devkitARM/bin/../lib/gcc/arm-none-eabi/4.9.2/../../../../arm-none-eabi/lib/thumb/libg.a(lib_a-envlock.o)
 .bss           0x030024a0        0x4 /home/tolm/dev/GBA/devkitPro/devkitARM/bin/../lib/gcc/arm-none-eabi/4.9.2/../../../../arm-none-eabi/lib/thumb/libsysbase.a(sbrk.o)
 .bss           0x030024a4        0x8 /home/tolm/dev/GBA/devkitPro/devkitARM/bin/../lib/gcc/arm-none-eabi/4.9.2/../../../../arm-none-eabi/lib/thumb/libsysbase.a(malloc_vars.o)
                0x030024a4                fake_heap_start
                0x030024a8                fake_heap_end
 .bss           0x030024ac        0x0 /home/tolm/dev/GBA/devkitPro/devkitARM/bin/../lib/gcc/arm-none-eabi/4.9.2/thumb/libgcc.a(_arm_cmpdf2.o)
 .bss           0x030024ac        0x0 /home/tolm/dev/GBA/devkitPro/devkitARM/bin/../lib/gcc/arm-none-eabi/4.9.2/thumb/libgcc.a(_aeabi_uldivmod.o)
 .bss           0x030024ac        0x0 /home/tolm/dev/GBA/devkitPro/devkitARM/bin/../lib/gcc/arm-none-eabi/4.9.2/thumb/libgcc.a(_muldi3.o)
 .bss           0x030024ac        0x0 /home/tolm/dev/GBA/devkitPro/devkitARM/bin/../lib/gcc/arm-none-eabi/4.9.2/thumb/libgcc.a(bpabi.o)
 .bss           0x030024ac        0x0 /home/tolm/dev/GBA/devkitPro/devkitARM/bin/../lib/gcc/arm-none-eabi/4.9.2/thumb/libgcc.a(_divdi3.o)
 .bss           0x030024ac        0x0 /home/tolm/dev/GBA/devkitPro/devkitARM/bin/../lib/gcc/arm-none-eabi/4.9.2/thumb/libgcc.a(_udivdi3.o)
 .bss           0x030024ac        0x0 /home/tolm/dev/GBA/devkitPro/devkitARM/bin/../lib/gcc/arm-none-eabi/4.9.2/thumb/libgcc.a(_clzdi2.o)
 .bss           0x030024ac        0x0 /home/tolm/dev/GBA/devkitPro/devkitARM/bin/../lib/gcc/arm-none-eabi/4.9.2/thumb/libgcc.a(_clzsi2.o)
 .bss           0x030024ac        0x0 /home/tolm/dev/GBA/devkitPro/devkitARM/bin/../lib/gcc/arm-none-eabi/4.9.2/thumb/crtend.o
 .bss           0x030024ac        0x0 /home/tolm/dev/GBA/devkitPro/devkitARM/bin/../lib/gcc/arm-none-eabi/4.9.2/thumb/crtn.o
 *(COMMON)
 COMMON         0x030024ac      0x2bc drum.o
                0x030024ac                string_buff
                0x030024e0                order_index
                0x030024e4                current_screen
                0x030024e8                cursor_y
                0x030024ec                active_sounds
                0x03002504                millis_between_ticks
                0x03002508                tocks
                0x0300250c                order_buff
                0x03002510                playing_pattern_index
                0x03002514                current_song
                0x03002518                ticks
                0x0300251c                pattern_buff
                0x0300275c                cursor_x
                0x03002760                name_index
                0x03002764                current_pattern
 COMMON         0x03002768       0x78 /home/tolm/dev/GBA/devkitPro/libgba/lib/libgba.a(interrupt.o)
                0x03002768                IntrTable
                0x030027e0                . = ALIGN (0x4)
                0x030027e0                __bss_end__ = ABSOLUTE (.)

.data           0x030027e0      0xa48 load address 0x0810dd68
                0x030027e0                __data_start__ = ABSOLUTE (.)
 *(.data)
 .data          0x030027e0        0x0 /home/tolm/dev/GBA/devkitPro/devkitARM/bin/../lib/gcc/arm-none-eabi/4.9.2/../../../../arm-none-eabi/lib/thumb/gba_crt0.o
 .data          0x030027e0        0x0 /home/tolm/dev/GBA/devkitPro/devkitARM/bin/../lib/gcc/arm-none-eabi/4.9.2/thumb/crti.o
 .data          0x030027e0        0x4 /home/tolm/dev/GBA/devkitPro/devkitARM/bin/../lib/gcc/arm-none-eabi/4.9.2/thumb/crtbegin.o
                0x030027e0                __dso_handle
 .data          0x030027e4        0x0 r6502_portfont.bin.o
 .data          0x030027e4        0x0 r6502_portfont_original.bin.o
 .data          0x030027e4        0x0 soundbank.bin.o
 .data          0x030027e4       0x70 drum.o
                0x030027e4                current_column
                0x030027e8                status_text
                0x0300280c                play_next
                0x03002810                pan_string
                0x0300281c                loop_mode_text
                0x03002824                sync_mode_text
                0x0300283c                help_text
                0x0300284c                sram
                0x03002850                ymod
 .data          0x03002854        0x0 /home/tolm/dev/GBA/devkitPro/libgba/lib/libmm.a(mm_effect.o)
 .data          0x03002854        0x0 /home/tolm/dev/GBA/devkitPro/libgba/lib/libmm.a(mm_main.o)
 .data          0x03002854        0x0 /home/tolm/dev/GBA/devkitPro/libgba/lib/libmm.a(mm_mas_arm.o)
 .data          0x03002854        0x0 /home/tolm/dev/GBA/devkitPro/libgba/lib/libmm.a(mm_mas.o)
 .data          0x03002854        0x0 /home/tolm/dev/GBA/devkitPro/libgba/lib/libmm.a(mm_init_default.o)
 .data          0x03002854        0x0 /home/tolm/dev/GBA/devkitPro/libgba/lib/libmm.a(mm_mixer_gba.o)
 .data          0x03002854        0x0 /home/tolm/dev/GBA/devkitPro/libgba/lib/libgba.a(CpuSet.o)
 .data          0x03002854        0x3 /home/tolm/dev/GBA/devkitPro/libgba/lib/libgba.a(input.o)
 .data          0x03002857        0x0 /home/tolm/dev/GBA/devkitPro/libgba/lib/libgba.a(interrupt.o)
 .data          0x03002857        0x0 /home/tolm/dev/GBA/devkitPro/libgba/lib/libgba.a(InterruptDispatcher.o)
 .data          0x03002857        0x0 /home/tolm/dev/GBA/devkitPro/devkitARM/bin/../lib/gcc/arm-none-eabi/4.9.2/thumb/libgcc.a(_udivsi3.o)
 .data          0x03002857        0x0 /home/tolm/dev/GBA/devkitPro/devkitARM/bin/../lib/gcc/arm-none-eabi/4.9.2/thumb/libgcc.a(_divsi3.o)
 .data          0x03002857        0x0 /home/tolm/dev/GBA/devkitPro/devkitARM/bin/../lib/gcc/arm-none-eabi/4.9.2/thumb/libgcc.a(_dvmd_tls.o)
 .data          0x03002857        0x0 /home/tolm/dev/GBA/devkitPro/devkitARM/bin/../lib/gcc/arm-none-eabi/4.9.2/thumb/libgcc.a(_call_via_rX.o)
 .data          0x03002857        0x0 /home/tolm/dev/GBA/devkitPro/devkitARM/bin/../lib/gcc/arm-none-eabi/4.9.2/thumb/libgcc.a(_arm_addsubdf3.o)
 .data          0x03002857        0x0 /home/tolm/dev/GBA/devkitPro/devkitARM/bin/../lib/gcc/arm-none-eabi/4.9.2/thumb/libgcc.a(_arm_muldivdf3.o)
 .data          0x03002857        0x0 /home/tolm/dev/GBA/devkitPro/devkitARM/bin/../lib/gcc/arm-none-eabi/4.9.2/thumb/libgcc.a(_arm_fixdfsi.o)
 .data          0x03002857        0x0 /home/tolm/dev/GBA/devkitPro/devkitARM/bin/../lib/gcc/arm-none-eabi/4.9.2/thumb/libgcc.a(_arm_addsubsf3.o)
 .data          0x03002857        0x0 /home/tolm/dev/GBA/devkitPro/devkitARM/bin/../lib/gcc/arm-none-eabi/4.9.2/thumb/libgcc.a(_arm_muldivsf3.o)
 .data          0x03002857        0x0 /home/tolm/dev/GBA/devkitPro/devkitARM/bin/../lib/gcc/arm-none-eabi/4.9.2/thumb/libgcc.a(_arm_cmpsf2.o)
 .data          0x03002857        0x0 /home/tolm/dev/GBA/devkitPro/devkitARM/bin/../lib/gcc/arm-none-eabi/4.9.2/thumb/libgcc.a(_arm_fixsfsi.o)
 .data          0x03002857        0x0 /home/tolm/dev/GBA/devkitPro/devkitARM/bin/../lib/gcc/arm-none-eabi/4.9.2/../../../../arm-none-eabi/lib/thumb/libg.a(lib_a-init.o)
 .data          0x03002857        0x0 /home/tolm/dev/GBA/devkitPro/devkitARM/bin/../lib/gcc/arm-none-eabi/4.9.2/../../../../arm-none-eabi/lib/thumb/libg.a(lib_a-malloc.o)
 *fill*         0x03002857        0x1 ff
 .data          0x03002858      0x410 /home/tolm/dev/GBA/devkitPro/devkitARM/bin/../lib/gcc/arm-none-eabi/4.9.2/../../../../arm-none-eabi/lib/thumb/libg.a(lib_a-mallocr.o)
                0x03002858                __malloc_av_
                0x03002c60                __malloc_sbrk_base
                0x03002c64                __malloc_trim_threshold
 .data          0x03002c68        0x0 /home/tolm/dev/GBA/devkitPro/devkitARM/bin/../lib/gcc/arm-none-eabi/4.9.2/../../../../arm-none-eabi/lib/thumb/libg.a(lib_a-memcpy-stub.o)
 .data          0x03002c68        0x0 /home/tolm/dev/GBA/devkitPro/devkitARM/bin/../lib/gcc/arm-none-eabi/4.9.2/../../../../arm-none-eabi/lib/thumb/libg.a(lib_a-memset.o)
 .data          0x03002c68        0x0 /home/tolm/dev/GBA/devkitPro/devkitARM/bin/../lib/gcc/arm-none-eabi/4.9.2/../../../../arm-none-eabi/lib/thumb/libg.a(lib_a-mlock.o)
 .data          0x03002c68        0x0 /home/tolm/dev/GBA/devkitPro/devkitARM/bin/../lib/gcc/arm-none-eabi/4.9.2/../../../../arm-none-eabi/lib/thumb/libg.a(lib_a-rand.o)
 .data          0x03002c68        0x0 /home/tolm/dev/GBA/devkitPro/devkitARM/bin/../lib/gcc/arm-none-eabi/4.9.2/../../../../arm-none-eabi/lib/thumb/libg.a(lib_a-sprintf.o)
 .data          0x03002c68        0x0 /home/tolm/dev/GBA/devkitPro/devkitARM/bin/../lib/gcc/arm-none-eabi/4.9.2/../../../../arm-none-eabi/lib/thumb/libg.a(lib_a-strcmp.o)
 .data          0x03002c68        0x0 /home/tolm/dev/GBA/devkitPro/devkitARM/bin/../lib/gcc/arm-none-eabi/4.9.2/../../../../arm-none-eabi/lib/thumb/libg.a(lib_a-svfprintf.o)
 .data          0x03002c68        0x0 /home/tolm/dev/GBA/devkitPro/devkitARM/bin/../lib/gcc/arm-none-eabi/4.9.2/../../../../arm-none-eabi/lib/thumb/libg.a(lib_a-wcrtomb.o)
 .data          0x03002c68        0x0 /home/tolm/dev/GBA/devkitPro/devkitARM/bin/../lib/gcc/arm-none-eabi/4.9.2/../../../../arm-none-eabi/lib/thumb/libg.a(lib_a-wcsrtombs.o)
 .data          0x03002c68        0x4 /home/tolm/dev/GBA/devkitPro/devkitARM/bin/../lib/gcc/arm-none-eabi/4.9.2/../../../../arm-none-eabi/lib/thumb/libg.a(lib_a-wctomb_r.o)
                0x03002c68                __wctomb
 .data          0x03002c6c        0x0 /home/tolm/dev/GBA/devkitPro/devkitARM/bin/../lib/gcc/arm-none-eabi/4.9.2/../../../../arm-none-eabi/lib/thumb/libg.a(lib_a-dtoa.o)
 .data          0x03002c6c        0x0 /home/tolm/dev/GBA/devkitPro/devkitARM/bin/../lib/gcc/arm-none-eabi/4.9.2/../../../../arm-none-eabi/lib/thumb/libg.a(lib_a-freer.o)
 *fill*         0x03002c6c        0x4 ff
 .data          0x03002c70      0x430 /home/tolm/dev/GBA/devkitPro/devkitARM/bin/../lib/gcc/arm-none-eabi/4.9.2/../../../../arm-none-eabi/lib/thumb/libg.a(lib_a-impure.o)
                0x03002c70                _impure_ptr
 .data          0x030030a0      0x17c /home/tolm/dev/GBA/devkitPro/devkitARM/bin/../lib/gcc/arm-none-eabi/4.9.2/../../../../arm-none-eabi/lib/thumb/libg.a(lib_a-locale.o)
                0x030030a0                __default_locale
                0x030031c0                __mb_cur_max
 .data          0x0300321c        0x4 /home/tolm/dev/GBA/devkitPro/devkitARM/bin/../lib/gcc/arm-none-eabi/4.9.2/../../../../arm-none-eabi/lib/thumb/libg.a(lib_a-mbtowc_r.o)
                0x0300321c                __mbtowc
 .data          0x03003220        0x0 /home/tolm/dev/GBA/devkitPro/devkitARM/bin/../lib/gcc/arm-none-eabi/4.9.2/../../../../arm-none-eabi/lib/thumb/libg.a(lib_a-memchr-stub.o)
 .data          0x03003220        0x0 /home/tolm/dev/GBA/devkitPro/devkitARM/bin/../lib/gcc/arm-none-eabi/4.9.2/../../../../arm-none-eabi/lib/thumb/libg.a(lib_a-mprec.o)
 .data          0x03003220        0x0 /home/tolm/dev/GBA/devkitPro/devkitARM/bin/../lib/gcc/arm-none-eabi/4.9.2/../../../../arm-none-eabi/lib/thumb/libg.a(lib_a-s_fpclassify.o)
 .data          0x03003220        0x0 /home/tolm/dev/GBA/devkitPro/devkitARM/bin/../lib/gcc/arm-none-eabi/4.9.2/../../../../arm-none-eabi/lib/thumb/libg.a(lib_a-s_frexp.o)
 .data          0x03003220        0x0 /home/tolm/dev/GBA/devkitPro/devkitARM/bin/../lib/gcc/arm-none-eabi/4.9.2/../../../../arm-none-eabi/lib/thumb/libg.a(lib_a-strcasecmp.o)
 .data          0x03003220        0x0 /home/tolm/dev/GBA/devkitPro/devkitARM/bin/../lib/gcc/arm-none-eabi/4.9.2/../../../../arm-none-eabi/lib/thumb/libg.a(lib_a-strcat.o)
 .data          0x03003220        0x0 /home/tolm/dev/GBA/devkitPro/devkitARM/bin/../lib/gcc/arm-none-eabi/4.9.2/../../../../arm-none-eabi/lib/thumb/libg.a(lib_a-strchr.o)
 .data          0x03003220        0x0 /home/tolm/dev/GBA/devkitPro/devkitARM/bin/../lib/gcc/arm-none-eabi/4.9.2/../../../../arm-none-eabi/lib/thumb/libg.a(lib_a-strcpy.o)
 .data          0x03003220        0x0 /home/tolm/dev/GBA/devkitPro/devkitARM/bin/../lib/gcc/arm-none-eabi/4.9.2/../../../../arm-none-eabi/lib/thumb/libg.a(lib_a-strlcpy.o)
 .data          0x03003220        0x0 /home/tolm/dev/GBA/devkitPro/devkitARM/bin/../lib/gcc/arm-none-eabi/4.9.2/../../../../arm-none-eabi/lib/thumb/libg.a(lib_a-strlen.o)
 .data          0x03003220        0x0 /home/tolm/dev/GBA/devkitPro/devkitARM/bin/../lib/gcc/arm-none-eabi/4.9.2/../../../../arm-none-eabi/lib/thumb/libg.a(lib_a-strncasecmp.o)
 .data          0x03003220        0x0 /home/tolm/dev/GBA/devkitPro/devkitARM/bin/../lib/gcc/arm-none-eabi/4.9.2/../../../../arm-none-eabi/lib/thumb/libg.a(lib_a-strncmp.o)
 .data          0x03003220        0x0 /home/tolm/dev/GBA/devkitPro/devkitARM/bin/../lib/gcc/arm-none-eabi/4.9.2/../../../../arm-none-eabi/lib/thumb/libg.a(lib_a-strncpy.o)
 .data          0x03003220        0x0 /home/tolm/dev/GBA/devkitPro/devkitARM/bin/../lib/gcc/arm-none-eabi/4.9.2/../../../../arm-none-eabi/lib/thumb/libg.a(lib_a-strtol.o)
 .data          0x03003220        0x0 /home/tolm/dev/GBA/devkitPro/devkitARM/bin/../lib/gcc/arm-none-eabi/4.9.2/../../../../arm-none-eabi/lib/thumb/libg.a(lib_a-svfiprintf.o)
 .data          0x03003220        0x0 /home/tolm/dev/GBA/devkitPro/devkitARM/bin/../lib/gcc/arm-none-eabi/4.9.2/../../../../arm-none-eabi/lib/thumb/libg.a(lib_a-wcsnrtombs.o)
 .data          0x03003220        0x0 /home/tolm/dev/GBA/devkitPro/devkitARM/bin/../lib/gcc/arm-none-eabi/4.9.2/../../../../arm-none-eabi/lib/thumb/libg.a(lib_a-callocr.o)
 .data          0x03003220        0x4 /home/tolm/dev/GBA/devkitPro/devkitARM/bin/../lib/gcc/arm-none-eabi/4.9.2/../../../../arm-none-eabi/lib/thumb/libg.a(lib_a-ctype_.o)
                0x03003220                __ctype_ptr__
 .data          0x03003224        0x0 /home/tolm/dev/GBA/devkitPro/devkitARM/bin/../lib/gcc/arm-none-eabi/4.9.2/../../../../arm-none-eabi/lib/thumb/libg.a(lib_a-getenv_r.o)
 .data          0x03003224        0x0 /home/tolm/dev/GBA/devkitPro/devkitARM/bin/../lib/gcc/arm-none-eabi/4.9.2/../../../../arm-none-eabi/lib/thumb/libg.a(lib_a-memmove.o)
 .data          0x03003224        0x0 /home/tolm/dev/GBA/devkitPro/devkitARM/bin/../lib/gcc/arm-none-eabi/4.9.2/../../../../arm-none-eabi/lib/thumb/libg.a(lib_a-reallocr.o)
 .data          0x03003224        0x4 /home/tolm/dev/GBA/devkitPro/devkitARM/bin/../lib/gcc/arm-none-eabi/4.9.2/../../../../arm-none-eabi/lib/thumb/libg.a(lib_a-environ.o)
                0x03003224                environ
 .data          0x03003228        0x0 /home/tolm/dev/GBA/devkitPro/devkitARM/bin/../lib/gcc/arm-none-eabi/4.9.2/../../../../arm-none-eabi/lib/thumb/libg.a(lib_a-envlock.o)
 .data          0x03003228        0x0 /home/tolm/dev/GBA/devkitPro/devkitARM/bin/../lib/gcc/arm-none-eabi/4.9.2/../../../../arm-none-eabi/lib/thumb/libsysbase.a(sbrk.o)
 .data          0x03003228        0x0 /home/tolm/dev/GBA/devkitPro/devkitARM/bin/../lib/gcc/arm-none-eabi/4.9.2/../../../../arm-none-eabi/lib/thumb/libsysbase.a(malloc_vars.o)
 .data          0x03003228        0x0 /home/tolm/dev/GBA/devkitPro/devkitARM/bin/../lib/gcc/arm-none-eabi/4.9.2/thumb/libgcc.a(_arm_cmpdf2.o)
 .data          0x03003228        0x0 /home/tolm/dev/GBA/devkitPro/devkitARM/bin/../lib/gcc/arm-none-eabi/4.9.2/thumb/libgcc.a(_aeabi_uldivmod.o)
 .data          0x03003228        0x0 /home/tolm/dev/GBA/devkitPro/devkitARM/bin/../lib/gcc/arm-none-eabi/4.9.2/thumb/libgcc.a(_muldi3.o)
 .data          0x03003228        0x0 /home/tolm/dev/GBA/devkitPro/devkitARM/bin/../lib/gcc/arm-none-eabi/4.9.2/thumb/libgcc.a(bpabi.o)
 .data          0x03003228        0x0 /home/tolm/dev/GBA/devkitPro/devkitARM/bin/../lib/gcc/arm-none-eabi/4.9.2/thumb/libgcc.a(_divdi3.o)
 .data          0x03003228        0x0 /home/tolm/dev/GBA/devkitPro/devkitARM/bin/../lib/gcc/arm-none-eabi/4.9.2/thumb/libgcc.a(_udivdi3.o)
 .data          0x03003228        0x0 /home/tolm/dev/GBA/devkitPro/devkitARM/bin/../lib/gcc/arm-none-eabi/4.9.2/thumb/libgcc.a(_clzdi2.o)
 .data          0x03003228        0x0 /home/tolm/dev/GBA/devkitPro/devkitARM/bin/../lib/gcc/arm-none-eabi/4.9.2/thumb/libgcc.a(_clzsi2.o)
 .data          0x03003228        0x0 /home/tolm/dev/GBA/devkitPro/devkitARM/bin/../lib/gcc/arm-none-eabi/4.9.2/thumb/crtend.o
 .data          0x03003228        0x0 /home/tolm/dev/GBA/devkitPro/devkitARM/bin/../lib/gcc/arm-none-eabi/4.9.2/thumb/crtn.o
 *(.data.*)
 *(.gnu.linkonce.d*)
                0x03003228                . = ALIGN (0x4)
                0x0810e7b0                __preinit_lma = (__data_lma + SIZEOF (.data))

.igot.plt       0x03003228        0x0 load address 0x0810e7b0
 .igot.plt      0x00000000        0x0 /home/tolm/dev/GBA/devkitPro/devkitARM/bin/../lib/gcc/arm-none-eabi/4.9.2/../../../../arm-none-eabi/lib/thumb/gba_crt0.o

.tm_clone_table
                0x03003228        0x0 load address 0x0810e7b0
 .tm_clone_table
                0x03003228        0x0 /home/tolm/dev/GBA/devkitPro/devkitARM/bin/../lib/gcc/arm-none-eabi/4.9.2/thumb/crtbegin.o
 .tm_clone_table
                0x03003228        0x0 /home/tolm/dev/GBA/devkitPro/devkitARM/bin/../lib/gcc/arm-none-eabi/4.9.2/thumb/crtend.o

.preinit_array  0x03003228        0x0 load address 0x0810e7b0
                0x03003228                __preinit_array_start = ABSOLUTE (.)
 *(.preinit_array)
                0x03003228                __preinit_array_end = ABSOLUTE (.)
                0x0810e7b0                __init_lma = (__preinit_lma + SIZEOF (.preinit_array))

.init_array     0x03003228        0x4 load address 0x0810e7b0
                0x03003228                __init_array_start = ABSOLUTE (.)
 *(SORT(.init_array.*))
 *(.init_array)
 .init_array    0x03003228        0x4 /home/tolm/dev/GBA/devkitPro/devkitARM/bin/../lib/gcc/arm-none-eabi/4.9.2/thumb/crtbegin.o
                0x0300322c                __init_array_end = ABSOLUTE (.)
                0x0810e7b4                __fini_lma = (__init_lma + SIZEOF (.init_array))

.fini_array     0x0300322c        0x4 load address 0x0810e7b4
                0x0300322c                __fini_array_start = ABSOLUTE (.)
 *(SORT(.fini_array.*))
 *(.fini_array)
 .fini_array    0x0300322c        0x4 /home/tolm/dev/GBA/devkitPro/devkitARM/bin/../lib/gcc/arm-none-eabi/4.9.2/thumb/crtbegin.o
                0x03003230                __fini_array_end = ABSOLUTE (.)
                0x0810e7b8                __jcr_lma = (__fini_lma + SIZEOF (.fini_array))

.jcr            0x03003230        0x4 load address 0x0810e7b8
 *(.jcr)
 .jcr           0x03003230        0x0 /home/tolm/dev/GBA/devkitPro/devkitARM/bin/../lib/gcc/arm-none-eabi/4.9.2/thumb/crtbegin.o
 .jcr           0x03003230        0x4 /home/tolm/dev/GBA/devkitPro/devkitARM/bin/../lib/gcc/arm-none-eabi/4.9.2/thumb/crtend.o
                0x03003234                __data_end__ = ABSOLUTE (.)
                0x0810e7bc                __iwram_overlay_lma = (__jcr_lma + SIZEOF (.jcr))
                0x03003234                __iwram_overlay_start = .

.iwram0         0x03003234        0x0 load address 0x0810e7bc
 *(.iwram0)
                0x03003234                . = ALIGN (0x4)
                0x0810e7bc                PROVIDE (__load_start_iwram0, LOADADDR (.iwram0))
                0x0810e7bc                PROVIDE (__load_stop_iwram0, (LOADADDR (.iwram0) + SIZEOF (.iwram0)))

.iwram1         0x03003234        0x0
 *(.iwram1)
                0x03003234                . = ALIGN (0x4)
                0x03003234                PROVIDE (__load_start_iwram1, LOADADDR (.iwram1))
                0x03003234                PROVIDE (__load_stop_iwram1, (LOADADDR (.iwram1) + SIZEOF (.iwram1)))

.iwram2         0x03003234        0x0
 *(.iwram2)
                0x03003234                . = ALIGN (0x4)
                0x03003234                PROVIDE (__load_start_iwram2, LOADADDR (.iwram2))
                0x03003234                PROVIDE (__load_stop_iwram2, (LOADADDR (.iwram2) + SIZEOF (.iwram2)))

.iwram3         0x03003234        0x0
 *(.iwram3)
                0x03003234                . = ALIGN (0x4)
                0x03003234                PROVIDE (__load_start_iwram3, LOADADDR (.iwram3))
                0x03003234                PROVIDE (__load_stop_iwram3, (LOADADDR (.iwram3) + SIZEOF (.iwram3)))

.iwram4         0x03003234        0x0
 *(.iwram4)
                0x03003234                . = ALIGN (0x4)
                0x03003234                PROVIDE (__load_start_iwram4, LOADADDR (.iwram4))
                0x03003234                PROVIDE (__load_stop_iwram4, (LOADADDR (.iwram4) + SIZEOF (.iwram4)))

.iwram5         0x03003234        0x0
 *(.iwram5)
                0x03003234                . = ALIGN (0x4)
                0x03003234                PROVIDE (__load_start_iwram5, LOADADDR (.iwram5))
                0x03003234                PROVIDE (__load_stop_iwram5, (LOADADDR (.iwram5) + SIZEOF (.iwram5)))

.iwram6         0x03003234        0x0
 *(.iwram6)
                0x03003234                . = ALIGN (0x4)
                0x03003234                PROVIDE (__load_start_iwram6, LOADADDR (.iwram6))
                0x03003234                PROVIDE (__load_stop_iwram6, (LOADADDR (.iwram6) + SIZEOF (.iwram6)))

.iwram7         0x03003234        0x0
 *(.iwram7)
                0x03003234                . = ALIGN (0x4)
                0x03003234                PROVIDE (__load_start_iwram7, LOADADDR (.iwram7))
                0x03003234                PROVIDE (__load_stop_iwram7, (LOADADDR (.iwram7) + SIZEOF (.iwram7)))

.iwram8         0x03003234        0x0
 *(.iwram8)
                0x03003234                . = ALIGN (0x4)
                0x03003234                PROVIDE (__load_start_iwram8, LOADADDR (.iwram8))
                0x03003234                PROVIDE (__load_stop_iwram8, (LOADADDR (.iwram8) + SIZEOF (.iwram8)))

.iwram9         0x03003234        0x0
 *(.iwram9)
                0x03003234                . = ALIGN (0x4)
                0x03003234                PROVIDE (__load_start_iwram9, LOADADDR (.iwram9))
                0x03003234                PROVIDE (__load_stop_iwram9, (LOADADDR (.iwram9) + SIZEOF (.iwram9)))
                0x03003234                __iwram_overlay_end = .
                0x0810e7bc                __ewram_lma = (__iwram_overlay_lma + (__iwram_overlay_end - __iwram_overlay_start))
                0x03003234                __iheap_start = .
                0x02000000                __ewram_start = ORIGIN (ewram)

.ewram          0x02000000        0x0 load address 0x0810e7bc
 *(.ewram)
                0x02000000                . = ALIGN (0x4)
                0x02000000                __ewram_end = ABSOLUTE (.)
                0x0810e7bc                __pad_lma = (__ewram_lma + SIZEOF (.ewram))

.sbss           0x02000000        0x0
                0x02000000                __sbss_start__ = ABSOLUTE (.)
 *(.sbss)
                0x02000000                . = ALIGN (0x4)
                0x02000000                __sbss_end__ = ABSOLUTE (.)
                0x02000000                __end__ = ABSOLUTE (.)
                0x02000000                __eheap_start = ABSOLUTE (.)

.pad            0x02000000        0x8 load address 0x0810e7bc
                0x02000000        0x4 LONG 0x52416b64
                0x02000004        0x4 LONG 0x4d
                0x02000008                . = ALIGN (0x4)
                0x0810e7c4                __rom_end__ = (__pad_lma + SIZEOF (.pad))

.stab
 *(.stab)

.stabstr
 *(.stabstr)

.stab.excl
 *(.stab.excl)

.stab.exclstr
 *(.stab.exclstr)

.stab.index
 *(.stab.index)

.stab.indexstr
 *(.stab.indexstr)

.comment        0x00000000       0x22
 *(.comment)
 .comment       0x00000000       0x22 /home/tolm/dev/GBA/devkitPro/devkitARM/bin/../lib/gcc/arm-none-eabi/4.9.2/thumb/crtbegin.o
                                 0x23 (size before relaxing)
 .comment       0x00000000       0x23 drum.o
 .comment       0x00000000       0x23 /home/tolm/dev/GBA/devkitPro/libgba/lib/libgba.a(CpuSet.o)
 .comment       0x00000000       0x23 /home/tolm/dev/GBA/devkitPro/libgba/lib/libgba.a(input.o)
 .comment       0x00000000       0x23 /home/tolm/dev/GBA/devkitPro/libgba/lib/libgba.a(interrupt.o)
 .comment       0x00000000       0x23 /home/tolm/dev/GBA/devkitPro/devkitARM/bin/../lib/gcc/arm-none-eabi/4.9.2/../../../../arm-none-eabi/lib/thumb/libg.a(lib_a-init.o)
 .comment       0x00000000       0x23 /home/tolm/dev/GBA/devkitPro/devkitARM/bin/../lib/gcc/arm-none-eabi/4.9.2/../../../../arm-none-eabi/lib/thumb/libg.a(lib_a-malloc.o)
 .comment       0x00000000       0x23 /home/tolm/dev/GBA/devkitPro/devkitARM/bin/../lib/gcc/arm-none-eabi/4.9.2/../../../../arm-none-eabi/lib/thumb/libg.a(lib_a-mallocr.o)
 .comment       0x00000000       0x23 /home/tolm/dev/GBA/devkitPro/devkitARM/bin/../lib/gcc/arm-none-eabi/4.9.2/../../../../arm-none-eabi/lib/thumb/libg.a(lib_a-memcpy-stub.o)
 .comment       0x00000000       0x23 /home/tolm/dev/GBA/devkitPro/devkitARM/bin/../lib/gcc/arm-none-eabi/4.9.2/../../../../arm-none-eabi/lib/thumb/libg.a(lib_a-memset.o)
 .comment       0x00000000       0x23 /home/tolm/dev/GBA/devkitPro/devkitARM/bin/../lib/gcc/arm-none-eabi/4.9.2/../../../../arm-none-eabi/lib/thumb/libg.a(lib_a-mlock.o)
 .comment       0x00000000       0x23 /home/tolm/dev/GBA/devkitPro/devkitARM/bin/../lib/gcc/arm-none-eabi/4.9.2/../../../../arm-none-eabi/lib/thumb/libg.a(lib_a-rand.o)
 .comment       0x00000000       0x23 /home/tolm/dev/GBA/devkitPro/devkitARM/bin/../lib/gcc/arm-none-eabi/4.9.2/../../../../arm-none-eabi/lib/thumb/libg.a(lib_a-sprintf.o)
 .comment       0x00000000       0x23 /home/tolm/dev/GBA/devkitPro/devkitARM/bin/../lib/gcc/arm-none-eabi/4.9.2/../../../../arm-none-eabi/lib/thumb/libg.a(lib_a-svfprintf.o)
 .comment       0x00000000       0x23 /home/tolm/dev/GBA/devkitPro/devkitARM/bin/../lib/gcc/arm-none-eabi/4.9.2/../../../../arm-none-eabi/lib/thumb/libg.a(lib_a-wcrtomb.o)
 .comment       0x00000000       0x23 /home/tolm/dev/GBA/devkitPro/devkitARM/bin/../lib/gcc/arm-none-eabi/4.9.2/../../../../arm-none-eabi/lib/thumb/libg.a(lib_a-wcsrtombs.o)
 .comment       0x00000000       0x23 /home/tolm/dev/GBA/devkitPro/devkitARM/bin/../lib/gcc/arm-none-eabi/4.9.2/../../../../arm-none-eabi/lib/thumb/libg.a(lib_a-wctomb_r.o)
 .comment       0x00000000       0x23 /home/tolm/dev/GBA/devkitPro/devkitARM/bin/../lib/gcc/arm-none-eabi/4.9.2/../../../../arm-none-eabi/lib/thumb/libg.a(lib_a-dtoa.o)
 .comment       0x00000000       0x23 /home/tolm/dev/GBA/devkitPro/devkitARM/bin/../lib/gcc/arm-none-eabi/4.9.2/../../../../arm-none-eabi/lib/thumb/libg.a(lib_a-freer.o)
 .comment       0x00000000       0x23 /home/tolm/dev/GBA/devkitPro/devkitARM/bin/../lib/gcc/arm-none-eabi/4.9.2/../../../../arm-none-eabi/lib/thumb/libg.a(lib_a-impure.o)
 .comment       0x00000000       0x23 /home/tolm/dev/GBA/devkitPro/devkitARM/bin/../lib/gcc/arm-none-eabi/4.9.2/../../../../arm-none-eabi/lib/thumb/libg.a(lib_a-locale.o)
 .comment       0x00000000       0x23 /home/tolm/dev/GBA/devkitPro/devkitARM/bin/../lib/gcc/arm-none-eabi/4.9.2/../../../../arm-none-eabi/lib/thumb/libg.a(lib_a-mbtowc_r.o)
 .comment       0x00000000       0x23 /home/tolm/dev/GBA/devkitPro/devkitARM/bin/../lib/gcc/arm-none-eabi/4.9.2/../../../../arm-none-eabi/lib/thumb/libg.a(lib_a-memchr-stub.o)
 .comment       0x00000000       0x23 /home/tolm/dev/GBA/devkitPro/devkitARM/bin/../lib/gcc/arm-none-eabi/4.9.2/../../../../arm-none-eabi/lib/thumb/libg.a(lib_a-mprec.o)
 .comment       0x00000000       0x23 /home/tolm/dev/GBA/devkitPro/devkitARM/bin/../lib/gcc/arm-none-eabi/4.9.2/../../../../arm-none-eabi/lib/thumb/libg.a(lib_a-s_fpclassify.o)
 .comment       0x00000000       0x23 /home/tolm/dev/GBA/devkitPro/devkitARM/bin/../lib/gcc/arm-none-eabi/4.9.2/../../../../arm-none-eabi/lib/thumb/libg.a(lib_a-s_frexp.o)
 .comment       0x00000000       0x23 /home/tolm/dev/GBA/devkitPro/devkitARM/bin/../lib/gcc/arm-none-eabi/4.9.2/../../../../arm-none-eabi/lib/thumb/libg.a(lib_a-strcasecmp.o)
 .comment       0x00000000       0x23 /home/tolm/dev/GBA/devkitPro/devkitARM/bin/../lib/gcc/arm-none-eabi/4.9.2/../../../../arm-none-eabi/lib/thumb/libg.a(lib_a-strcat.o)
 .comment       0x00000000       0x23 /home/tolm/dev/GBA/devkitPro/devkitARM/bin/../lib/gcc/arm-none-eabi/4.9.2/../../../../arm-none-eabi/lib/thumb/libg.a(lib_a-strchr.o)
 .comment       0x00000000       0x23 /home/tolm/dev/GBA/devkitPro/devkitARM/bin/../lib/gcc/arm-none-eabi/4.9.2/../../../../arm-none-eabi/lib/thumb/libg.a(lib_a-strcpy.o)
 .comment       0x00000000       0x23 /home/tolm/dev/GBA/devkitPro/devkitARM/bin/../lib/gcc/arm-none-eabi/4.9.2/../../../../arm-none-eabi/lib/thumb/libg.a(lib_a-strlcpy.o)
 .comment       0x00000000       0x23 /home/tolm/dev/GBA/devkitPro/devkitARM/bin/../lib/gcc/arm-none-eabi/4.9.2/../../../../arm-none-eabi/lib/thumb/libg.a(lib_a-strlen.o)
 .comment       0x00000000       0x23 /home/tolm/dev/GBA/devkitPro/devkitARM/bin/../lib/gcc/arm-none-eabi/4.9.2/../../../../arm-none-eabi/lib/thumb/libg.a(lib_a-strncasecmp.o)
 .comment       0x00000000       0x23 /home/tolm/dev/GBA/devkitPro/devkitARM/bin/../lib/gcc/arm-none-eabi/4.9.2/../../../../arm-none-eabi/lib/thumb/libg.a(lib_a-strncmp.o)
 .comment       0x00000000       0x23 /home/tolm/dev/GBA/devkitPro/devkitARM/bin/../lib/gcc/arm-none-eabi/4.9.2/../../../../arm-none-eabi/lib/thumb/libg.a(lib_a-strncpy.o)
 .comment       0x00000000       0x23 /home/tolm/dev/GBA/devkitPro/devkitARM/bin/../lib/gcc/arm-none-eabi/4.9.2/../../../../arm-none-eabi/lib/thumb/libg.a(lib_a-strtol.o)
 .comment       0x00000000       0x23 /home/tolm/dev/GBA/devkitPro/devkitARM/bin/../lib/gcc/arm-none-eabi/4.9.2/../../../../arm-none-eabi/lib/thumb/libg.a(lib_a-svfiprintf.o)
 .comment       0x00000000       0x23 /home/tolm/dev/GBA/devkitPro/devkitARM/bin/../lib/gcc/arm-none-eabi/4.9.2/../../../../arm-none-eabi/lib/thumb/libg.a(lib_a-wcsnrtombs.o)
 .comment       0x00000000       0x23 /home/tolm/dev/GBA/devkitPro/devkitARM/bin/../lib/gcc/arm-none-eabi/4.9.2/../../../../arm-none-eabi/lib/thumb/libg.a(lib_a-callocr.o)
 .comment       0x00000000       0x23 /home/tolm/dev/GBA/devkitPro/devkitARM/bin/../lib/gcc/arm-none-eabi/4.9.2/../../../../arm-none-eabi/lib/thumb/libg.a(lib_a-ctype_.o)
 .comment       0x00000000       0x23 /home/tolm/dev/GBA/devkitPro/devkitARM/bin/../lib/gcc/arm-none-eabi/4.9.2/../../../../arm-none-eabi/lib/thumb/libg.a(lib_a-getenv_r.o)
 .comment       0x00000000       0x23 /home/tolm/dev/GBA/devkitPro/devkitARM/bin/../lib/gcc/arm-none-eabi/4.9.2/../../../../arm-none-eabi/lib/thumb/libg.a(lib_a-memmove.o)
 .comment       0x00000000       0x23 /home/tolm/dev/GBA/devkitPro/devkitARM/bin/../lib/gcc/arm-none-eabi/4.9.2/../../../../arm-none-eabi/lib/thumb/libg.a(lib_a-reallocr.o)
 .comment       0x00000000       0x23 /home/tolm/dev/GBA/devkitPro/devkitARM/bin/../lib/gcc/arm-none-eabi/4.9.2/../../../../arm-none-eabi/lib/thumb/libg.a(lib_a-environ.o)
 .comment       0x00000000       0x23 /home/tolm/dev/GBA/devkitPro/devkitARM/bin/../lib/gcc/arm-none-eabi/4.9.2/../../../../arm-none-eabi/lib/thumb/libg.a(lib_a-envlock.o)
 .comment       0x00000000       0x23 /home/tolm/dev/GBA/devkitPro/devkitARM/bin/../lib/gcc/arm-none-eabi/4.9.2/../../../../arm-none-eabi/lib/thumb/libsysbase.a(sbrk.o)
 .comment       0x00000000       0x23 /home/tolm/dev/GBA/devkitPro/devkitARM/bin/../lib/gcc/arm-none-eabi/4.9.2/../../../../arm-none-eabi/lib/thumb/libsysbase.a(malloc_vars.o)
 .comment       0x00000000       0x23 /home/tolm/dev/GBA/devkitPro/devkitARM/bin/../lib/gcc/arm-none-eabi/4.9.2/thumb/libgcc.a(_muldi3.o)
 .comment       0x00000000       0x23 /home/tolm/dev/GBA/devkitPro/devkitARM/bin/../lib/gcc/arm-none-eabi/4.9.2/thumb/libgcc.a(bpabi.o)
 .comment       0x00000000       0x23 /home/tolm/dev/GBA/devkitPro/devkitARM/bin/../lib/gcc/arm-none-eabi/4.9.2/thumb/libgcc.a(_divdi3.o)
 .comment       0x00000000       0x23 /home/tolm/dev/GBA/devkitPro/devkitARM/bin/../lib/gcc/arm-none-eabi/4.9.2/thumb/libgcc.a(_udivdi3.o)
 .comment       0x00000000       0x23 /home/tolm/dev/GBA/devkitPro/devkitARM/bin/../lib/gcc/arm-none-eabi/4.9.2/thumb/crtend.o

.debug
 *(.debug)

.line
 *(.line)

.debug_srcinfo
 *(.debug_srcinfo)

.debug_sfnames
 *(.debug_sfnames)

.debug_aranges  0x00000000       0xe0
 *(.debug_aranges)
 .debug_aranges
                0x00000000       0x60 drum.o
 .debug_aranges
                0x00000060       0x20 /home/tolm/dev/GBA/devkitPro/libgba/lib/libgba.a(CpuSet.o)
 .debug_aranges
                0x00000080       0x20 /home/tolm/dev/GBA/devkitPro/libgba/lib/libgba.a(input.o)
 .debug_aranges
                0x000000a0       0x20 /home/tolm/dev/GBA/devkitPro/libgba/lib/libgba.a(interrupt.o)
 .debug_aranges
                0x000000c0       0x20 /home/tolm/dev/GBA/devkitPro/libgba/lib/libgba.a(InterruptDispatcher.o)

.debug_pubnames
 *(.debug_pubnames)

.debug_info     0x00000000     0x6a76
 *(.debug_info)
 .debug_info    0x00000000     0x62b6 drum.o
 .debug_info    0x000062b6      0x114 /home/tolm/dev/GBA/devkitPro/libgba/lib/libgba.a(CpuSet.o)
 .debug_info    0x000063ca      0x238 /home/tolm/dev/GBA/devkitPro/libgba/lib/libgba.a(input.o)
 .debug_info    0x00006602      0x3e6 /home/tolm/dev/GBA/devkitPro/libgba/lib/libgba.a(interrupt.o)
 .debug_info    0x000069e8       0x8e /home/tolm/dev/GBA/devkitPro/libgba/lib/libgba.a(InterruptDispatcher.o)

.debug_abbrev   0x00000000      0x848
 *(.debug_abbrev)
 .debug_abbrev  0x00000000      0x4e8 drum.o
 .debug_abbrev  0x000004e8       0x98 /home/tolm/dev/GBA/devkitPro/libgba/lib/libgba.a(CpuSet.o)
 .debug_abbrev  0x00000580      0x100 /home/tolm/dev/GBA/devkitPro/libgba/lib/libgba.a(input.o)
 .debug_abbrev  0x00000680      0x1b4 /home/tolm/dev/GBA/devkitPro/libgba/lib/libgba.a(interrupt.o)
 .debug_abbrev  0x00000834       0x14 /home/tolm/dev/GBA/devkitPro/libgba/lib/libgba.a(InterruptDispatcher.o)

.debug_line     0x00000000     0x1db1
 *(.debug_line)
 .debug_line    0x00000000     0x180a drum.o
 .debug_line    0x0000180a      0x142 /home/tolm/dev/GBA/devkitPro/libgba/lib/libgba.a(CpuSet.o)
 .debug_line    0x0000194c      0x194 /home/tolm/dev/GBA/devkitPro/libgba/lib/libgba.a(input.o)
 .debug_line    0x00001ae0      0x235 /home/tolm/dev/GBA/devkitPro/libgba/lib/libgba.a(interrupt.o)
 .debug_line    0x00001d15       0x9c /home/tolm/dev/GBA/devkitPro/libgba/lib/libgba.a(InterruptDispatcher.o)

.debug_frame    0x00000000      0x894
 *(.debug_frame)
 .debug_frame   0x00000000      0x734 drum.o
 .debug_frame   0x00000734       0x30 /home/tolm/dev/GBA/devkitPro/libgba/lib/libgba.a(CpuSet.o)
 .debug_frame   0x00000764       0x80 /home/tolm/dev/GBA/devkitPro/libgba/lib/libgba.a(input.o)
 .debug_frame   0x000007e4       0xb0 /home/tolm/dev/GBA/devkitPro/libgba/lib/libgba.a(interrupt.o)

.debug_str      0x00000000      0xde0
 *(.debug_str)
 .debug_str     0x00000000      0xbf3 drum.o
                                0xcf2 (size before relaxing)
 .debug_str     0x00000bf3       0x71 /home/tolm/dev/GBA/devkitPro/libgba/lib/libgba.a(CpuSet.o)
                                0x119 (size before relaxing)
 .debug_str     0x00000c64       0x8d /home/tolm/dev/GBA/devkitPro/libgba/lib/libgba.a(input.o)
                                0x1a6 (size before relaxing)
 .debug_str     0x00000cf1       0xef /home/tolm/dev/GBA/devkitPro/libgba/lib/libgba.a(interrupt.o)
                                0x2a4 (size before relaxing)

.debug_loc      0x00000000     0xbfdf
 *(.debug_loc)
 .debug_loc     0x00000000     0xb9ed drum.o
 .debug_loc     0x0000b9ed       0xc6 /home/tolm/dev/GBA/devkitPro/libgba/lib/libgba.a(CpuSet.o)
 .debug_loc     0x0000bab3       0x27 /home/tolm/dev/GBA/devkitPro/libgba/lib/libgba.a(input.o)
 .debug_loc     0x0000bada      0x505 /home/tolm/dev/GBA/devkitPro/libgba/lib/libgba.a(interrupt.o)

.debug_macinfo
 *(.debug_macinfo)

.debug_weaknames
 *(.debug_weaknames)

.debug_funcnames
 *(.debug_funcnames)

.debug_typenames
 *(.debug_typenames)

.debug_varnames
 *(.debug_varnames)

.stack          0x00080000        0x0
                0x00080000                _stack = .
 *(.stack)

.note.gnu.arm.ident
 *(.note.gnu.arm.ident)

.ARM.attributes
                0x00000000       0x2b
 *(.ARM.attributes)
 .ARM.attributes
                0x00000000       0x16 /home/tolm/dev/GBA/devkitPro/devkitARM/bin/../lib/gcc/arm-none-eabi/4.9.2/../../../../arm-none-eabi/lib/thumb/gba_crt0.o
 .ARM.attributes
                0x00000016       0x16 /home/tolm/dev/GBA/devkitPro/devkitARM/bin/../lib/gcc/arm-none-eabi/4.9.2/thumb/crti.o
 .ARM.attributes
                0x0000002c       0x30 /home/tolm/dev/GBA/devkitPro/devkitARM/bin/../lib/gcc/arm-none-eabi/4.9.2/thumb/crtbegin.o
 .ARM.attributes
                0x0000005c       0x14 r6502_portfont.bin.o
 .ARM.attributes
                0x00000070       0x14 r6502_portfont_original.bin.o
 .ARM.attributes
                0x00000084       0x14 soundbank.bin.o
 .ARM.attributes
                0x00000098       0x2c drum.o
 .ARM.attributes
                0x000000c4       0x14 /home/tolm/dev/GBA/devkitPro/libgba/lib/libmm.a(mm_effect.o)
 .ARM.attributes
                0x000000d8       0x14 /home/tolm/dev/GBA/devkitPro/libgba/lib/libmm.a(mm_main.o)
 .ARM.attributes
                0x000000ec       0x16 /home/tolm/dev/GBA/devkitPro/libgba/lib/libmm.a(mm_mas_arm.o)
 .ARM.attributes
                0x00000102       0x16 /home/tolm/dev/GBA/devkitPro/libgba/lib/libmm.a(mm_mas.o)
 .ARM.attributes
                0x00000118       0x14 /home/tolm/dev/GBA/devkitPro/libgba/lib/libmm.a(mm_init_default.o)
 .ARM.attributes
                0x0000012c       0x16 /home/tolm/dev/GBA/devkitPro/libgba/lib/libmm.a(mm_mixer_gba.o)
 .ARM.attributes
                0x00000142       0x30 /home/tolm/dev/GBA/devkitPro/libgba/lib/libgba.a(CpuSet.o)
 .ARM.attributes
                0x00000172       0x30 /home/tolm/dev/GBA/devkitPro/libgba/lib/libgba.a(input.o)
 .ARM.attributes
                0x000001a2       0x30 /home/tolm/dev/GBA/devkitPro/libgba/lib/libgba.a(interrupt.o)
 .ARM.attributes
                0x000001d2       0x16 /home/tolm/dev/GBA/devkitPro/libgba/lib/libgba.a(InterruptDispatcher.o)
 .ARM.attributes
                0x000001e8       0x18 /home/tolm/dev/GBA/devkitPro/devkitARM/bin/../lib/gcc/arm-none-eabi/4.9.2/thumb/libgcc.a(_udivsi3.o)
 .ARM.attributes
                0x00000200       0x18 /home/tolm/dev/GBA/devkitPro/devkitARM/bin/../lib/gcc/arm-none-eabi/4.9.2/thumb/libgcc.a(_divsi3.o)
 .ARM.attributes
                0x00000218       0x16 /home/tolm/dev/GBA/devkitPro/devkitARM/bin/../lib/gcc/arm-none-eabi/4.9.2/thumb/libgcc.a(_dvmd_tls.o)
 .ARM.attributes
                0x0000022e       0x16 /home/tolm/dev/GBA/devkitPro/devkitARM/bin/../lib/gcc/arm-none-eabi/4.9.2/thumb/libgcc.a(_call_via_rX.o)
 .ARM.attributes
                0x00000244       0x18 /home/tolm/dev/GBA/devkitPro/devkitARM/bin/../lib/gcc/arm-none-eabi/4.9.2/thumb/libgcc.a(_arm_addsubdf3.o)
 .ARM.attributes
                0x0000025c       0x18 /home/tolm/dev/GBA/devkitPro/devkitARM/bin/../lib/gcc/arm-none-eabi/4.9.2/thumb/libgcc.a(_arm_muldivdf3.o)
 .ARM.attributes
                0x00000274       0x18 /home/tolm/dev/GBA/devkitPro/devkitARM/bin/../lib/gcc/arm-none-eabi/4.9.2/thumb/libgcc.a(_arm_fixdfsi.o)
 .ARM.attributes
                0x0000028c       0x18 /home/tolm/dev/GBA/devkitPro/devkitARM/bin/../lib/gcc/arm-none-eabi/4.9.2/thumb/libgcc.a(_arm_addsubsf3.o)
 .ARM.attributes
                0x000002a4       0x18 /home/tolm/dev/GBA/devkitPro/devkitARM/bin/../lib/gcc/arm-none-eabi/4.9.2/thumb/libgcc.a(_arm_muldivsf3.o)
 .ARM.attributes
                0x000002bc       0x18 /home/tolm/dev/GBA/devkitPro/devkitARM/bin/../lib/gcc/arm-none-eabi/4.9.2/thumb/libgcc.a(_arm_cmpsf2.o)
 .ARM.attributes
                0x000002d4       0x18 /home/tolm/dev/GBA/devkitPro/devkitARM/bin/../lib/gcc/arm-none-eabi/4.9.2/thumb/libgcc.a(_arm_fixsfsi.o)
 .ARM.attributes
                0x000002ec       0x30 /home/tolm/dev/GBA/devkitPro/devkitARM/bin/../lib/gcc/arm-none-eabi/4.9.2/../../../../arm-none-eabi/lib/thumb/libg.a(lib_a-init.o)
 .ARM.attributes
                0x0000031c       0x30 /home/tolm/dev/GBA/devkitPro/devkitARM/bin/../lib/gcc/arm-none-eabi/4.9.2/../../../../arm-none-eabi/lib/thumb/libg.a(lib_a-malloc.o)
 .ARM.attributes
                0x0000034c       0x30 /home/tolm/dev/GBA/devkitPro/devkitARM/bin/../lib/gcc/arm-none-eabi/4.9.2/../../../../arm-none-eabi/lib/thumb/libg.a(lib_a-mallocr.o)
 .ARM.attributes
                0x0000037c       0x30 /home/tolm/dev/GBA/devkitPro/devkitARM/bin/../lib/gcc/arm-none-eabi/4.9.2/../../../../arm-none-eabi/lib/thumb/libg.a(lib_a-memcpy-stub.o)
 .ARM.attributes
                0x000003ac       0x30 /home/tolm/dev/GBA/devkitPro/devkitARM/bin/../lib/gcc/arm-none-eabi/4.9.2/../../../../arm-none-eabi/lib/thumb/libg.a(lib_a-memset.o)
 .ARM.attributes
                0x000003dc       0x30 /home/tolm/dev/GBA/devkitPro/devkitARM/bin/../lib/gcc/arm-none-eabi/4.9.2/../../../../arm-none-eabi/lib/thumb/libg.a(lib_a-mlock.o)
 .ARM.attributes
                0x0000040c       0x30 /home/tolm/dev/GBA/devkitPro/devkitARM/bin/../lib/gcc/arm-none-eabi/4.9.2/../../../../arm-none-eabi/lib/thumb/libg.a(lib_a-rand.o)
 .ARM.attributes
                0x0000043c       0x30 /home/tolm/dev/GBA/devkitPro/devkitARM/bin/../lib/gcc/arm-none-eabi/4.9.2/../../../../arm-none-eabi/lib/thumb/libg.a(lib_a-sprintf.o)
 .ARM.attributes
                0x0000046c       0x1c /home/tolm/dev/GBA/devkitPro/devkitARM/bin/../lib/gcc/arm-none-eabi/4.9.2/../../../../arm-none-eabi/lib/thumb/libg.a(lib_a-strcmp.o)
 .ARM.attributes
                0x00000488       0x30 /home/tolm/dev/GBA/devkitPro/devkitARM/bin/../lib/gcc/arm-none-eabi/4.9.2/../../../../arm-none-eabi/lib/thumb/libg.a(lib_a-svfprintf.o)
 .ARM.attributes
                0x000004b8       0x30 /home/tolm/dev/GBA/devkitPro/devkitARM/bin/../lib/gcc/arm-none-eabi/4.9.2/../../../../arm-none-eabi/lib/thumb/libg.a(lib_a-wcrtomb.o)
 .ARM.attributes
                0x000004e8       0x30 /home/tolm/dev/GBA/devkitPro/devkitARM/bin/../lib/gcc/arm-none-eabi/4.9.2/../../../../arm-none-eabi/lib/thumb/libg.a(lib_a-wcsrtombs.o)
 .ARM.attributes