Archive member included to satisfy reference by file (symbol)

/opt/devkitpro/libgba/lib/libmm.a(mm_effect.o)
                              drum.o (mmEffectEx)
/opt/devkitpro/libgba/lib/libmm.a(mm_mas_arm.o)
                              /opt/devkitpro/libgba/lib/libmm.a(mm_effect.o) (mmAllocChannel)
/opt/devkitpro/libgba/lib/libmm.a(mm_mixer_gba.o)
                              drum.o (mmVBlank)
/opt/devkitpro/libgba/lib/libmm.a(mm_init_default.o)
                              drum.o (mmInitDefault)
/opt/devkitpro/libgba/lib/libmm.a(mm_main_gba.o)
                              /opt/devkitpro/libgba/lib/libmm.a(mm_mixer_gba.o) (mm_vblank_function)
/opt/devkitpro/libgba/lib/libmm.a(mm_mas.o)
                              /opt/devkitpro/libgba/lib/libmm.a(mm_main_gba.o) (mmLayerMain)
/opt/devkitpro/libgba/lib/libmm.a(mm_main.o)
                              /opt/devkitpro/libgba/lib/libmm.a(mm_mas.o) (mmCallback)
/opt/devkitpro/libgba/lib/libgba.a(CpuSet.o)
                              drum.o (CpuFastSet)
/opt/devkitpro/libgba/lib/libgba.a(interrupt.o)
                              drum.o (irqInit)
/opt/devkitpro/libgba/lib/libgba.a(input.o)
                              drum.o (scanKeys)
/opt/devkitpro/libgba/lib/libgba.a(InterruptDispatcher.o)
                              /opt/devkitpro/libgba/lib/libgba.a(interrupt.o) (IntrMain)
/opt/devkitpro/devkitARM/bin/../lib/gcc/arm-none-eabi/12.1.0/thumb/libgcc.a(_arm_muldf3.o)
                              drum.o (__aeabi_dmul)
/opt/devkitpro/devkitARM/bin/../lib/gcc/arm-none-eabi/12.1.0/thumb/libgcc.a(_arm_mulsf3.o)
                              drum.o (__aeabi_fmul)
/opt/devkitpro/devkitARM/bin/../lib/gcc/arm-none-eabi/12.1.0/thumb/libgcc.a(_udivsi3.o)
                              drum.o (__aeabi_uidiv)
/opt/devkitpro/devkitARM/bin/../lib/gcc/arm-none-eabi/12.1.0/thumb/libgcc.a(_divsi3.o)
                              drum.o (__aeabi_idiv)
/opt/devkitpro/devkitARM/bin/../lib/gcc/arm-none-eabi/12.1.0/thumb/libgcc.a(_dvmd_tls.o)
                              /opt/devkitpro/devkitARM/bin/../lib/gcc/arm-none-eabi/12.1.0/thumb/libgcc.a(_udivsi3.o) (__aeabi_idiv0)
/opt/devkitpro/devkitARM/bin/../lib/gcc/arm-none-eabi/12.1.0/thumb/libgcc.a(_call_via_rX.o)
                              /opt/devkitpro/libgba/lib/libmm.a(mm_main_gba.o) (_call_via_r1)
/opt/devkitpro/devkitARM/bin/../lib/gcc/arm-none-eabi/12.1.0/thumb/libgcc.a(_arm_addsubdf3.o)
                              drum.o (__aeabi_i2d)
/opt/devkitpro/devkitARM/bin/../lib/gcc/arm-none-eabi/12.1.0/thumb/libgcc.a(_arm_fixdfsi.o)
                              drum.o (__aeabi_d2iz)
/opt/devkitpro/devkitARM/bin/../lib/gcc/arm-none-eabi/12.1.0/thumb/libgcc.a(_arm_addsubsf3.o)
                              drum.o (__aeabi_fsub)
/opt/devkitpro/devkitARM/bin/../lib/gcc/arm-none-eabi/12.1.0/thumb/libgcc.a(_arm_muldivsf3.o)
                              drum.o (__aeabi_fdiv)
/opt/devkitpro/devkitARM/bin/../lib/gcc/arm-none-eabi/12.1.0/thumb/libgcc.a(_arm_cmpsf2.o)
                              drum.o (__aeabi_fcmplt)
/opt/devkitpro/devkitARM/bin/../lib/gcc/arm-none-eabi/12.1.0/thumb/libgcc.a(_arm_fixsfsi.o)
                              drum.o (__aeabi_f2iz)
/opt/devkitpro/devkitARM/bin/../lib/gcc/arm-none-eabi/12.1.0/../../../../arm-none-eabi/lib/thumb/libg.a(lib_a-init.o)
                              /opt/devkitpro/devkitARM/bin/../lib/gcc/arm-none-eabi/12.1.0/../../../../arm-none-eabi/lib/thumb/gba_crt0.o (__libc_init_array)
/opt/devkitpro/devkitARM/bin/../lib/gcc/arm-none-eabi/12.1.0/../../../../arm-none-eabi/lib/thumb/libg.a(lib_a-malloc.o)
                              drum.o (malloc)
/opt/devkitpro/devkitARM/bin/../lib/gcc/arm-none-eabi/12.1.0/../../../../arm-none-eabi/lib/thumb/libg.a(lib_a-mallocr.o)
                              /opt/devkitpro/devkitARM/bin/../lib/gcc/arm-none-eabi/12.1.0/../../../../arm-none-eabi/lib/thumb/libg.a(lib_a-malloc.o) (_malloc_r)
/opt/devkitpro/devkitARM/bin/../lib/gcc/arm-none-eabi/12.1.0/../../../../arm-none-eabi/lib/thumb/libg.a(lib_a-memcpy-stub.o)
                              drum.o (memcpy)
/opt/devkitpro/devkitARM/bin/../lib/gcc/arm-none-eabi/12.1.0/../../../../arm-none-eabi/lib/thumb/libg.a(lib_a-memset.o)
                              drum.o (memset)
/opt/devkitpro/devkitARM/bin/../lib/gcc/arm-none-eabi/12.1.0/../../../../arm-none-eabi/lib/thumb/libg.a(lib_a-mlock.o)
                              /opt/devkitpro/devkitARM/bin/../lib/gcc/arm-none-eabi/12.1.0/../../../../arm-none-eabi/lib/thumb/libg.a(lib_a-mallocr.o) (__malloc_lock)
/opt/devkitpro/devkitARM/bin/../lib/gcc/arm-none-eabi/12.1.0/../../../../arm-none-eabi/lib/thumb/libg.a(lib_a-rand.o)
                              drum.o (rand)
/opt/devkitpro/devkitARM/bin/../lib/gcc/arm-none-eabi/12.1.0/../../../../arm-none-eabi/lib/thumb/libg.a(lib_a-sprintf.o)
                              drum.o (sprintf)
/opt/devkitpro/devkitARM/bin/../lib/gcc/arm-none-eabi/12.1.0/../../../../arm-none-eabi/lib/thumb/libg.a(lib_a-strcmp.o)
[...]
Memory Configuration

Name             Origin             Length             Attributes
rom              0x0000000008000000 0x0000000002000000
iwram            0x0000000003000000 0x0000000000008000
ewram            0x0000000002000000 0x0000000000040000
*default*        0x0000000000000000 0xffffffffffffffff

Linker script and memory map

                0x0000000008000000                __text_start = ORIGIN (rom)
                0x0000000002040000                __eheap_end = (ORIGIN (ewram) + LENGTH (ewram))
                0x0000000003000000                __iwram_start = ORIGIN (iwram)
                0x0000000003008000                __iwram_top = (ORIGIN (iwram) + LENGTH (iwram))
                0x0000000003007fa0                __sp_irq = (__iwram_top - 0x60)
                0x0000000003007f00                __sp_usr = (__sp_irq - 0xa0)
                0x0000000003007ff8                __irq_flags = 0x3007ff8
                0x0000000008000000                . = __text_start

.crt0           0x0000000008000000      0x210
 *(.crt0)
 .crt0          0x0000000008000000      0x210 /opt/devkitpro/devkitARM/bin/../lib/gcc/arm-none-eabi/12.1.0/../../../../arm-none-eabi/lib/thumb/gba_crt0.o
                0x0000000008000000                _start
                0x00000000080000c4                __boot_method
                0x00000000080000c5                __slave_number
                0x00000000080000e0                start_vector
                0x0000000008000210                . = ALIGN (0x4)

.init           0x0000000008000210        0xc
 *(SORT_NONE(.init))
 .init          0x0000000008000210        0x4 /opt/devkitpro/devkitARM/bin/../lib/gcc/arm-none-eabi/12.1.0/thumb/crti.o
                0x0000000008000210                _init
 .init          0x0000000008000214        0x8 /opt/devkitpro/devkitARM/bin/../lib/gcc/arm-none-eabi/12.1.0/thumb/crtn.o

.plt            0x000000000800021c        0x0
 *(.plt)
                0x000000000800021c                . = ALIGN (0x4)

.text           0x0000000008000220    0x118e0
 *(EXCLUDE_FILE(*.iwram*) .text*)
 .text.__do_global_dtors_aux
                0x0000000008000220       0x2c /opt/devkitpro/devkitARM/bin/../lib/gcc/arm-none-eabi/12.1.0/thumb/crtbegin.o
 .text.frame_dummy
                0x000000000800024c       0x24 /opt/devkitpro/devkitARM/bin/../lib/gcc/arm-none-eabi/12.1.0/thumb/crtbegin.o
 .text          0x0000000008000270     0x5a4c drum.o
                0x0000000008000270                set_bpm_to_millis
                0x0000000008000298                snd_playSoundOnChannel4
                0x0000000008000320                snd_playSoundOnChannel1
                0x00000000080003c4                gb_note_play
                0x00000000080004a8                gb_noise_play
                0x0000000008000544                set_shuffle
                0x0000000008000578                setup_timers
                0x00000000080005b4                update_timers
                0x00000000080005dc                enable_serial_interrupt
                0x0000000008000614                disable_serial_interrupt
                0x0000000008000634                enable_trig_interrupt
                0x0000000008000664                disable_trig_interrupt
                0x0000000008000684                init_song
                0x0000000008000820                rand_pattern
                0x0000000008000984                rand_samples
                0x00000000080009d4                clear_pattern
                0x0000000008000a68                copy_pattern
                0x0000000008000a94                paste_pattern
                0x0000000008000ac0                copy_order
                0x0000000008000ad4                paste_order
                0x0000000008000ae4                play_sample
                0x0000000008000bbc                play_sample_sync
                0x0000000008000bec                play_sound
                0x0000000008000d50                tte_init_se_err
                0x0000000008000d54                tte_init_con
                0x0000000008000d58                define_palettes
                0x0000000008000e94                clear_screen
                0x0000000008000eb4                put_character
                0x0000000008000edc                put_string
                0x0000000008000f34                set_palette
                0x0000000008000f54                draw_cursor
                0x0000000008001134                draw_cell_status
                0x00000000080014e4                draw_column_cursor
                0x0000000008001538                clear_last_song_cursor
                0x00000000080015a0                clear_last_song_queued_cursor
                0x000000000800160c                draw_song_queued_cursor
                0x0000000008001678                draw_song_cursor
                0x000000000800171c                clear_song_cursor
                0x0000000008001778                draw_status
                0x0000000008001808                draw_temp_status
                0x0000000008001890                set_status
                0x0000000008001920                draw_bpm_pattern
                0x0000000008001a48                draw_song
                0x0000000008001d18                draw_samples
                0x0000000008001f88                draw_settings
                0x00000000080024a0                draw_help
                0x00000000080025bc                move_cursor
                0x000000000800285c                draw_screen
                0x0000000008002898                find_chain_start
                0x00000000080028d0                stop_song
                0x0000000008002c10                play_pattern
                0x0000000008002e94                play_song
                0x0000000008003160                next_column
                0x00000000080035d0                is_empty_pattern
                0x00000000080036f0                set_patterns_data
                0x0000000008003814                set_orders_data
                0x0000000008003840                file_option_save
                0x0000000008003a14                file_option_load
                0x0000000008003b54                samples_menu
                0x0000000008003f18                settings_menu
                0x0000000008004580                process_input
                0x0000000008005b08                setup_interrupts
                0x0000000008005b3c                setup_display
 .text.startup  0x0000000008005cbc       0xbc drum.o
                0x0000000008005cbc                main
 .text          0x0000000008005d78      0x314 /opt/devkitpro/libgba/lib/libmm.a(mm_effect.o)
                0x0000000008005d78                mmResetEffects
                0x0000000008005da4                mmEffect
                0x0000000008005dba                mmEffectEx
                0x0000000008005eba                mmEffectActive
                0x0000000008005eee                mmEffectVolume
                0x0000000008005f0a                mmEffectPanning
                0x0000000008005f1e                mmEffectRate
                0x0000000008005f32                mmEffectCancel
                0x0000000008005f6c                mmEffectRelease
                0x0000000008005f92                mmEffectScaleRate
                0x0000000008005fa6                mmSetEffectsVolume
                0x0000000008005fb4                mmEffectCancelAll
                0x0000000008005ff4                mmUpdateEffects
 .text          0x000000000800608c      0x1e0 /opt/devkitpro/libgba/lib/libmm.a(mm_mixer_gba.o)
                0x000000000800608c                mmMixerSetSource
                0x00000000080060a0                mmMixerSetRead
                0x00000000080060ae                mmMixerSetFreq
                0x00000000080060be                mmMixerMulFreq
                0x00000000080060d2                mmMixerStopChannel
                0x00000000080060e4                mmMixerChannelActive
                0x00000000080060f6                mmMixerSetVolume
                0x0000000008006104                mmMixerSetPan
                0x0000000008006112                mmMixerInit
 .text          0x000000000800626c       0x44 /opt/devkitpro/libgba/lib/libmm.a(mm_init_default.o)
                0x000000000800626c                mmInitDefault
 .text          0x00000000080062b0      0x12c /opt/devkitpro/libgba/lib/libmm.a(mm_main_gba.o)
                0x00000000080062b0                mmInit
                0x0000000008006304                mmSetVBlankHandler
                0x000000000800630a                mmFrame
 .text          0x00000000080063dc     0x1570 /opt/devkitpro/libgba/lib/libmm.a(mm_mas.o)
                0x0000000008006450                mmStart
                0x0000000008006470                mmJingle
                0x0000000008006476                mmPlayModule
                0x0000000008006540                mmPause
                0x000000000800655c                mmResume
                0x000000000800656c                mmActive
                0x0000000008006572                mmActiveSub
                0x0000000008006578                mmSetModuleVolume
                0x0000000008006588                mmSetJingleVolume
                0x00000000080065c4                mmGetPositionTick
                0x00000000080065ca                mmGetPositionRow
                0x00000000080065d0                mmGetPosition
                0x00000000080065d6                mmPosition
                0x00000000080065f0                mmSetModuleTempo
                0x0000000008006622                mmSetModulePitch
                0x0000000008006664                mmStop
                0x000000000800672a                mppUpdateSub
                0x0000000008006886                mpp_Process_VolumeCommand
                0x0000000008006abe                mpp_Process_Effect
                0x000000000800720c                ST3_FREQTABLE
                0x000000000800762c                IT_PitchTable
 .text          0x000000000800794c       0x14 /opt/devkitpro/libgba/lib/libmm.a(mm_main.o)
                0x000000000800794c                mpp_call_r7
                0x000000000800794e                mpp_call_r1
                0x0000000008007950                mpp_call_r2
                0x0000000008007952                mpp_call_r3
                0x0000000008007954                mmSetEventHandler
 .text          0x0000000008007960        0x8 /opt/devkitpro/libgba/lib/libgba.a(CpuSet.o)
                0x0000000008007960                CpuSet
                0x0000000008007964                CpuFastSet
 .text          0x0000000008007968      0x3b8 /opt/devkitpro/libgba/lib/libgba.a(interrupt.o)
                0x0000000008007968                dummy
                0x000000000800796c                InitInterrupt
                0x00000000080079c8                irqInit
                0x0000000008007a24                SetInterrupt
                0x0000000008007b08                irqSet
                0x0000000008007bec                EnableInterrupt
                0x0000000008007c38                irqEnable
                0x0000000008007c88                DisableInterrupt
                0x0000000008007cd4                irqDisable
 .text          0x0000000008007d20       0xbc /opt/devkitpro/libgba/lib/libgba.a(input.o)
                0x0000000008007d20                setRepeat
                0x0000000008007d2c                scanKeys
                0x0000000008007da0                keysDownRepeat
                0x0000000008007db0                keysDown
                0x0000000008007dc0                keysUp
                0x0000000008007dd0                keysHeld
 .text          0x0000000008007ddc      0x11c /opt/devkitpro/devkitARM/bin/../lib/gcc/arm-none-eabi/12.1.0/thumb/libgcc.a(_udivsi3.o)
                0x0000000008007ddc                __udivsi3
                0x0000000008007ddc                __aeabi_uidiv
                0x0000000008007ed8                __aeabi_uidivmod
 .text          0x0000000008007ef8      0x150 /opt/devkitpro/devkitARM/bin/../lib/gcc/arm-none-eabi/12.1.0/thumb/libgcc.a(_divsi3.o)
                0x0000000008007ef8                __aeabi_idiv
                0x0000000008007ef8                __divsi3
                0x0000000008008028                __aeabi_idivmod
 .text          0x0000000008008048        0x4 /opt/devkitpro/devkitARM/bin/../lib/gcc/arm-none-eabi/12.1.0/thumb/libgcc.a(_dvmd_tls.o)
                0x0000000008008048                __aeabi_ldiv0
                0x0000000008008048                __aeabi_idiv0
 .text          0x000000000800804c       0x3c /opt/devkitpro/devkitARM/bin/../lib/gcc/arm-none-eabi/12.1.0/thumb/libgcc.a(_call_via_rX.o)
                0x000000000800804c                _call_via_r0
                0x0000000008008050                _call_via_r1
                0x0000000008008054                _call_via_r2
                0x0000000008008058                _call_via_r3
                0x000000000800805c                _call_via_r4
                0x0000000008008060                _call_via_r5
                0x0000000008008064                _call_via_r6
                0x0000000008008068                _call_via_r7
                0x000000000800806c                _call_via_r8
                0x0000000008008070                _call_via_r9
                0x0000000008008074                _call_via_sl
                0x0000000008008078                _call_via_fp
                0x000000000800807c                _call_via_ip
                0x0000000008008080                _call_via_sp
                0x0000000008008084                _call_via_lr
 .text          0x0000000008008088      0x424 /opt/devkitpro/devkitARM/bin/../lib/gcc/arm-none-eabi/12.1.0/thumb/libgcc.a(_arm_addsubdf3.o)
                0x0000000008008088                __aeabi_drsub
                0x0000000008008090                __aeabi_dsub
                0x0000000008008090                __subdf3
                0x0000000008008094                __adddf3
                0x0000000008008094                __aeabi_dadd
                0x00000000080083a4                __aeabi_ui2d
                0x00000000080083a4                __floatunsidf
                0x00000000080083c8                __floatsidf
                0x00000000080083c8                __aeabi_i2d
                0x00000000080083f0                __extendsfdf2
                0x00000000080083f0                __aeabi_f2d
                0x0000000008008438                __aeabi_ul2d
                0x0000000008008438                __floatundidf
                0x000000000800844c                __floatdidf
                0x000000000800844c                __aeabi_l2d
 .text          0x00000000080084ac       0x5c /opt/devkitpro/devkitARM/bin/../lib/gcc/arm-none-eabi/12.1.0/thumb/libgcc.a(_arm_fixdfsi.o)
                0x00000000080084ac                __fixdfsi
                0x00000000080084ac                __aeabi_d2iz
 .text          0x0000000008008508      0x2ac /opt/devkitpro/devkitARM/bin/../lib/gcc/arm-none-eabi/12.1.0/thumb/libgcc.a(_arm_addsubsf3.o)
                0x0000000008008508                __aeabi_frsub
                0x0000000008008510                __subsf3
                0x0000000008008510                __aeabi_fsub
                0x0000000008008514                __aeabi_fadd
                0x0000000008008514                __addsf3
                0x00000000080086d0                __aeabi_ui2f
                0x00000000080086d0                __floatunsisf
                0x00000000080086d8                __aeabi_i2f
                0x00000000080086d8                __floatsisf
                0x00000000080086f8                __floatundisf
                0x00000000080086f8                __aeabi_ul2f
                0x0000000008008708                __floatdisf
                0x0000000008008708                __aeabi_l2f
 .text          0x00000000080087b4      0x2f8 /opt/devkitpro/devkitARM/bin/../lib/gcc/arm-none-eabi/12.1.0/thumb/libgcc.a(_arm_muldivsf3.o)
                0x00000000080087b4                __mulsf3
                0x00000000080087b4                __aeabi_fmul
                0x000000000800894c                __divsf3
                0x000000000800894c                __aeabi_fdiv
 .text          0x0000000008008aac      0x114 /opt/devkitpro/devkitARM/bin/../lib/gcc/arm-none-eabi/12.1.0/thumb/libgcc.a(_arm_cmpsf2.o)
                0x0000000008008aac                __gtsf2
                0x0000000008008aac                __gesf2
                0x0000000008008ab4                __lesf2
                0x0000000008008ab4                __ltsf2
                0x0000000008008abc                __nesf2
                0x0000000008008abc                __eqsf2
                0x0000000008008abc                __cmpsf2
                0x0000000008008b20                __aeabi_cfrcmple
                0x0000000008008b30                __aeabi_cfcmple
                0x0000000008008b30                __aeabi_cfcmpeq
                0x0000000008008b48                __aeabi_fcmpeq
                0x0000000008008b60                __aeabi_fcmplt
                0x0000000008008b78                __aeabi_fcmple
                0x0000000008008b90                __aeabi_fcmpge
                0x0000000008008ba8                __aeabi_fcmpgt
 .text          0x0000000008008bc0       0x5c /opt/devkitpro/devkitARM/bin/../lib/gcc/arm-none-eabi/12.1.0/thumb/libgcc.a(_arm_fixsfsi.o)
                0x0000000008008bc0                __fixsfsi
                0x0000000008008bc0                __aeabi_f2iz
 .text.__libc_init_array
                0x0000000008008c1c       0x54 /opt/devkitpro/devkitARM/bin/../lib/gcc/arm-none-eabi/12.1.0/../../../../arm-none-eabi/lib/thumb/libg.a(lib_a-init.o)
                0x0000000008008c1c                __libc_init_array
 .text.malloc   0x0000000008008c70       0x14 /opt/devkitpro/devkitARM/bin/../lib/gcc/arm-none-eabi/12.1.0/../../../../arm-none-eabi/lib/thumb/libg.a(lib_a-malloc.o)
                0x0000000008008c70                malloc
 .text.free     0x0000000008008c84       0x14 /opt/devkitpro/devkitARM/bin/../lib/gcc/arm-none-eabi/12.1.0/../../../../arm-none-eabi/lib/thumb/libg.a(lib_a-malloc.o)
                0x0000000008008c84                free
 .text._malloc_r
                0x0000000008008c98      0x560 /opt/devkitpro/devkitARM/bin/../lib/gcc/arm-none-eabi/12.1.0/../../../../arm-none-eabi/lib/thumb/libg.a(lib_a-mallocr.o)
                0x0000000008008c98                _malloc_r
 .text.memcpy   0x00000000080091f8       0x94 /opt/devkitpro/devkitARM/bin/../lib/gcc/arm-none-eabi/12.1.0/../../../../arm-none-eabi/lib/thumb/libg.a(lib_a-memcpy-stub.o)
                0x00000000080091f8                memcpy
 .text.memset   0x000000000800928c       0xb0 /opt/devkitpro/devkitARM/bin/../lib/gcc/arm-none-eabi/12.1.0/../../../../arm-none-eabi/lib/thumb/libg.a(lib_a-memset.o)
                0x000000000800928c                memset
 .text.__malloc_lock
                0x000000000800933c       0x14 /opt/devkitpro/devkitARM/bin/../lib/gcc/arm-none-eabi/12.1.0/../../../../arm-none-eabi/lib/thumb/libg.a(lib_a-mlock.o)
                0x000000000800933c                __malloc_lock
 .text.__malloc_unlock
                0x0000000008009350       0x14 /opt/devkitpro/devkitARM/bin/../lib/gcc/arm-none-eabi/12.1.0/../../../../arm-none-eabi/lib/thumb/libg.a(lib_a-mlock.o)
                0x0000000008009350                __malloc_unlock
 .text.rand     0x0000000008009364       0x34 /opt/devkitpro/devkitARM/bin/../lib/gcc/arm-none-eabi/12.1.0/../../../../arm-none-eabi/lib/thumb/libg.a(lib_a-rand.o)
                0x0000000008009364                rand
 .text.sprintf  0x0000000008009398       0x40 /opt/devkitpro/devkitARM/bin/../lib/gcc/arm-none-eabi/12.1.0/../../../../arm-none-eabi/lib/thumb/libg.a(lib_a-sprintf.o)
                0x0000000008009398                sprintf
 .text          0x00000000080093d8      0x224 /opt/devkitpro/devkitARM/bin/../lib/gcc/arm-none-eabi/12.1.0/../../../../arm-none-eabi/lib/thumb/libg.a(lib_a-strcmp.o)
                0x00000000080093d8                strcmp
 .text.get_arg  0x00000000080095fc      0x42c /opt/devkitpro/devkitARM/bin/../lib/gcc/arm-none-eabi/12.1.0/../../../../arm-none-eabi/lib/thumb/libg.a(lib_a-svfprintf.o)
 .text._svfprintf_r
                0x0000000008009a28     0x22fc /opt/devkitpro/devkitARM/bin/../lib/gcc/arm-none-eabi/12.1.0/../../../../arm-none-eabi/lib/thumb/libg.a(lib_a-svfprintf.o)
                0x0000000008009a28                _svfprintf_r
 .text._wcrtomb_r
                0x000000000800bd24       0x5c /opt/devkitpro/devkitARM/bin/../lib/gcc/arm-none-eabi/12.1.0/../../../../arm-none-eabi/lib/thumb/libg.a(lib_a-wcrtomb.o)
                0x000000000800bd24                _wcrtomb_r
 .text._wcsrtombs_r
                0x000000000800bd80       0x1c /opt/devkitpro/devkitARM/bin/../lib/gcc/arm-none-eabi/12.1.0/../../../../arm-none-eabi/lib/thumb/libg.a(lib_a-wcsrtombs.o)
                0x000000000800bd80                _wcsrtombs_r
 .text.quorem   0x000000000800bd9c      0x158 /opt/devkitpro/devkitARM/bin/../lib/gcc/arm-none-eabi/12.1.0/../../../../arm-none-eabi/lib/thumb/libg.a(lib_a-dtoa.o)
 .text._dtoa_r  0x000000000800bef4      0xfcc /opt/devkitpro/devkitARM/bin/../lib/gcc/arm-none-eabi/12.1.0/../../../../arm-none-eabi/lib/thumb/libg.a(lib_a-dtoa.o)
                0x000000000800bef4                _dtoa_r
 .text._malloc_trim_r
                0x000000000800cec0       0xac /opt/devkitpro/devkitARM/bin/../lib/gcc/arm-none-eabi/12.1.0/../../../../arm-none-eabi/lib/thumb/libg.a(lib_a-freer.o)
                0x000000000800cec0                _malloc_trim_r
 .text._free_r  0x000000000800cf6c      0x1d8 /opt/devkitpro/devkitARM/bin/../lib/gcc/arm-none-eabi/12.1.0/../../../../arm-none-eabi/lib/thumb/libg.a(lib_a-freer.o)
                0x000000000800cf6c                _free_r
 .text._localeconv_r
                0x000000000800d144        0x8 /opt/devkitpro/devkitARM/bin/../lib/gcc/arm-none-eabi/12.1.0/../../../../arm-none-eabi/lib/thumb/libg.a(lib_a-localeconv.o)
                0x000000000800d144                _localeconv_r
 .text.__locale_mb_cur_max
                0x000000000800d14c       0x10 /opt/devkitpro/devkitARM/bin/../lib/gcc/arm-none-eabi/12.1.0/../../../../arm-none-eabi/lib/thumb/libg.a(lib_a-locale.o)
                0x000000000800d14c                __locale_mb_cur_max
 .text.__utf8_mbtowc
                0x000000000800d15c      0x27c /opt/devkitpro/devkitARM/bin/../lib/gcc/arm-none-eabi/12.1.0/../../../../arm-none-eabi/lib/thumb/libg.a(lib_a-mbtowc_r.o)
                0x000000000800d15c                __utf8_mbtowc
 .text.memchr   0x000000000800d3d8       0x78 /opt/devkitpro/devkitARM/bin/../lib/gcc/arm-none-eabi/12.1.0/../../../../arm-none-eabi/lib/thumb/libg.a(lib_a-memchr-stub.o)
                0x000000000800d3d8                memchr
 .text._Balloc  0x000000000800d450       0x54 /opt/devkitpro/devkitARM/bin/../lib/gcc/arm-none-eabi/12.1.0/../../../../arm-none-eabi/lib/thumb/libg.a(lib_a-mprec.o)
                0x000000000800d450                _Balloc
 .text._Bfree   0x000000000800d4a4       0x14 /opt/devkitpro/devkitARM/bin/../lib/gcc/arm-none-eabi/12.1.0/../../../../arm-none-eabi/lib/thumb/libg.a(lib_a-mprec.o)
                0x000000000800d4a4                _Bfree
 .text.__multadd
                0x000000000800d4b8       0xac /opt/devkitpro/devkitARM/bin/../lib/gcc/arm-none-eabi/12.1.0/../../../../arm-none-eabi/lib/thumb/libg.a(lib_a-mprec.o)
                0x000000000800d4b8                __multadd
 .text.__hi0bits
                0x000000000800d564       0x4c /opt/devkitpro/devkitARM/bin/../lib/gcc/arm-none-eabi/12.1.0/../../../../arm-none-eabi/lib/thumb/libg.a(lib_a-mprec.o)
                0x000000000800d564                __hi0bits
 .text.__lo0bits
                0x000000000800d5b0       0x5c /opt/devkitpro/devkitARM/bin/../lib/gcc/arm-none-eabi/12.1.0/../../../../arm-none-eabi/lib/thumb/libg.a(lib_a-mprec.o)
                0x000000000800d5b0                __lo0bits
 .text.__i2b    0x000000000800d60c       0x64 /opt/devkitpro/devkitARM/bin/../lib/gcc/arm-none-eabi/12.1.0/../../../../arm-none-eabi/lib/thumb/libg.a(lib_a-mprec.o)
                0x000000000800d60c                __i2b
 .text.__multiply
                0x000000000800d670      0x1b4 /opt/devkitpro/devkitARM/bin/../lib/gcc/arm-none-eabi/12.1.0/../../../../arm-none-eabi/lib/thumb/libg.a(lib_a-mprec.o)
                0x000000000800d670                __multiply
 .text.__pow5mult
                0x000000000800d824       0xd4 /opt/devkitpro/devkitARM/bin/../lib/gcc/arm-none-eabi/12.1.0/../../../../arm-none-eabi/lib/thumb/libg.a(lib_a-mprec.o)
                0x000000000800d824                __pow5mult
 .text.__lshift
                0x000000000800d8f8      0x100 /opt/devkitpro/devkitARM/bin/../lib/gcc/arm-none-eabi/12.1.0/../../../../arm-none-eabi/lib/thumb/libg.a(lib_a-mprec.o)
                0x000000000800d8f8                __lshift
 .text.__mcmp   0x000000000800d9f8       0x40 /opt/devkitpro/devkitARM/bin/../lib/gcc/arm-none-eabi/12.1.0/../../../../arm-none-eabi/lib/thumb/libg.a(lib_a-mprec.o)
                0x000000000800d9f8                __mcmp
 .text.__mdiff  0x000000000800da38      0x1a8 /opt/devkitpro/devkitARM/bin/../lib/gcc/arm-none-eabi/12.1.0/../../../../arm-none-eabi/lib/thumb/libg.a(lib_a-mprec.o)
                0x000000000800da38                __mdiff
 .text.__d2b    0x000000000800dbe0       0xd0 /opt/devkitpro/devkitARM/bin/../lib/gcc/arm-none-eabi/12.1.0/../../../../arm-none-eabi/lib/thumb/libg.a(lib_a-mprec.o)
                0x000000000800dbe0                __d2b
 .text.frexp    0x000000000800dcb0       0x6c /opt/devkitpro/devkitARM/bin/../lib/gcc/arm-none-eabi/12.1.0/../../../../arm-none-eabi/lib/thumb/libg.a(lib_a-s_frexp.o)
                0x000000000800dcb0                frexp
 .text.strlen   0x000000000800dd1c       0x60 /opt/devkitpro/devkitARM/bin/../lib/gcc/arm-none-eabi/12.1.0/../../../../arm-none-eabi/lib/thumb/libg.a(lib_a-strlen-stub.o)
                0x000000000800dd1c                strlen
 .text.strncpy  0x000000000800dd7c       0x68 /opt/devkitpro/devkitARM/bin/../lib/gcc/arm-none-eabi/12.1.0/../../../../arm-none-eabi/lib/thumb/libg.a(lib_a-strncpy.o)
                0x000000000800dd7c                strncpy
 .text.__ssprint_r
                0x000000000800dde4      0x120 /opt/devkitpro/devkitARM/bin/../lib/gcc/arm-none-eabi/12.1.0/../../../../arm-none-eabi/lib/thumb/libg.a(lib_a-svfiprintf.o)
                0x000000000800dde4                __ssprint_r
 .text._wcsnrtombs_l
                0x000000000800df04      0x11c /opt/devkitpro/devkitARM/bin/../lib/gcc/arm-none-eabi/12.1.0/../../../../arm-none-eabi/lib/thumb/libg.a(lib_a-wcsnrtombs.o)
                0x000000000800df04                _wcsnrtombs_l
 .text._wcsnrtombs_r
                0x000000000800e020       0x30 /opt/devkitpro/devkitARM/bin/../lib/gcc/arm-none-eabi/12.1.0/../../../../arm-none-eabi/lib/thumb/libg.a(lib_a-wcsnrtombs.o)
                0x000000000800e020                _wcsnrtombs_r
 .text.__utf8_wctomb
                0x000000000800e050       0xb4 /opt/devkitpro/devkitARM/bin/../lib/gcc/arm-none-eabi/12.1.0/../../../../arm-none-eabi/lib/thumb/libg.a(lib_a-wctomb_r.o)
                0x000000000800e050                __utf8_wctomb
 .text.__assert_func
                0x000000000800e104       0x40 /opt/devkitpro/devkitARM/bin/../lib/gcc/arm-none-eabi/12.1.0/../../../../arm-none-eabi/lib/thumb/libg.a(lib_a-assert.o)
                0x000000000800e104                __assert_func
 .text._calloc_r
                0x000000000800e144       0xb8 /opt/devkitpro/devkitARM/bin/../lib/gcc/arm-none-eabi/12.1.0/../../../../arm-none-eabi/lib/thumb/libg.a(lib_a-callocr.o)
                0x000000000800e144                _calloc_r
 .text.__errno  0x000000000800e1fc        0xc /opt/devkitpro/devkitARM/bin/../lib/gcc/arm-none-eabi/12.1.0/../../../../arm-none-eabi/lib/thumb/libg.a(lib_a-errno.o)
                0x000000000800e1fc                __errno
 .text.fiprintf
                0x000000000800e208       0x28 /opt/devkitpro/devkitARM/bin/../lib/gcc/arm-none-eabi/12.1.0/../../../../arm-none-eabi/lib/thumb/libg.a(lib_a-fiprintf.o)
                0x000000000800e208                fiprintf
 .text.memmove  0x000000000800e230       0xc0 /opt/devkitpro/devkitARM/bin/../lib/gcc/arm-none-eabi/12.1.0/../../../../arm-none-eabi/lib/thumb/libg.a(lib_a-memmove.o)
                0x000000000800e230                memmove
 .text._realloc_r
                0x000000000800e2f0      0x384 /opt/devkitpro/devkitARM/bin/../lib/gcc/arm-none-eabi/12.1.0/../../../../arm-none-eabi/lib/thumb/libg.a(lib_a-reallocr.o)
                0x000000000800e2f0                _realloc_r
 .text.get_arg  0x000000000800e674      0x42c /opt/devkitpro/devkitARM/bin/../lib/gcc/arm-none-eabi/12.1.0/../../../../arm-none-eabi/lib/thumb/libg.a(lib_a-vfiprintf.o)
 .text.__sprint_r
                0x000000000800eaa0       0x24 /opt/devkitpro/devkitARM/bin/../lib/gcc/arm-none-eabi/12.1.0/../../../../arm-none-eabi/lib/thumb/libg.a(lib_a-vfiprintf.o)
                0x000000000800eaa0                __sprint_r
 .text._vfiprintf_r
                0x000000000800eac4     0x173c /opt/devkitpro/devkitARM/bin/../lib/gcc/arm-none-eabi/12.1.0/../../../../arm-none-eabi/lib/thumb/libg.a(lib_a-vfiprintf.o)
                0x000000000800eac4                _vfiprintf_r
 .text.__sbprintf
                0x0000000008010200       0x8c /opt/devkitpro/devkitARM/bin/../lib/gcc/arm-none-eabi/12.1.0/../../../../arm-none-eabi/lib/thumb/libg.a(lib_a-vfiprintf.o)
 .text.__swsetup_r
                0x000000000801028c       0xd0 /opt/devkitpro/devkitARM/bin/../lib/gcc/arm-none-eabi/12.1.0/../../../../arm-none-eabi/lib/thumb/libg.a(lib_a-wsetup.o)
                0x000000000801028c                __swsetup_r
 .text.abort    0x000000000801035c       0x10 /opt/devkitpro/devkitARM/bin/../lib/gcc/arm-none-eabi/12.1.0/../../../../arm-none-eabi/lib/thumb/libg.a(lib_a-abort.o)
                0x000000000801035c                abort
 .text.__sflush_r
                0x000000000801036c      0x18c /opt/devkitpro/devkitARM/bin/../lib/gcc/arm-none-eabi/12.1.0/../../../../arm-none-eabi/lib/thumb/libg.a(lib_a-fflush.o)
                0x000000000801036c                __sflush_r
 .text._fflush_r
                0x00000000080104f8       0x70 /opt/devkitpro/devkitARM/bin/../lib/gcc/arm-none-eabi/12.1.0/../../../../arm-none-eabi/lib/thumb/libg.a(lib_a-fflush.o)
                0x00000000080104f8                _fflush_r
 .text._cleanup_r
                0x0000000008010568       0x14 /opt/devkitpro/devkitARM/bin/../lib/gcc/arm-none-eabi/12.1.0/../../../../arm-none-eabi/lib/thumb/libg.a(lib_a-findfp.o)
                0x0000000008010568                _cleanup_r
 .text.__sinit  0x000000000801057c      0x124 /opt/devkitpro/devkitARM/bin/../lib/gcc/arm-none-eabi/12.1.0/../../../../arm-none-eabi/lib/thumb/libg.a(lib_a-findfp.o)
                0x000000000801057c                __sinit
 .text.__sfp_lock_acquire
                0x00000000080106a0       0x14 /opt/devkitpro/devkitARM/bin/../lib/gcc/arm-none-eabi/12.1.0/../../../../arm-none-eabi/lib/thumb/libg.a(lib_a-findfp.o)
                0x00000000080106a0                __sfp_lock_acquire
 .text.__sfp_lock_release
                0x00000000080106b4       0x14 /opt/devkitpro/devkitARM/bin/../lib/gcc/arm-none-eabi/12.1.0/../../../../arm-none-eabi/lib/thumb/libg.a(lib_a-findfp.o)
                0x00000000080106b4                __sfp_lock_release
 .text.__sfvwrite_r
                0x00000000080106c8      0x334 /opt/devkitpro/devkitARM/bin/../lib/gcc/arm-none-eabi/12.1.0/../../../../arm-none-eabi/lib/thumb/libg.a(lib_a-fvwrite.o)
                0x00000000080106c8                __sfvwrite_r
 .text._fwalk_reent
                0x00000000080109fc       0x50 /opt/devkitpro/devkitARM/bin/../lib/gcc/arm-none-eabi/12.1.0/../../../../arm-none-eabi/lib/thumb/libg.a(lib_a-fwalk.o)
                0x00000000080109fc                _fwalk_reent
 .text.__smakebuf_r
                0x0000000008010a4c       0xf0 /opt/devkitpro/devkitARM/bin/../lib/gcc/arm-none-eabi/12.1.0/../../../../arm-none-eabi/lib/thumb/libg.a(lib_a-makebuf.o)
                0x0000000008010a4c                __smakebuf_r
 .text._raise_r
                0x0000000008010b3c       0x60 /opt/devkitpro/devkitARM/bin/../lib/gcc/arm-none-eabi/12.1.0/../../../../arm-none-eabi/lib/thumb/libg.a(lib_a-signal.o)
                0x0000000008010b3c                _raise_r
 .text.raise    0x0000000008010b9c       0x14 /opt/devkitpro/devkitARM/bin/../lib/gcc/arm-none-eabi/12.1.0/../../../../arm-none-eabi/lib/thumb/libg.a(lib_a-signal.o)
                0x0000000008010b9c                raise
 .text.__sread  0x0000000008010bb0       0x34 /opt/devkitpro/devkitARM/bin/../lib/gcc/arm-none-eabi/12.1.0/../../../../arm-none-eabi/lib/thumb/libg.a(lib_a-stdio.o)
                0x0000000008010bb0                __sread
 .text.__swrite
                0x0000000008010be4       0x4c /opt/devkitpro/devkitARM/bin/../lib/gcc/arm-none-eabi/12.1.0/../../../../arm-none-eabi/lib/thumb/libg.a(lib_a-stdio.o)
                0x0000000008010be4                __swrite
 .text.__sseek  0x0000000008010c30       0x44 /opt/devkitpro/devkitARM/bin/../lib/gcc/arm-none-eabi/12.1.0/../../../../arm-none-eabi/lib/thumb/libg.a(lib_a-stdio.o)
                0x0000000008010c30                __sseek
 .text.__sclose
                0x0000000008010c74       0x10 /opt/devkitpro/devkitARM/bin/../lib/gcc/arm-none-eabi/12.1.0/../../../../arm-none-eabi/lib/thumb/libg.a(lib_a-stdio.o)
                0x0000000008010c74                __sclose
 .text._fclose_r
                0x0000000008010c84       0xe4 /opt/devkitpro/devkitARM/bin/../lib/gcc/arm-none-eabi/12.1.0/../../../../arm-none-eabi/lib/thumb/libg.a(lib_a-fclose.o)
                0x0000000008010c84                _fclose_r
 .text._fstat_r
                0x0000000008010d68       0x4c /opt/devkitpro/devkitARM/bin/../lib/gcc/arm-none-eabi/12.1.0/../../../../arm-none-eabi/lib/thumb/libsysbase.a(fstat.o)
                0x0000000008010d68                _fstat_r
 .text._getpid_r
                0x0000000008010db4        0xc /opt/devkitpro/devkitARM/bin/../lib/gcc/arm-none-eabi/12.1.0/../../../../arm-none-eabi/lib/thumb/libsysbase.a(getpid.o)
                0x0000000008010db4                _getpid_r
 .text._isatty_r
                0x0000000008010dc0        0x4 /opt/devkitpro/devkitARM/bin/../lib/gcc/arm-none-eabi/12.1.0/../../../../arm-none-eabi/lib/thumb/libsysbase.a(isatty.o)
                0x0000000008010dc0                _isatty_r
 .text._kill_r  0x0000000008010dc4        0xc /opt/devkitpro/devkitARM/bin/../lib/gcc/arm-none-eabi/12.1.0/../../../../arm-none-eabi/lib/thumb/libsysbase.a(kill.o)
                0x0000000008010dc4                _kill_r
 .text._lseek_r
                0x0000000008010dd0       0x5c /opt/devkitpro/devkitARM/bin/../lib/gcc/arm-none-eabi/12.1.0/../../../../arm-none-eabi/lib/thumb/libsysbase.a(lseek.o)
                0x0000000008010dd0                _lseek_r
 .text._read_r  0x0000000008010e2c       0x50 /opt/devkitpro/devkitARM/bin/../lib/gcc/arm-none-eabi/12.1.0/../../../../arm-none-eabi/lib/thumb/libsysbase.a(read.o)
                0x0000000008010e2c                _read_r
 .text._sbrk_r  0x0000000008010e7c       0x54 /opt/devkitpro/devkitARM/bin/../lib/gcc/arm-none-eabi/12.1.0/../../../../arm-none-eabi/lib/thumb/libsysbase.a(sbrk.o)
                0x0000000008010e7c                _sbrk_r
 .text._write_r
                0x0000000008010ed0       0x50 /opt/devkitpro/devkitARM/bin/../lib/gcc/arm-none-eabi/12.1.0/../../../../arm-none-eabi/lib/thumb/libsysbase.a(write.o)
                0x0000000008010ed0                _write_r
 .text._exit    0x0000000008010f20       0x14 /opt/devkitpro/devkitARM/bin/../lib/gcc/arm-none-eabi/12.1.0/../../../../arm-none-eabi/lib/thumb/libsysbase.a(_exit.o)
                0x0000000008010f20                _exit
 .text.__flockfile
                0x0000000008010f34       0x10 /opt/devkitpro/devkitARM/bin/../lib/gcc/arm-none-eabi/12.1.0/../../../../arm-none-eabi/lib/thumb/libsysbase.a(flock.o)
                0x0000000008010f34                __flockfile
 .text.__funlockfile
                0x0000000008010f44       0x10 /opt/devkitpro/devkitARM/bin/../lib/gcc/arm-none-eabi/12.1.0/../../../../arm-none-eabi/lib/thumb/libsysbase.a(flock.o)
                0x0000000008010f44                __funlockfile
 .text.__get_handle
                0x0000000008010f54       0x34 /opt/devkitpro/devkitARM/bin/../lib/gcc/arm-none-eabi/12.1.0/../../../../arm-none-eabi/lib/thumb/libsysbase.a(handle_manager.o)
                0x0000000008010f54                __get_handle
 .text._close_r
                0x0000000008010f88       0xb8 /opt/devkitpro/devkitARM/bin/../lib/gcc/arm-none-eabi/12.1.0/../../../../arm-none-eabi/lib/thumb/libsysbase.a(handle_manager.o)
                0x0000000008010f88                _close_r
 .text.__getreent
                0x0000000008011040       0x20 /opt/devkitpro/devkitARM/bin/../lib/gcc/arm-none-eabi/12.1.0/../../../../arm-none-eabi/lib/thumb/libsysbase.a(getreent.o)
                0x0000000008011040                __getreent
 .text.__libc_lock_acquire
                0x0000000008011060       0x18 /opt/devkitpro/devkitARM/bin/../lib/gcc/arm-none-eabi/12.1.0/../../../../arm-none-eabi/lib/thumb/libsysbase.a(syscall_support.o)
                0x0000000008011060                __libc_lock_acquire
 .text.__libc_lock_release
                0x0000000008011078       0x18 /opt/devkitpro/devkitARM/bin/../lib/gcc/arm-none-eabi/12.1.0/../../../../arm-none-eabi/lib/thumb/libsysbase.a(syscall_support.o)
                0x0000000008011078                __libc_lock_release
 .text.__libc_lock_init_recursive
                0x0000000008011090       0x18 /opt/devkitpro/devkitARM/bin/../lib/gcc/arm-none-eabi/12.1.0/../../../../arm-none-eabi/lib/thumb/libsysbase.a(syscall_support.o)
                0x0000000008011090                __libc_lock_init_recursive
 .text.__libc_lock_acquire_recursive
                0x00000000080110a8       0x18 /opt/devkitpro/devkitARM/bin/../lib/gcc/arm-none-eabi/12.1.0/../../../../arm-none-eabi/lib/thumb/libsysbase.a(syscall_support.o)
                0x00000000080110a8                __libc_lock_acquire_recursive
 .text.__libc_lock_release_recursive
                0x00000000080110c0       0x18 /opt/devkitpro/devkitARM/bin/../lib/gcc/arm-none-eabi/12.1.0/../../../../arm-none-eabi/lib/thumb/libsysbase.a(syscall_support.o)
                0x00000000080110c0                __libc_lock_release_recursive
 .text.__libc_lock_close_recursive
                0x00000000080110d8       0x18 /opt/devkitpro/devkitARM/bin/../lib/gcc/arm-none-eabi/12.1.0/../../../../arm-none-eabi/lib/thumb/libsysbase.a(syscall_support.o)
                0x00000000080110d8                __libc_lock_close_recursive
 .text.null_write
                0x00000000080110f0        0x4 /opt/devkitpro/devkitARM/bin/../lib/gcc/arm-none-eabi/12.1.0/../../../../arm-none-eabi/lib/thumb/libsysbase.a(iosupport.o)
 .text          0x00000000080110f4       0x14 /opt/devkitpro/devkitARM/bin/../lib/gcc/arm-none-eabi/12.1.0/thumb/libgcc.a(_thumb1_case_uqi.o)
                0x00000000080110f4                __gnu_thumb1_case_uqi
 .text          0x0000000008011108       0x14 /opt/devkitpro/devkitARM/bin/../lib/gcc/arm-none-eabi/12.1.0/thumb/libgcc.a(_thumb1_case_uhi.o)
                0x0000000008011108                __gnu_thumb1_case_uhi
 .text          0x000000000801111c      0x49c /opt/devkitpro/devkitARM/bin/../lib/gcc/arm-none-eabi/12.1.0/thumb/libgcc.a(_arm_muldivdf3.o)
                0x000000000801111c                __aeabi_dmul
                0x000000000801111c                __muldf3
                0x00000000080113ac                __aeabi_ddiv
                0x00000000080113ac                __divdf3
 .text          0x00000000080115b8      0x144 /opt/devkitpro/devkitARM/bin/../lib/gcc/arm-none-eabi/12.1.0/thumb/libgcc.a(_arm_cmpdf2.o)
                0x00000000080115b8                __gtdf2
                0x00000000080115b8                __gedf2
                0x00000000080115c0                __ltdf2
                0x00000000080115c0                __ledf2
                0x00000000080115c8                __cmpdf2
                0x00000000080115c8                __eqdf2
                0x00000000080115c8                __nedf2
                0x0000000008011650                __aeabi_cdrcmple
                0x000000000801166c                __aeabi_cdcmple
                0x000000000801166c                __aeabi_cdcmpeq
                0x0000000008011684                __aeabi_dcmpeq
                0x000000000801169c                __aeabi_dcmplt
                0x00000000080116b4                __aeabi_dcmple
                0x00000000080116cc                __aeabi_dcmpge
                0x00000000080116e4                __aeabi_dcmpgt
 .text          0x00000000080116fc       0x38 /opt/devkitpro/devkitARM/bin/../lib/gcc/arm-none-eabi/12.1.0/thumb/libgcc.a(_arm_unorddf2.o)
                0x00000000080116fc                __aeabi_dcmpun
                0x00000000080116fc                __unorddf2
 .text          0x0000000008011734       0x3c /opt/devkitpro/devkitARM/bin/../lib/gcc/arm-none-eabi/12.1.0/thumb/libgcc.a(_aeabi_uldivmod.o)
                0x0000000008011734                __aeabi_uldivmod
 .text.__muldi3
                0x0000000008011770       0x64 /opt/devkitpro/devkitARM/bin/../lib/gcc/arm-none-eabi/12.1.0/thumb/libgcc.a(_muldi3.o)
                0x0000000008011770                __aeabi_lmul
                0x0000000008011770                __muldi3
 .text.__udivmoddi4
                0x00000000080117d4      0x19c /opt/devkitpro/devkitARM/bin/../lib/gcc/arm-none-eabi/12.1.0/thumb/libgcc.a(_udivmoddi4.o)
                0x00000000080117d4                __udivmoddi4
 .text          0x0000000008011970       0x28 /opt/devkitpro/devkitARM/bin/../lib/gcc/arm-none-eabi/12.1.0/thumb/libgcc.a(_clzdi2.o)
                0x0000000008011970                __clzdi2
 .text          0x0000000008011998       0x48 /opt/devkitpro/devkitARM/bin/../lib/gcc/arm-none-eabi/12.1.0/thumb/libgcc.a(_clzsi2.o)
                0x0000000008011998                __clzsi2
 .text.__stub   0x00000000080119e0      0x114 linker stubs
 *(.gnu.linkonce.t.*)
 *(.text.*personality*)
 *(.gnu.warning)
 *(.glue_7t)
 .glue_7t       0x0000000008011b00        0x0 linker stubs
 *(.glue_7)
 .glue_7        0x0000000008011b00        0x0 linker stubs
 *(.vfp11_veneer)
 .vfp11_veneer  0x0000000008011b00        0x0 linker stubs
                0x0000000008011b00                . = ALIGN (0x4)
                0x0000000008011b00                __text_end = .

.v4_bx          0x0000000008011b00        0x0
 .v4_bx         0x0000000008011b00        0x0 linker stubs

.iplt           0x0000000008011b00        0x0
 .iplt          0x0000000008011b00        0x0 /opt/devkitpro/devkitARM/bin/../lib/gcc/arm-none-eabi/12.1.0/../../../../arm-none-eabi/lib/thumb/gba_crt0.o

.fini           0x0000000008011b00        0xc
 *(.fini)
 .fini          0x0000000008011b00        0x4 /opt/devkitpro/devkitARM/bin/../lib/gcc/arm-none-eabi/12.1.0/thumb/crti.o
                0x0000000008011b00                _fini
 .fini          0x0000000008011b04        0x8 /opt/devkitpro/devkitARM/bin/../lib/gcc/arm-none-eabi/12.1.0/thumb/crtn.o
                0x0000000008011b0c                . = ALIGN (0x4)

.rodata         0x0000000008011b10   0x145ad4
 *(.rodata)
 .rodata        0x0000000008011b10      0x129 drum.o
                0x0000000008011b80                __snd_rates
                0x0000000008011bbc                pitch_table
                0x0000000008011c20                note_table
 *all.rodata*(*)
 *(.roda)
 *(.rodata.*)
 *fill*         0x0000000008011c39        0x3 ff
 .rodata.r6502_portfont_bin
                0x0000000008011c3c      0xc00 r6502_portfont.bin.o
                0x0000000008011c3c                r6502_portfont_bin
                0x000000000801283c                r6502_portfont_bin_end
 .rodata.soundbank_bin
                0x000000000801283c   0x1441cf soundbank.bin.o
                0x000000000801283c                soundbank_bin
                0x0000000008156a0b                soundbank_bin_end
 *fill*         0x0000000008156a0b        0x1 ff
 .rodata.str1.4
                0x0000000008156a0c      0x5ca drum.o
                                        0x5d6 (size before relaxing)
 .rodata._svfprintf_r.str1.1
                0x0000000008156fd6       0x3b /opt/devkitpro/devkitARM/bin/../lib/gcc/arm-none-eabi/12.1.0/../../../../arm-none-eabi/lib/thumb/libg.a(lib_a-svfprintf.o)
 *fill*         0x0000000008157011        0x3 ff
 .rodata.zeroes.0
                0x0000000008157014       0x10 /opt/devkitpro/devkitARM/bin/../lib/gcc/arm-none-eabi/12.1.0/../../../../arm-none-eabi/lib/thumb/libg.a(lib_a-svfprintf.o)
 .rodata.blanks.1
                0x0000000008157024       0x10 /opt/devkitpro/devkitARM/bin/../lib/gcc/arm-none-eabi/12.1.0/../../../../arm-none-eabi/lib/thumb/libg.a(lib_a-svfprintf.o)
 .rodata._dtoa_r.str1.4
                0x0000000008157034       0x6d /opt/devkitpro/devkitARM/bin/../lib/gcc/arm-none-eabi/12.1.0/../../../../arm-none-eabi/lib/thumb/libg.a(lib_a-dtoa.o)
 *fill*         0x00000000081570a1        0x3 ff
 .rodata.str1.4
                0x00000000081570a4       0x48 /opt/devkitpro/devkitARM/bin/../lib/gcc/arm-none-eabi/12.1.0/../../../../arm-none-eabi/lib/thumb/libg.a(lib_a-locale.o)
                                         0x4c (size before relaxing)
 .rodata.__multadd.str1.4
                0x00000000081570ec       0x46 /opt/devkitpro/devkitARM/bin/../lib/gcc/arm-none-eabi/12.1.0/../../../../arm-none-eabi/lib/thumb/libg.a(lib_a-mprec.o)
                                         0x5a (size before relaxing)
 *fill*         0x0000000008157132        0x2 ff
 .rodata.p05.0  0x0000000008157134        0xc /opt/devkitpro/devkitARM/bin/../lib/gcc/arm-none-eabi/12.1.0/../../../../arm-none-eabi/lib/thumb/libg.a(lib_a-mprec.o)
 .rodata.__mprec_bigtens
                0x0000000008157140       0x28 /opt/devkitpro/devkitARM/bin/../lib/gcc/arm-none-eabi/12.1.0/../../../../arm-none-eabi/lib/thumb/libg.a(lib_a-mprec.o)
                0x0000000008157140                __mprec_bigtens
 .rodata.__mprec_tens
                0x0000000008157168       0xc8 /opt/devkitpro/devkitARM/bin/../lib/gcc/arm-none-eabi/12.1.0/../../../../arm-none-eabi/lib/thumb/libg.a(lib_a-mprec.o)
                0x0000000008157168                __mprec_tens
 .rodata.__action_table
                0x0000000008157230       0x6c /opt/devkitpro/devkitARM/bin/../lib/gcc/arm-none-eabi/12.1.0/../../../../arm-none-eabi/lib/thumb/libg.a(lib_a-svfiprintf.o)
                0x0000000008157230                __action_table
 .rodata.__state_table
                0x000000000815729c       0x6c /opt/devkitpro/devkitARM/bin/../lib/gcc/arm-none-eabi/12.1.0/../../../../arm-none-eabi/lib/thumb/libg.a(lib_a-svfiprintf.o)
                0x000000000815729c                __state_table
 .rodata.__chclass
                0x0000000008157308      0x100 /opt/devkitpro/devkitARM/bin/../lib/gcc/arm-none-eabi/12.1.0/../../../../arm-none-eabi/lib/thumb/libg.a(lib_a-svfiprintf.o)
                0x0000000008157308                __chclass
 .rodata.__assert_func.str1.4
                0x0000000008157408       0x3f /opt/devkitpro/devkitARM/bin/../lib/gcc/arm-none-eabi/12.1.0/../../../../arm-none-eabi/lib/thumb/libg.a(lib_a-assert.o)
                                         0x43 (size before relaxing)
 *fill*         0x0000000008157447        0x1 ff
 .rodata._ctype_
                0x0000000008157448      0x101 /opt/devkitpro/devkitARM/bin/../lib/gcc/arm-none-eabi/12.1.0/../../../../arm-none-eabi/lib/thumb/libg.a(lib_a-ctype_.o)
                0x0000000008157448                _ctype_
 .rodata._vfiprintf_r.str1.1
                0x0000000008157549       0x29 /opt/devkitpro/devkitARM/bin/../lib/gcc/arm-none-eabi/12.1.0/../../../../arm-none-eabi/lib/thumb/libg.a(lib_a-vfiprintf.o)
 *fill*         0x0000000008157549        0x3 ff
 .rodata.zeroes.0
                0x000000000815754c       0x10 /opt/devkitpro/devkitARM/bin/../lib/gcc/arm-none-eabi/12.1.0/../../../../arm-none-eabi/lib/thumb/libg.a(lib_a-vfiprintf.o)
 .rodata.blanks.1
                0x000000000815755c       0x10 /opt/devkitpro/devkitARM/bin/../lib/gcc/arm-none-eabi/12.1.0/../../../../arm-none-eabi/lib/thumb/libg.a(lib_a-vfiprintf.o)
 .rodata.AddDevice.str1.4
                0x000000000815756c        0x8 /opt/devkitpro/devkitARM/bin/../lib/gcc/arm-none-eabi/12.1.0/../../../../arm-none-eabi/lib/thumb/libsysbase.a(iosupport.o)
 .rodata.dotab_stdnull
                0x0000000008157574       0x70 /opt/devkitpro/devkitARM/bin/../lib/gcc/arm-none-eabi/12.1.0/../../../../arm-none-eabi/lib/thumb/libsysbase.a(iosupport.o)
                0x0000000008157574                dotab_stdnull
 *(.gnu.linkonce.r*)
                0x00000000081575e4                . = ALIGN (0x4)

.ARM.extab
 *(.ARM.extab* .gnu.linkonce.armextab.*)
                0x00000000081575e4                __exidx_start = .

.ARM.exidx
 *(.ARM.exidx* .gnu.linkonce.armexidx.*)
                0x00000000081575e4                __exidx_end = .

.ctors          0x00000000081575e4        0x0
 *crtbegin.o(.ctors)
 *(EXCLUDE_FILE(*crtend.o) .ctors)
 *(SORT_BY_NAME(.ctors.*))
 *(.ctors)
                0x00000000081575e4                . = ALIGN (0x4)

.dtors          0x00000000081575e4        0x0
 *crtbegin.o(.dtors)
 *(EXCLUDE_FILE(*crtend.o) .dtors)
 *(SORT_BY_NAME(.dtors.*))
 *(.dtors)
                0x00000000081575e4                . = ALIGN (0x4)

.eh_frame       0x00000000081575e4        0x4
 *(.eh_frame)
 .eh_frame      0x00000000081575e4        0x0 /opt/devkitpro/devkitARM/bin/../lib/gcc/arm-none-eabi/12.1.0/thumb/crtbegin.o
 .eh_frame      0x00000000081575e4        0x4 /opt/devkitpro/devkitARM/bin/../lib/gcc/arm-none-eabi/12.1.0/thumb/crtend.o
                0x00000000081575e8                . = ALIGN (0x4)

.gcc_except_table
                0x00000000081575e8        0x0
 *(.gcc_except_table)
                0x00000000081575e8                . = ALIGN (0x4)
                0x00000000081575e8                __iwram_lma = .

.iwram          0x0000000003000000     0x2428 load address 0x00000000081575e8
                0x0000000003000000                __iwram_start__ = ABSOLUTE (.)
 *(.iwram .iwram*)
 .iwram         0x0000000003000000      0xe6c drum.o
                0x0000000003000000                vblank_interrupt
                0x0000000003000018                draw_pattern
                0x000000000300088c                play_column
                0x0000000003000d50                timer3_interrupt
                0x0000000003000da4                gpio_interrupt
                0x0000000003000df4                serial_interrupt
 .iwram         0x0000000003000e6c      0x648 /opt/devkitpro/libgba/lib/libmm.a(mm_mas_arm.o)
                0x0000000003000e6c                mmAllocChannel
                0x0000000003000ee0                mmReadPattern
                0x0000000003000fcc                mmUpdateChannel_T0
                0x000000000300120c                mmUpdateChannel_TN
                0x00000000030013ac                mmGetPeriod
                0x00000000030013f0                note_table_oct
                0x000000000300140e                note_table_mod
 .iwram         0x00000000030014b4      0x838 /opt/devkitpro/libgba/lib/libmm.a(mm_mixer_gba.o)
                0x00000000030014b8                mmVBlank
                0x000000000300153c                mmMixerMix
 .iwram         0x0000000003001cec        0x8 /opt/devkitpro/libgba/lib/libmm.a(mm_main_gba.o)
                0x0000000003001cec                mpp_call_r7i
                0x0000000003001cee                mpp_call_r2i
                0x0000000003001cf0                mpp_call_r1i
 .iwram         0x0000000003001cf4      0x554 /opt/devkitpro/libgba/lib/libmm.a(mm_mas.o)
                0x0000000003001cf4                mppProcessTick
                0x0000000003001dd8                mpp_Channel_NewNote
                0x0000000003001eb8                mpp_Update_ACHN_notest
 .iwram         0x0000000003002248       0xb8 /opt/devkitpro/libgba/lib/libgba.a(InterruptDispatcher.o)
                0x0000000003002248                IntrMain
 .iwram.__stub  0x0000000003002300      0x108 linker stubs
 *iwram.*(.text* .data*)
                0x0000000003002408                . = ALIGN (0x4)
                0x0000000003002428                __iwram_end__ = ABSOLUTE (.)
                0x0000000008159a10                __data_lma = (__iwram_lma + SIZEOF (.iwram))

.bss            0x0000000003002428     0x13a0
                0x0000000003002428                __bss_start = ABSOLUTE (.)
                0x0000000003002428                __bss_start__ = ABSOLUTE (.)
 *(.dynbss)
 *(.gnu.linkonce.b*)
 *(.bss*)
 .bss.completed.1
                0x0000000003002428        0x1 /opt/devkitpro/devkitARM/bin/../lib/gcc/arm-none-eabi/12.1.0/thumb/crtbegin.o
 *fill*         0x0000000003002429        0x3 
 .bss.object.0  0x000000000300242c       0x18 /opt/devkitpro/devkitARM/bin/../lib/gcc/arm-none-eabi/12.1.0/thumb/crtbegin.o
 .bss           0x0000000003002444      0xb34 drum.o
                0x0000000003002444                millis_between_ticks
                0x0000000003002448                current_song
                0x000000000300244c                noteApresDuty
                0x0000000003002450                dutyChoose
                0x0000000003002454                pitchN
                0x0000000003002458                freqR
                0x000000000300245c                ticks
                0x0000000003002460                tocks
                0x0000000003002464                tours
                0x0000000003002468                step
                0x000000000300246c                randVolOne
                0x0000000003002470                randVolTwo
                0x0000000003002474                current_pattern_index
                0x0000000003002478                order_buff
                0x000000000300247c                active_sounds
                0x0000000003002494                string_buff
                0x00000000030024c8                current_screen
                0x00000000030024cc                draw_flag
                0x00000000030024d0                cursor_x
                0x00000000030024d4                xmod
                0x00000000030024d8                cursor_y
                0x00000000030024dc                order_index
                0x00000000030024e0                order_page
                0x00000000030024e4                last_column
                0x00000000030024e8                last_xmod
                0x00000000030024ec                status
                0x00000000030024f0                playing_pattern_index
                0x00000000030024f4                pas
                0x00000000030024f8                iaChangeRandom
                0x00000000030024fc                iaPreviousPatern
                0x0000000003002500                bpmIaAugmented
                0x0000000003002504                bpmAugmentedSecondTurn
                0x0000000003002508                randBpmFolies
                0x000000000300250c                valueBpmFolies
                0x0000000003002510                play
                0x0000000003002514                current_ticks
                0x0000000003002518                tick_or_tock
                0x000000000300251c                name_index
                0x0000000003002520                alternateVol
                0x0000000003002524                duty2
                0x0000000003002528                duty1
                0x000000000300252c                octave
                0x0000000003002530                pattern_buff
                0x0000000003002d70                current_pattern
                0x0000000003002d74                serial_ticks
                0x0000000003002d78                palettes
 .bss           0x0000000003002f78       0x2d /opt/devkitpro/libgba/lib/libmm.a(mm_effect.o)
                0x0000000003002f9c                mm_sfx_bitmask
                0x0000000003002fa0                mm_sfx_clearmask
 *fill*         0x0000000003002fa5        0x3 
 .bss           0x0000000003002fa8      0x1bc /opt/devkitpro/libgba/lib/libmm.a(mm_mixer_gba.o)
                0x0000000003002fa8                mp_writepos
                0x0000000003002fb0                mm_mixchannels
                0x0000000003002fb8                mm_mixlen
                0x0000000003002fcc                mm_bpmdv
                0x0000000003002fd0                mp_mix_seg
 .bss           0x0000000003003164      0x420 /opt/devkitpro/libgba/lib/libmm.a(mm_init_default.o)
 .bss           0x0000000003003584        0x8 /opt/devkitpro/libgba/lib/libmm.a(mm_main_gba.o)
                0x0000000003003584                mm_vblank_function
                0x0000000003003588                mp_solution
 .bss           0x000000000300358c      0x148 /opt/devkitpro/libgba/lib/libmm.a(mm_mas.o)
                0x000000000300358c                mmLayerMain
                0x00000000030035c4                mmLayerSub
                0x00000000030035fc                mpp_vars
                0x000000000300360c                mpp_layerp
                0x0000000003003610                mpp_channels
                0x0000000003003620                mpp_nchannels
                0x0000000003003621                mpp_clayer
                0x0000000003003624                mm_achannels
                0x0000000003003628                mm_pchannels
                0x000000000300362c                mm_num_mch
                0x0000000003003630                mm_num_ach
                0x0000000003003634                mm_schannels
 .bss           0x00000000030036d4        0x8 /opt/devkitpro/libgba/lib/libmm.a(mm_main.o)
                0x00000000030036d4                mmCallback
                0x00000000030036d8                mm_ch_mask
 .bss           0x00000000030036dc        0xa /opt/devkitpro/libgba/lib/libgba.a(input.o)
 *fill*         0x00000000030036e6        0x2 
 .bss.__malloc_current_mallinfo
                0x00000000030036e8       0x28 /opt/devkitpro/devkitARM/bin/../lib/gcc/arm-none-eabi/12.1.0/../../../../arm-none-eabi/lib/thumb/libg.a(lib_a-mallocr.o)
                0x00000000030036e8                __malloc_current_mallinfo
 .bss.__malloc_max_total_mem
                0x0000000003003710        0x4 /opt/devkitpro/devkitARM/bin/../lib/gcc/arm-none-eabi/12.1.0/../../../../arm-none-eabi/lib/thumb/libg.a(lib_a-mallocr.o)
                0x0000000003003710                __malloc_max_total_mem
 .bss.__malloc_max_sbrked_mem
                0x0000000003003714        0x4 /opt/devkitpro/devkitARM/bin/../lib/gcc/arm-none-eabi/12.1.0/../../../../arm-none-eabi/lib/thumb/libg.a(lib_a-mallocr.o)
                0x0000000003003714                __malloc_max_sbrked_mem
 .bss.__malloc_top_pad
                0x0000000003003718        0x4 /opt/devkitpro/devkitARM/bin/../lib/gcc/arm-none-eabi/12.1.0/../../../../arm-none-eabi/lib/thumb/libg.a(lib_a-mallocr.o)
                0x0000000003003718                __malloc_top_pad
 .bss.__malloc_recursive_mutex
                0x000000000300371c        0xc /opt/devkitpro/devkitARM/bin/../lib/gcc/arm-none-eabi/12.1.0/../../../../arm-none-eabi/lib/thumb/libg.a(lib_a-mlock.o)
 .bss.__sinit_recursive_mutex
                0x0000000003003728        0xc /opt/devkitpro/devkitARM/bin/../lib/gcc/arm-none-eabi/12.1.0/../../../../arm-none-eabi/lib/thumb/libg.a(lib_a-findfp.o)
 .bss.__sfp_recursive_mutex
                0x0000000003003734        0xc /opt/devkitpro/devkitARM/bin/../lib/gcc/arm-none-eabi/12.1.0/../../../../arm-none-eabi/lib/thumb/libg.a(lib_a-findfp.o)
 .bss.heap_start.0
                0x0000000003003740        0x4 /opt/devkitpro/devkitARM/bin/../lib/gcc/arm-none-eabi/12.1.0/../../../../arm-none-eabi/lib/thumb/libsysbase.a(sbrk.o)
 .bss.fake_heap_start
                0x0000000003003744        0x4 /opt/devkitpro/devkitARM/bin/../lib/gcc/arm-none-eabi/12.1.0/../../../../arm-none-eabi/lib/thumb/libsysbase.a(malloc_vars.o)
                0x0000000003003744                fake_heap_start
 .bss.fake_heap_end
                0x0000000003003748        0x4 /opt/devkitpro/devkitARM/bin/../lib/gcc/arm-none-eabi/12.1.0/../../../../arm-none-eabi/lib/thumb/libsysbase.a(malloc_vars.o)
                0x0000000003003748                fake_heap_end
 .bss.__hndl_lock
                0x000000000300374c        0x4 /opt/devkitpro/devkitARM/bin/../lib/gcc/arm-none-eabi/12.1.0/../../../../arm-none-eabi/lib/thumb/libsysbase.a(handle_manager.o)
 *(COMMON)
 COMMON         0x0000000003003750       0x78 /opt/devkitpro/libgba/lib/libgba.a(interrupt.o)
                0x0000000003003750                IntrTable
                0x00000000030037c8                . = ALIGN (0x4)
                0x00000000030037c8                __bss_end__ = ABSOLUTE (.)

.data           0x00000000030037c8     0x1b70 load address 0x0000000008159a10
                0x00000000030037c8                __data_start__ = ABSOLUTE (.)
 *(.data*)
 .data          0x00000000030037c8       0xdd drum.o
                0x00000000030037c8                duties
                0x00000000030037d8                IALimit
                0x00000000030037dc                current_column
                0x00000000030037e0                play_next
                0x00000000030037e4                status_text
                0x0000000003003808                bpmFolies
                0x0000000003003820                pan_string
                0x000000000300382c                loop_mode_text
                0x0000000003003834                sync_mode_text
                0x0000000003003850                help_text
                0x0000000003003860                sram
                0x0000000003003864                ymod
                0x0000000003003868                BG0_ON
                0x000000000300386c                changeNote
                0x0000000003003870                randomEnCours
                0x0000000003003874                names
                0x00000000030038a4                txt_scrolly
 .data          0x00000000030038a5        0x3 /opt/devkitpro/libgba/lib/libgba.a(input.o)
 .data.__malloc_sbrk_base
                0x00000000030038a8        0x4 /opt/devkitpro/devkitARM/bin/../lib/gcc/arm-none-eabi/12.1.0/../../../../arm-none-eabi/lib/thumb/libg.a(lib_a-mallocr.o)
                0x00000000030038a8                __malloc_sbrk_base
 .data.__malloc_trim_threshold
                0x00000000030038ac        0x4 /opt/devkitpro/devkitARM/bin/../lib/gcc/arm-none-eabi/12.1.0/../../../../arm-none-eabi/lib/thumb/libg.a(lib_a-mallocr.o)
                0x00000000030038ac                __malloc_trim_threshold
 .data.__malloc_av_
                0x00000000030038b0      0x408 /opt/devkitpro/devkitARM/bin/../lib/gcc/arm-none-eabi/12.1.0/../../../../arm-none-eabi/lib/thumb/libg.a(lib_a-mallocr.o)
                0x00000000030038b0                __malloc_av_
 .data.__global_locale
                0x0000000003003cb8      0x16c /opt/devkitpro/devkitARM/bin/../lib/gcc/arm-none-eabi/12.1.0/../../../../arm-none-eabi/lib/thumb/libg.a(lib_a-locale.o)
                0x0000000003003cb8                __global_locale
 .data._impure_ptr
                0x0000000003003e24        0x4 /opt/devkitpro/devkitARM/bin/../lib/gcc/arm-none-eabi/12.1.0/../../../../arm-none-eabi/lib/thumb/libg.a(lib_a-impure.o)
                0x0000000003003e24                _impure_ptr
 .data.impure_data
                0x0000000003003e28      0x460 /opt/devkitpro/devkitARM/bin/../lib/gcc/arm-none-eabi/12.1.0/../../../../arm-none-eabi/lib/thumb/libg.a(lib_a-impure.o)
 .data.handles  0x0000000003004288     0x1000 /opt/devkitpro/devkitARM/bin/../lib/gcc/arm-none-eabi/12.1.0/../../../../arm-none-eabi/lib/thumb/libsysbase.a(handle_manager.o)
 .data.__stderr_handle
                0x0000000003005288        0xc /opt/devkitpro/devkitARM/bin/../lib/gcc/arm-none-eabi/12.1.0/../../../../arm-none-eabi/lib/thumb/libsysbase.a(handle_manager.o)
 .data.__stdout_handle
                0x0000000003005294        0xc /opt/devkitpro/devkitARM/bin/../lib/gcc/arm-none-eabi/12.1.0/../../../../arm-none-eabi/lib/thumb/libsysbase.a(handle_manager.o)
 .data.__stdin_handle
                0x00000000030052a0        0xc /opt/devkitpro/devkitARM/bin/../lib/gcc/arm-none-eabi/12.1.0/../../../../arm-none-eabi/lib/thumb/libsysbase.a(handle_manager.o)
 .data.devoptab_list
                0x00000000030052ac       0x8c /opt/devkitpro/devkitARM/bin/../lib/gcc/arm-none-eabi/12.1.0/../../../../arm-none-eabi/lib/thumb/libsysbase.a(iosupport.o)
                0x00000000030052ac                devoptab_list
 *(.gnu.linkonce.d*)
                0x0000000003005338                . = ALIGN (0x4)
                0x000000000815b580                __preinit_lma = (__data_lma + SIZEOF (.data))

.igot.plt       0x0000000003005338        0x0 load address 0x000000000815b580
 .igot.plt      0x0000000003005338        0x0 /opt/devkitpro/devkitARM/bin/../lib/gcc/arm-none-eabi/12.1.0/../../../../arm-none-eabi/lib/thumb/gba_crt0.o

.preinit_array  0x0000000003005338        0x0 load address 0x000000000815b580
                0x0000000003005338                __preinit_array_start = ABSOLUTE (.)
 *(.preinit_array)
                0x0000000003005338                __preinit_array_end = ABSOLUTE (.)
                0x000000000815b580                __init_lma = (__preinit_lma + SIZEOF (.preinit_array))

.init_array     0x0000000003005338        0x4 load address 0x000000000815b580
                0x0000000003005338                __init_array_start = ABSOLUTE (.)
 *(SORT_BY_NAME(.init_array.*))
 *(.init_array)
 .init_array    0x0000000003005338        0x4 /opt/devkitpro/devkitARM/bin/../lib/gcc/arm-none-eabi/12.1.0/thumb/crtbegin.o
                0x000000000300533c                __init_array_end = ABSOLUTE (.)
                0x000000000815b584                __fini_lma = (__init_lma + SIZEOF (.init_array))

.fini_array     0x000000000300533c        0x4 load address 0x000000000815b584
                0x000000000300533c                __fini_array_start = ABSOLUTE (.)
 *(SORT_BY_NAME(.fini_array.*))
 *(.fini_array)
 .fini_array    0x000000000300533c        0x4 /opt/devkitpro/devkitARM/bin/../lib/gcc/arm-none-eabi/12.1.0/thumb/crtbegin.o
                0x0000000003005340                __fini_array_end = ABSOLUTE (.)
                0x000000000815b588                __jcr_lma = (__fini_lma + SIZEOF (.fini_array))

.jcr            0x0000000003005340        0x0 load address 0x000000000815b588
 *(.jcr)
                0x0000000003005340                __data_end__ = ABSOLUTE (.)
                0x000000000815b588                __iwram_overlay_lma = (__jcr_lma + SIZEOF (.jcr))
                0x0000000003005340                __iwram_overlay_start = .

.iwram0         0x0000000003005340        0x0 load address 0x000000000815b588
 *(.iwram0)
                0x0000000003005340                . = ALIGN (0x4)
                0x000000000815b588                PROVIDE (__load_start_iwram0 = LOADADDR (.iwram0))
                0x000000000815b588                PROVIDE (__load_stop_iwram0 = (LOADADDR (.iwram0) + SIZEOF (.iwram0)))

.iwram1         0x0000000003005340        0x0
 *(.iwram1)
                0x0000000003005340                . = ALIGN (0x4)
                [!provide]                        PROVIDE (__load_start_iwram1 = LOADADDR (.iwram1))
                [!provide]                        PROVIDE (__load_stop_iwram1 = (LOADADDR (.iwram1) + SIZEOF (.iwram1)))

.iwram2         0x0000000003005340        0x0
 *(.iwram2)
                0x0000000003005340                . = ALIGN (0x4)
                [!provide]                        PROVIDE (__load_start_iwram2 = LOADADDR (.iwram2))
                [!provide]                        PROVIDE (__load_stop_iwram2 = (LOADADDR (.iwram2) + SIZEOF (.iwram2)))

.iwram3         0x0000000003005340        0x0
 *(.iwram3)
                0x0000000003005340                . = ALIGN (0x4)
                [!provide]                        PROVIDE (__load_start_iwram3 = LOADADDR (.iwram3))
                [!provide]                        PROVIDE (__load_stop_iwram3 = (LOADADDR (.iwram3) + SIZEOF (.iwram3)))

.iwram4         0x0000000003005340        0x0
 *(.iwram4)
                0x0000000003005340                . = ALIGN (0x4)
                [!provide]                        PROVIDE (__load_start_iwram4 = LOADADDR (.iwram4))
                [!provide]                        PROVIDE (__load_stop_iwram4 = (LOADADDR (.iwram4) + SIZEOF (.iwram4)))

.iwram5         0x0000000003005340        0x0
 *(.iwram5)
                0x0000000003005340                . = ALIGN (0x4)
                [!provide]                        PROVIDE (__load_start_iwram5 = LOADADDR (.iwram5))
                [!provide]                        PROVIDE (__load_stop_iwram5 = (LOADADDR (.iwram5) + SIZEOF (.iwram5)))

.iwram6         0x0000000003005340        0x0
 *(.iwram6)
                0x0000000003005340                . = ALIGN (0x4)
                [!provide]                        PROVIDE (__load_start_iwram6 = LOADADDR (.iwram6))
                [!provide]                        PROVIDE (__load_stop_iwram6 = (LOADADDR (.iwram6) + SIZEOF (.iwram6)))

.iwram7         0x0000000003005340        0x0
 *(.iwram7)
                0x0000000003005340                . = ALIGN (0x4)
                [!provide]                        PROVIDE (__load_start_iwram7 = LOADADDR (.iwram7))
                [!provide]                        PROVIDE (__load_stop_iwram7 = (LOADADDR (.iwram7) + SIZEOF (.iwram7)))

.iwram8         0x0000000003005340        0x0
 *(.iwram8)
                0x0000000003005340                . = ALIGN (0x4)
                [!provide]                        PROVIDE (__load_start_iwram8 = LOADADDR (.iwram8))
                [!provide]                        PROVIDE (__load_stop_iwram8 = (LOADADDR (.iwram8) + SIZEOF (.iwram8)))

.iwram9         0x0000000003005340        0x0
 *(.iwram9)
                0x0000000003005340                . = ALIGN (0x4)
                [!provide]                        PROVIDE (__load_start_iwram9 = LOADADDR (.iwram9))
                [!provide]                        PROVIDE (__load_stop_iwram9 = (LOADADDR (.iwram9) + SIZEOF (.iwram9)))
                0x0000000003005340                __iwram_overlay_end = .
                0x000000000815b588                __ewram_lma = (__iwram_overlay_lma + (__iwram_overlay_end - __iwram_overlay_start))
                0x0000000003005340                __iheap_start = .
                0x0000000002000000                __ewram_start = ORIGIN (ewram)

.ewram          0x0000000002000000        0x0 load address 0x000000000815b588
 *(.ewram*)
                0x0000000002000000                . = ALIGN (0x4)
                0x0000000002000000                __ewram_end = ABSOLUTE (.)
                0x000000000815b588                __pad_lma = (__ewram_lma + SIZEOF (.ewram))

.sbss           0x0000000002000000        0x0
                0x0000000002000000                __sbss_start__ = ABSOLUTE (.)
 *(.sbss*)
                0x0000000002000000                . = ALIGN (0x4)
                0x0000000002000000                __sbss_end__ = ABSOLUTE (.)
                0x0000000002000000                __end__ = ABSOLUTE (.)
                0x0000000002000000                __eheap_start = ABSOLUTE (.)

.pad            0x0000000002000000        0x8 load address 0x000000000815b588
                0x0000000002000000        0x4 LONG 0x52416b64
                0x0000000002000004        0x4 LONG 0x4d
                0x0000000002000008                . = ALIGN (0x4)
                0x000000000815b590                __rom_end__ = (__pad_lma + SIZEOF (.pad))

.rel.dyn        0x0000000002000008        0x0 load address 0x000000000815b590
 .rel.iplt      0x0000000002000008        0x0 /opt/devkitpro/devkitARM/bin/../lib/gcc/arm-none-eabi/12.1.0/../../../../arm-none-eabi/lib/thumb/gba_crt0.o

.stab
 *(.stab)

.stabstr
 *(.stabstr)

.stab.excl
 *(.stab.excl)

.stab.exclstr
 *(.stab.exclstr)

.stab.index
 *(.stab.index)

.stab.indexstr
 *(.stab.indexstr)

.comment        0x0000000000000000       0x45
 *(.comment)
 .comment       0x0000000000000000       0x23 /opt/devkitpro/devkitARM/bin/../lib/gcc/arm-none-eabi/12.1.0/thumb/crtbegin.o
                                         0x24 (size before relaxing)
 .comment       0x0000000000000023       0x24 drum.o
 .comment       0x0000000000000023       0x22 /opt/devkitpro/libgba/lib/libgba.a(CpuSet.o)
                                         0x23 (size before relaxing)
 .comment       0x0000000000000045       0x23 /opt/devkitpro/libgba/lib/libgba.a(interrupt.o)
 .comment       0x0000000000000045       0x23 /opt/devkitpro/libgba/lib/libgba.a(input.o)
 .comment       0x0000000000000045       0x24 /opt/devkitpro/devkitARM/bin/../lib/gcc/arm-none-eabi/12.1.0/../../../../arm-none-eabi/lib/thumb/libg.a(lib_a-init.o)
 .comment       0x0000000000000045       0x24 /opt/devkitpro/devkitARM/bin/../lib/gcc/arm-none-eabi/12.1.0/../../../../arm-none-eabi/lib/thumb/libg.a(lib_a-malloc.o)
 .comment       0x0000000000000045       0x24 /opt/devkitpro/devkitARM/bin/../lib/gcc/arm-none-eabi/12.1.0/../../../../arm-none-eabi/lib/thumb/libg.a(lib_a-mallocr.o)
 .comment       0x0000000000000045       0x24 /opt/devkitpro/devkitARM/bin/../lib/gcc/arm-none-eabi/12.1.0/../../../../arm-none-eabi/lib/thumb/libg.a(lib_a-memcpy-stub.o)
 .comment       0x0000000000000045       0x24 /opt/devkitpro/devkitARM/bin/../lib/gcc/arm-none-eabi/12.1.0/../../../../arm-none-eabi/lib/thumb/libg.a(lib_a-memset.o)
 .comment       0x0000000000000045       0x24 /opt/devkitpro/devkitARM/bin/../lib/gcc/arm-none-eabi/12.1.0/../../../../arm-none-eabi/lib/thumb/libg.a(lib_a-mlock.o)
 .comment       0x0000000000000045       0x24 /opt/devkitpro/devkitARM/bin/../lib/gcc/arm-none-eabi/12.1.0/../../../../arm-none-eabi/lib/thumb/libg.a(lib_a-rand.o)
 .comment       0x0000000000000045       0x24 /opt/devkitpro/devkitARM/bin/../lib/gcc/arm-none-eabi/12.1.0/../../../../arm-none-eabi/lib/thumb/libg.a(lib_a-sprintf.o)
 .comment       0x0000000000000045       0x24 /opt/devkitpro/devkitARM/bin/../lib/gcc/arm-none-eabi/12.1.0/../../../../arm-none-eabi/lib/thumb/libg.a(lib_a-svfprintf.o)
 .comment       0x0000000000000045       0x24 /opt/devkitpro/devkitARM/bin/../lib/gcc/arm-none-eabi/12.1.0/../../../../arm-none-eabi/lib/thumb/libg.a(lib_a-wcrtomb.o)
 .comment       0x0000000000000045       0x24 /opt/devkitpro/devkitARM/bin/../lib/gcc/arm-none-eabi/12.1.0/../../../../arm-none-eabi/lib/thumb/libg.a(lib_a-wcsrtombs.o)
 .comment       0x0000000000000045       0x24 /opt/devkitpro/devkitARM/bin/../lib/gcc/arm-none-eabi/12.1.0/../../../../arm-none-eabi/lib/thumb/libg.a(lib_a-dtoa.o)
 .comment       0x0000000000000045       0x24 /opt/devkitpro/devkitARM/bin/../lib/gcc/arm-none-eabi/12.1.0/../../../../arm-none-eabi/lib/thumb/libg.a(lib_a-freer.o)
 .comment       0x0000000000000045       0x24 /opt/devkitpro/devkitARM/bin/../lib/gcc/arm-none-eabi/12.1.0/../../../../arm-none-eabi/lib/thumb/libg.a(lib_a-localeconv.o)
 .comment       0x0000000000000045       0x24 /opt/devkitpro/devkitARM/bin/../lib/gcc/arm-none-eabi/12.1.0/../../../../arm-none-eabi/lib/thumb/libg.a(lib_a-locale.o)
 .comment       0x0000000000000045       0x24 /opt/devkitpro/devkitARM/bin/../lib/gcc/arm-none-eabi/12.1.0/../../../../arm-none-eabi/lib/thumb/libg.a(lib_a-mbtowc_r.o)
 .comment       0x0000000000000045       0x24 /opt/devkitpro/devkitARM/bin/../lib/gcc/arm-none-eabi/12.1.0/../../../../arm-none-eabi/lib/thumb/libg.a(lib_a-memchr-stub.o)
 .comment       0x0000000000000045       0x24 /opt/devkitpro/devkitARM/bin/../lib/gcc/arm-none-eabi/12.1.0/../../../../arm-none-eabi/lib/thumb/libg.a(lib_a-mprec.o)
 .comment       0x0000000000000045       0x24 /opt/devkitpro/devkitARM/bin/../lib/gcc/arm-none-eabi/12.1.0/../../../../arm-none-eabi/lib/thumb/libg.a(lib_a-s_frexp.o)
 .comment       0x0000000000000045       0x24 /opt/devkitpro/devkitARM/bin/../lib/gcc/arm-none-eabi/12.1.0/../../../../arm-none-eabi/lib/thumb/libg.a(lib_a-strlen-stub.o)
 .comment       0x0000000000000045       0x24 /opt/devkitpro/devkitARM/bin/../lib/gcc/arm-none-eabi/12.1.0/../../../../arm-none-eabi/lib/thumb/libg.a(lib_a-strncpy.o)
 .comment       0x0000000000000045       0x24 /opt/devkitpro/devkitARM/bin/../lib/gcc/arm-none-eabi/12.1.0/../../../../arm-none-eabi/lib/thumb/libg.a(lib_a-svfiprintf.o)
 .comment       0x0000000000000045       0x24 /opt/devkitpro/devkitARM/bin/../lib/gcc/arm-none-eabi/12.1.0/../../../../arm-none-eabi/lib/thumb/libg.a(lib_a-wcsnrtombs.o)
 .comment       0x0000000000000045       0x24 /opt/devkitpro/devkitARM/bin/../lib/gcc/arm-none-eabi/12.1.0/../../../../arm-none-eabi/lib/thumb/libg.a(lib_a-wctomb_r.o)
 .comment       0x0000000000000045       0x24 /opt/devkitpro/devkitARM/bin/../lib/gcc/arm-none-eabi/12.1.0/../../../../arm-none-eabi/lib/thumb/libg.a(lib_a-assert.o)
 .comment       0x0000000000000045       0x24 /opt/devkitpro/devkitARM/bin/../lib/gcc/arm-none-eabi/12.1.0/../../../../arm-none-eabi/lib/thumb/libg.a(lib_a-callocr.o)
 .comment       0x0000000000000045       0x24 /opt/devkitpro/devkitARM/bin/../lib/gcc/arm-none-eabi/12.1.0/../../../../arm-none-eabi/lib/thumb/libg.a(lib_a-ctype_.o)
 .comment       0x0000000000000045       0x24 /opt/devkitpro/devkitARM/bin/../lib/gcc/arm-none-eabi/12.1.0/../../../../arm-none-eabi/lib/thumb/libg.a(lib_a-errno.o)
 .comment       0x0000000000000045       0x24 /opt/devkitpro/devkitARM/bin/../lib/gcc/arm-none-eabi/12.1.0/../../../../arm-none-eabi/lib/thumb/libg.a(lib_a-fiprintf.o)
 .comment       0x0000000000000045       0x24 /opt/devkitpro/devkitARM/bin/../lib/gcc/arm-none-eabi/12.1.0/../../../../arm-none-eabi/lib/thumb/libg.a(lib_a-memmove.o)
 .comment       0x0000000000000045       0x24 /opt/devkitpro/devkitARM/bin/../lib/gcc/arm-none-eabi/12.1.0/../../../../arm-none-eabi/lib/thumb/libg.a(lib_a-reallocr.o)
 .comment       0x0000000000000045       0x24 /opt/devkitpro/devkitARM/bin/../lib/gcc/arm-none-eabi/12.1.0/../../../../arm-none-eabi/lib/thumb/libg.a(lib_a-vfiprintf.o)
 .comment       0x0000000000000045       0x24 /opt/devkitpro/devkitARM/bin/../lib/gcc/arm-none-eabi/12.1.0/../../../../arm-none-eabi/lib/thumb/libg.a(lib_a-wsetup.o)
 .comment       0x0000000000000045       0x24 /opt/devkitpro/devkitARM/bin/../lib/gcc/arm-none-eabi/12.1.0/../../../../arm-none-eabi/lib/thumb/libg.a(lib_a-abort.o)
 .comment       0x0000000000000045       0x24 /opt/devkitpro/devkitARM/bin/../lib/gcc/arm-none-eabi/12.1.0/../../../../arm-none-eabi/lib/thumb/libg.a(lib_a-fflush.o)
 .comment       0x0000000000000045       0x24 /opt/devkitpro/devkitARM/bin/../lib/gcc/arm-none-eabi/12.1.0/../../../../arm-none-eabi/lib/thumb/libg.a(lib_a-findfp.o)
 .comment       0x0000000000000045       0x24 /opt/devkitpro/devkitARM/bin/../lib/gcc/arm-none-eabi/12.1.0/../../../../arm-none-eabi/lib/thumb/libg.a(lib_a-fvwrite.o)
 .comment       0x0000000000000045       0x24 /opt/devkitpro/devkitARM/bin/../lib/gcc/arm-none-eabi/12.1.0/../../../../arm-none-eabi/lib/thumb/libg.a(lib_a-fwalk.o)
 .comment       0x0000000000000045       0x24 /opt/devkitpro/devkitARM/bin/../lib/gcc/arm-none-eabi/12.1.0/../../../../arm-none-eabi/lib/thumb/libg.a(lib_a-impure.o)
 .comment       0x0000000000000045       0x24 /opt/devkitpro/devkitARM/bin/../lib/gcc/arm-none-eabi/12.1.0/../../../../arm-none-eabi/lib/thumb/libg.a(lib_a-makebuf.o)
 .comment       0x0000000000000045       0x24 /opt/devkitpro/devkitARM/bin/../lib/gcc/arm-none-eabi/12.1.0/../../../../arm-none-eabi/lib/thumb/libg.a(lib_a-signal.o)
 .comment       0x0000000000000045       0x24 /opt/devkitpro/devkitARM/bin/../lib/gcc/arm-none-eabi/12.1.0/../../../../arm-none-eabi/lib/thumb/libg.a(lib_a-stdio.o)
 .comment       0x0000000000000045       0x24 /opt/devkitpro/devkitARM/bin/../lib/gcc/arm-none-eabi/12.1.0/../../../../arm-none-eabi/lib/thumb/libg.a(lib_a-fclose.o)
 .comment       0x0000000000000045       0x24 /opt/devkitpro/devkitARM/bin/../lib/gcc/arm-none-eabi/12.1.0/../../../../arm-none-eabi/lib/thumb/libsysbase.a(fstat.o)
 .comment       0x0000000000000045       0x24 /opt/devkitpro/devkitARM/bin/../lib/gcc/arm-none-eabi/12.1.0/../../../../arm-none-eabi/lib/thumb/libsysbase.a(getpid.o)
 .comment       0x0000000000000045       0x24 /opt/devkitpro/devkitARM/bin/../lib/gcc/arm-none-eabi/12.1.0/../../../../arm-none-eabi/lib/thumb/libsysbase.a(isatty.o)
 .comment       0x0000000000000045       0x24 /opt/devkitpro/devkitARM/bin/../lib/gcc/arm-none-eabi/12.1.0/../../../../arm-none-eabi/lib/thumb/libsysbase.a(kill.o)
 .comment       0x0000000000000045       0x24 /opt/devkitpro/devkitARM/bin/../lib/gcc/arm-none-eabi/12.1.0/../../../../arm-none-eabi/lib/thumb/libsysbase.a(lseek.o)
 .comment       0x0000000000000045       0x24 /opt/devkitpro/devkitARM/bin/../lib/gcc/arm-none-eabi/12.1.0/../../../../arm-none-eabi/lib/thumb/libsysbase.a(read.o)
 .comment       0x0000000000000045       0x24 /opt/devkitpro/devkitARM/bin/../lib/gcc/arm-none-eabi/12.1.0/../../../../arm-none-eabi/lib/thumb/libsysbase.a(sbrk.o)
 .comment       0x0000000000000045       0x24 /opt/devkitpro/devkitARM/bin/../lib/gcc/arm-none-eabi/12.1.0/../../../../arm-none-eabi/lib/thumb/libsysbase.a(write.o)
 .comment       0x0000000000000045       0x24 /opt/devkitpro/devkitARM/bin/../lib/gcc/arm-none-eabi/12.1.0/../../../../arm-none-eabi/lib/thumb/libsysbase.a(_exit.o)
 .comment       0x0000000000000045       0x24 /opt/devkitpro/devkitARM/bin/../lib/gcc/arm-none-eabi/12.1.0/../../../../arm-none-eabi/lib/thumb/libsysbase.a(malloc_vars.o)
 .comment       0x0000000000000045       0x24 /opt/devkitpro/devkitARM/bin/../lib/gcc/arm-none-eabi/12.1.0/../../../../arm-none-eabi/lib/thumb/libsysbase.a(flock.o)
 .comment       0x0000000000000045       0x24 /opt/devkitpro/devkitARM/bin/../lib/gcc/arm-none-eabi/12.1.0/../../../../arm-none-eabi/lib/thumb/libsysbase.a(handle_manager.o)
 .comment       0x0000000000000045       0x24 /opt/devkitpro/devkitARM/bin/../lib/gcc/arm-none-eabi/12.1.0/../../../../arm-none-eabi/lib/thumb/libsysbase.a(getreent.o)
 .comment       0x0000000000000045       0x24 /opt/devkitpro/devkitARM/bin/../lib/gcc/arm-none-eabi/12.1.0/../../../../arm-none-eabi/lib/thumb/libsysbase.a(syscall_support.o)
 .comment       0x0000000000000045       0x24 /opt/devkitpro/devkitARM/bin/../lib/gcc/arm-none-eabi/12.1.0/../../../../arm-none-eabi/lib/thumb/libsysbase.a(iosupport.o)
 .comment       0x0000000000000045       0x24 /opt/devkitpro/devkitARM/bin/../lib/gcc/arm-none-eabi/12.1.0/thumb/libgcc.a(_muldi3.o)
 .comment       0x0000000000000045       0x24 /opt/devkitpro/devkitARM/bin/../lib/gcc/arm-none-eabi/12.1.0/thumb/libgcc.a(_udivmoddi4.o)
 .comment       0x0000000000000045       0x24 /opt/devkitpro/devkitARM/bin/../lib/gcc/arm-none-eabi/12.1.0/thumb/crtend.o

.debug
 *(.debug)

.line
 *(.line)

.debug_srcinfo
 *(.debug_srcinfo)

.debug_sfnames
 *(.debug_sfnames)

.debug_aranges  0x0000000000000000       0xd8
 *(.debug_aranges)
 .debug_aranges
                0x0000000000000000       0x58 drum.o
 .debug_aranges
                0x0000000000000058       0x20 /opt/devkitpro/libgba/lib/libgba.a(CpuSet.o)
 .debug_aranges
                0x0000000000000078       0x20 /opt/devkitpro/libgba/lib/libgba.a(interrupt.o)
 .debug_aranges
                0x0000000000000098       0x20 /opt/devkitpro/libgba/lib/libgba.a(input.o)
 .debug_aranges
                0x00000000000000b8       0x20 /opt/devkitpro/libgba/lib/libgba.a(InterruptDispatcher.o)

.debug_pubnames
 *(.debug_pubnames)

.debug_info     0x0000000000000000     0x969d
 *(.debug_info)
 .debug_info    0x0000000000000000     0x8eba drum.o
 .debug_info    0x0000000000008eba      0x13b /opt/devkitpro/libgba/lib/libgba.a(CpuSet.o)
 .debug_info    0x0000000000008ff5      0x41b /opt/devkitpro/libgba/lib/libgba.a(interrupt.o)
 .debug_info    0x0000000000009410      0x267 /opt/devkitpro/libgba/lib/libgba.a(input.o)
 .debug_info    0x0000000000009677       0x26 /opt/devkitpro/libgba/lib/libgba.a(InterruptDispatcher.o)

.debug_abbrev   0x0000000000000000      0xa73
 *(.debug_abbrev)
 .debug_abbrev  0x0000000000000000      0x6a4 drum.o
 .debug_abbrev  0x00000000000006a4       0xa7 /opt/devkitpro/libgba/lib/libgba.a(CpuSet.o)
 .debug_abbrev  0x000000000000074b      0x1ee /opt/devkitpro/libgba/lib/libgba.a(interrupt.o)
 .debug_abbrev  0x0000000000000939      0x126 /opt/devkitpro/libgba/lib/libgba.a(input.o)
 .debug_abbrev  0x0000000000000a5f       0x14 /opt/devkitpro/libgba/lib/libgba.a(InterruptDispatcher.o)

.debug_line     0x0000000000000000     0xa0fc
 *(.debug_line)
 .debug_line    0x0000000000000000     0x96a1 drum.o
 .debug_line    0x00000000000096a1      0x164 /opt/devkitpro/libgba/lib/libgba.a(CpuSet.o)
 .debug_line    0x0000000000009805      0x5ae /opt/devkitpro/libgba/lib/libgba.a(interrupt.o)
 .debug_line    0x0000000000009db3      0x297 /opt/devkitpro/libgba/lib/libgba.a(input.o)
 .debug_line    0x000000000000a04a       0xb2 /opt/devkitpro/libgba/lib/libgba.a(InterruptDispatcher.o)

.debug_frame    0x0000000000000000      0x9a4
 *(.debug_frame)
 .debug_frame   0x0000000000000000      0x844 drum.o
 .debug_frame   0x0000000000000844       0x30 /opt/devkitpro/libgba/lib/libgba.a(CpuSet.o)
 .debug_frame   0x0000000000000874       0xb0 /opt/devkitpro/libgba/lib/libgba.a(interrupt.o)
 .debug_frame   0x0000000000000924       0x80 /opt/devkitpro/libgba/lib/libgba.a(input.o)

.debug_str      0x0000000000000000     0x1378
 *(.debug_str)
 .debug_str     0x0000000000000000     0x108a drum.o
                                       0x1190 (size before relaxing)
 .debug_str     0x000000000000108a       0xe6 /opt/devkitpro/libgba/lib/libgba.a(CpuSet.o)
                                        0x18e (size before relaxing)
 .debug_str     0x0000000000001170      0x105 /opt/devkitpro/libgba/lib/libgba.a(interrupt.o)
                                        0x310 (size before relaxing)
 .debug_str     0x0000000000001275       0xa3 /opt/devkitpro/libgba/lib/libgba.a(input.o)
                                        0x21b (size before relaxing)
 .debug_str     0x0000000000001318       0x60 /opt/devkitpro/libgba/lib/libgba.a(InterruptDispatcher.o)
                                         0xa0 (size before relaxing)

.debug_loc      0x0000000000000000      0x563
 *(.debug_loc)
 .debug_loc     0x0000000000000000       0xde /opt/devkitpro/libgba/lib/libgba.a(CpuSet.o)
 .debug_loc     0x00000000000000de      0x446 /opt/devkitpro/libgba/lib/libgba.a(interrupt.o)
 .debug_loc     0x0000000000000524       0x3f /opt/devkitpro/libgba/lib/libgba.a(input.o)

.debug_macinfo
 *(.debug_macinfo)

.debug_weaknames
 *(.debug_weaknames)

.debug_funcnames
 *(.debug_funcnames)

.debug_typenames
 *(.debug_typenames)

.debug_varnames
 *(.debug_varnames)

.stack          0x0000000000080000        0x0
                0x0000000000080000                _stack = .
 *(.stack)

.note.gnu.arm.ident
 *(.note.gnu.arm.ident)

.ARM.attributes
                0x0000000000000000       0x2c
 *(.ARM.attributes)
 .ARM.attributes
                0x0000000000000000       0x20 /opt/devkitpro/devkitARM/bin/../lib/gcc/arm-none-eabi/12.1.0/../../../../arm-none-eabi/lib/thumb/gba_crt0.o
 .ARM.attributes
                0x0000000000000020       0x1c /opt/devkitpro/devkitARM/bin/../lib/gcc/arm-none-eabi/12.1.0/thumb/crti.o
 .ARM.attributes
                0x000000000000003c       0x2a /opt/devkitpro/devkitARM/bin/../lib/gcc/arm-none-eabi/12.1.0/thumb/crtbegin.o
 .ARM.attributes
                0x0000000000000066       0x14 r6502_portfont.bin.o
 .ARM.attributes
                0x000000000000007a       0x14 r6502_portfont_original.bin.o
 .ARM.attributes
                0x000000000000008e       0x14 soundbank.bin.o
 .ARM.attributes
                0x00000000000000a2       0x26 drum.o
 .ARM.attributes
                0x00000000000000c8       0x1a /opt/devkitpro/libgba/lib/libmm.a(mm_effect.o)
 .ARM.attributes
                0x00000000000000e2       0x1a /opt/devkitpro/libgba/lib/libmm.a(mm_mas_arm.o)
 .ARM.attributes
                0x00000000000000fc       0x1a /opt/devkitpro/libgba/lib/libmm.a(mm_mixer_gba.o)
 .ARM.attributes
                0x0000000000000116       0x1a /opt/devkitpro/libgba/lib/libmm.a(mm_init_default.o)
 .ARM.attributes
                0x0000000000000130       0x1a /opt/devkitpro/libgba/lib/libmm.a(mm_main_gba.o)
 .ARM.attributes
                0x000000000000014a       0x1a /opt/devkitpro/libgba/lib/libmm.a(mm_mas.o)
 .ARM.attributes
                0x0000000000000164       0x1a /opt/devkitpro/libgba/lib/libmm.a(mm_main.o)
 .ARM.attributes
                0x000000000000017e       0x2a /opt/devkitpro/libgba/lib/libgba.a(CpuSet.o)
 .ARM.attributes
                0x00000000000001a8       0x2a /opt/devkitpro/libgba/lib/libgba.a(interrupt.o)
 .ARM.attributes
                0x00000000000001d2       0x2a /opt/devkitpro/libgba/lib/libgba.a(input.o)
 .ARM.attributes
                0x00000000000001fc       0x1a /opt/devkitpro/libgba/lib/libgba.a(InterruptDispatcher.o)
 .ARM.attributes
                0x0000000000000216       0x1c /opt/devkitpro/devkitARM/bin/../lib/gcc/arm-none-eabi/12.1.0/thumb/libgcc.a(_arm_muldf3.o)
 .ARM.attributes
                0x0000000000000232       0x1c /opt/devkitpro/devkitARM/bin/../lib/gcc/arm-none-eabi/12.1.0/thumb/libgcc.a(_arm_mulsf3.o)
 .ARM.attributes
                0x000000000000024e       0x1c /opt/devkitpro/devkitARM/bin/../lib/gcc/arm-none-eabi/12.1.0/thumb/libgcc.a(_udivsi3.o)
 .ARM.attributes
                0x000000000000026a       0x1c /opt/devkitpro/devkitARM/bin/../lib/gcc/arm-none-eabi/12.1.0/thumb/libgcc.a(_divsi3.o)
 .ARM.attributes
                0x0000000000000286       0x1c /opt/devkitpro/devkitARM/bin/../lib/gcc/arm-none-eabi/12.1.0/thumb/libgcc.a(_dvmd_tls.o)
 .ARM.attributes
                0x00000000000002a2       0x1c /opt/devkitpro/devkitARM/bin/../lib/gcc/arm-none-eabi/12.1.0/thumb/libgcc.a(_call_via_rX.o)
 .ARM.attributes
                0x00000000000002be       0x1c /opt/devkitpro/devkitARM/bin/../lib/gcc/arm-none-eabi/12.1.0/thumb/libgcc.a(_arm_addsubdf3.o)
 .ARM.attributes
                0x00000000000002da       0x1c /opt/devkitpro/devkitARM/bin/../lib/gcc/arm-none-eabi/12.1.0/thumb/libgcc.a(_arm_fixdfsi.o)
 .ARM.attributes
                0x00000000000002f6       0x1c /opt/devkitpro/devkitARM/bin/../lib/gcc/arm-none-eabi/12.1.0/thumb/libgcc.a(_arm_addsubsf3.o)
 .ARM.attributes
                0x0000000000000312       0x1c /opt/devkitpro/devkitARM/bin/../lib/gcc/arm-none-eabi/12.1.0/thumb/libgcc.a(_arm_muldivsf3.o)
 .ARM.attributes
                0x000000000000032e       0x1c /opt/devkitpro/devkitARM/bin/../lib/gcc/arm-none-eabi/12.1.0/thumb/libgcc.a(_arm_cmpsf2.o)
 .ARM.attributes
                0x000000000000034a       0x1c /opt/devkitpro/devkitARM/bin/../lib/gcc/arm-none-eabi/12.1.0/thumb/libgcc.a(_arm_fixsfsi.o)
 .ARM.attributes
                0x0000000000000366       0x2a /opt/devkitpro/devkitARM/bin/../lib/gcc/arm-none-eabi/12.1.0/../../../../arm-none-eabi/lib/thumb/libg.a(lib_a-init.o)
 .ARM.attributes
                0x0000000000000390       0x2a /opt/devkitpro/devkitARM/bin/../lib/gcc/arm-none-eabi/12.1.0/../../../../arm-none-eabi/lib/thumb/libg.a(lib_a-malloc.o)
 .ARM.attributes
                0x00000000000003ba       0x2a /opt/devkitpro/devkitARM/bin/../lib/gcc/arm-none-eabi/12.1.0/../../../../arm-none-eabi/lib/thumb/libg.a(lib_a-mallocr.o)
 .ARM.attributes
                0x00000000000003e4       0x2a /opt/devkitpro/devkitARM/bin/../lib/gcc/arm-none-eabi/12.1.0/../../../../arm-none-eabi/lib/thumb/libg.a(lib_a-memcpy-stub.o)
 .ARM.attributes
                0x000000000000040e       0x2a /opt/devkitpro/devkitARM/bin/../lib/gcc/arm-none-eabi/12.1.0/../../../../arm-none-eabi/lib/thumb/libg.a(lib_a-memset.o)
 .ARM.attributes
                0x0000000000000438       0x2a /opt/devkitpro/devkitARM/bin/../lib/gcc/arm-none-eabi/12.1.0/../../../../arm-none-eabi/lib/thumb/libg.a(lib_a-mlock.o)
 .ARM.attributes
                0x0000000000000462       0x2a /opt/devkitpro/devkitARM/bin/../lib/gcc/arm-none-eabi/12.1.0/../../../../arm-none-eabi/lib/thumb/libg.a(lib_a-rand.o)
 .ARM.attributes
                0x000000000000048c       0x2a /opt/devkitpro/devkitARM/bin/../lib/gcc/arm-none-eabi/12.1.0/../../../../arm-none-eabi/lib/thumb/libg.a(lib_a-sprintf.o)
 .ARM.attributes
                0x00000000000004b6       0x1a /opt/devkitpro/devkitARM/bin/../lib/gcc/arm-none-eabi/12.1.0/../../../../arm-none-eabi/lib/thumb/libg.a(lib_a-strcmp.o)
 .ARM.attributes
                0x00000000000004d0       0x2a /opt/devkitpro/devkitARM/bin/../lib/gcc/arm-none-eabi/12.1.0/../../../../arm-none-eabi/lib/thumb/libg.a(lib_a-svfprintf.o)
 .ARM.attributes
                0x00000000000004fa       0x2a /opt/devkitpro/devkitARM/bin/../lib/gcc/arm-none-eabi/12.1.0/../../../../arm-none-eabi/lib/thumb/libg.a(lib_a-wcrtomb.o)
 .ARM.attributes
                0x0000000000000524       0x2a /opt/devkitpro/devkitARM/bin/../lib/gcc/arm-none-eabi/12.1.0/../../../../arm-none-eabi/lib/thumb/libg.a(lib_a-wcsrtombs.o)
 .ARM.attributes
                0x000000000000054e       0x2a /opt/devkitpro/devkitARM/bin/../lib/gcc/arm-none-eabi/12.1.0/../../../../arm-none-eabi/lib/thumb/libg.a(lib_a-dtoa.o)
 .ARM.attributes
                0x0000000000000578       0x2a /opt/devkitpro/devkitARM/bin/../lib/gcc/arm-none-eabi/12.1.0/../../../../arm-none-eabi/lib/thumb/libg.a(lib_a-freer.o)
 .ARM.attributes
                0x00000000000005a2       0x2a /opt/devkitpro/devkitARM/bin/../lib/gcc/arm-none-eabi/12.1.0/../../../../arm-none-eabi/lib/thumb/libg.a(lib_a-localeconv.o)
 .ARM.attributes
                0x00000000000005cc       0x2a /opt/devkitpro/devkitARM/bin/../lib/gcc/arm-none-eabi/12.1.0/../../../../arm-none-eabi/lib/thumb/libg.a(lib_a-locale.o)
 .ARM.attributes