Archive member included to satisfy reference by file (symbol)

/opt/devkitpro/libgba/lib/libmm.a(mm_effect.o)
                              drum.o (mmEffectEx)
/opt/devkitpro/libgba/lib/libmm.a(mm_mas_arm.o)
                              /opt/devkitpro/libgba/lib/libmm.a(mm_effect.o) (mmAllocChannel)
/opt/devkitpro/libgba/lib/libmm.a(mm_mixer_gba.o)
                              drum.o (mmVBlank)
/opt/devkitpro/libgba/lib/libmm.a(mm_init_default.o)
                              drum.o (mmInitDefault)
/opt/devkitpro/libgba/lib/libmm.a(mm_main_gba.o)
                              /opt/devkitpro/libgba/lib/libmm.a(mm_mixer_gba.o) (mm_vblank_function)
/opt/devkitpro/libgba/lib/libmm.a(mm_mas.o)
                              /opt/devkitpro/libgba/lib/libmm.a(mm_main_gba.o) (mmLayerMain)
/opt/devkitpro/libgba/lib/libmm.a(mm_main.o)
                              /opt/devkitpro/libgba/lib/libmm.a(mm_mas.o) (mmCallback)
/opt/devkitpro/libgba/lib/libgba.a(CpuSet.o)
                              drum.o (CpuFastSet)
/opt/devkitpro/libgba/lib/libgba.a(interrupt.o)
                              drum.o (irqInit)
/opt/devkitpro/libgba/lib/libgba.a(input.o)
                              drum.o (scanKeys)
/opt/devkitpro/libgba/lib/libgba.a(InterruptDispatcher.o)
                              /opt/devkitpro/libgba/lib/libgba.a(interrupt.o) (IntrMain)
/opt/devkitpro/devkitARM/bin/../lib/gcc/arm-none-eabi/12.1.0/thumb/libgcc.a(_arm_muldf3.o)
                              drum.o (__aeabi_dmul)
/opt/devkitpro/devkitARM/bin/../lib/gcc/arm-none-eabi/12.1.0/thumb/libgcc.a(_arm_mulsf3.o)
                              drum.o (__aeabi_fmul)
/opt/devkitpro/devkitARM/bin/../lib/gcc/arm-none-eabi/12.1.0/thumb/libgcc.a(_udivsi3.o)
                              drum.o (__aeabi_uidiv)
/opt/devkitpro/devkitARM/bin/../lib/gcc/arm-none-eabi/12.1.0/thumb/libgcc.a(_divsi3.o)
                              drum.o (__aeabi_idiv)
/opt/devkitpro/devkitARM/bin/../lib/gcc/arm-none-eabi/12.1.0/thumb/libgcc.a(_dvmd_tls.o)
                              /opt/devkitpro/devkitARM/bin/../lib/gcc/arm-none-eabi/12.1.0/thumb/libgcc.a(_udivsi3.o) (__aeabi_idiv0)
/opt/devkitpro/devkitARM/bin/../lib/gcc/arm-none-eabi/12.1.0/thumb/libgcc.a(_call_via_rX.o)
                              /opt/devkitpro/libgba/lib/libmm.a(mm_main_gba.o) (_call_via_r1)
/opt/devkitpro/devkitARM/bin/../lib/gcc/arm-none-eabi/12.1.0/thumb/libgcc.a(_arm_addsubdf3.o)
                              drum.o (__aeabi_i2d)
/opt/devkitpro/devkitARM/bin/../lib/gcc/arm-none-eabi/12.1.0/thumb/libgcc.a(_arm_fixdfsi.o)
                              drum.o (__aeabi_d2iz)
/opt/devkitpro/devkitARM/bin/../lib/gcc/arm-none-eabi/12.1.0/thumb/libgcc.a(_arm_addsubsf3.o)
                              drum.o (__aeabi_fsub)
/opt/devkitpro/devkitARM/bin/../lib/gcc/arm-none-eabi/12.1.0/thumb/libgcc.a(_arm_muldivsf3.o)
                              drum.o (__aeabi_fdiv)
/opt/devkitpro/devkitARM/bin/../lib/gcc/arm-none-eabi/12.1.0/thumb/libgcc.a(_arm_cmpsf2.o)
                              drum.o (__aeabi_fcmplt)
/opt/devkitpro/devkitARM/bin/../lib/gcc/arm-none-eabi/12.1.0/thumb/libgcc.a(_arm_fixsfsi.o)
                              drum.o (__aeabi_f2iz)
/opt/devkitpro/devkitARM/bin/../lib/gcc/arm-none-eabi/12.1.0/../../../../arm-none-eabi/lib/thumb/libg.a(lib_a-init.o)
                              /opt/devkitpro/devkitARM/bin/../lib/gcc/arm-none-eabi/12.1.0/../../../../arm-none-eabi/lib/thumb/gba_crt0.o (__libc_init_array)
/opt/devkitpro/devkitARM/bin/../lib/gcc/arm-none-eabi/12.1.0/../../../../arm-none-eabi/lib/thumb/libg.a(lib_a-malloc.o)
                              drum.o (malloc)
/opt/devkitpro/devkitARM/bin/../lib/gcc/arm-none-eabi/12.1.0/../../../../arm-none-eabi/lib/thumb/libg.a(lib_a-mallocr.o)
                              /opt/devkitpro/devkitARM/bin/../lib/gcc/arm-none-eabi/12.1.0/../../../../arm-none-eabi/lib/thumb/libg.a(lib_a-malloc.o) (_malloc_r)
/opt/devkitpro/devkitARM/bin/../lib/gcc/arm-none-eabi/12.1.0/../../../../arm-none-eabi/lib/thumb/libg.a(lib_a-memcpy-stub.o)
                              drum.o (memcpy)
/opt/devkitpro/devkitARM/bin/../lib/gcc/arm-none-eabi/12.1.0/../../../../arm-none-eabi/lib/thumb/libg.a(lib_a-memset.o)
                              drum.o (memset)
/opt/devkitpro/devkitARM/bin/../lib/gcc/arm-none-eabi/12.1.0/../../../../arm-none-eabi/lib/thumb/libg.a(lib_a-mlock.o)
                              /opt/devkitpro/devkitARM/bin/../lib/gcc/arm-none-eabi/12.1.0/../../../../arm-none-eabi/lib/thumb/libg.a(lib_a-mallocr.o) (__malloc_lock)
/opt/devkitpro/devkitARM/bin/../lib/gcc/arm-none-eabi/12.1.0/../../../../arm-none-eabi/lib/thumb/libg.a(lib_a-rand.o)
                              drum.o (rand)
/opt/devkitpro/devkitARM/bin/../lib/gcc/arm-none-eabi/12.1.0/../../../../arm-none-eabi/lib/thumb/libg.a(lib_a-sprintf.o)
                              drum.o (sprintf)
/opt/devkitpro/devkitARM/bin/../lib/gcc/arm-none-eabi/12.1.0/../../../../arm-none-eabi/lib/thumb/libg.a(lib_a-strcmp.o)
[...]
Memory Configuration

Name             Origin             Length             Attributes
rom              0x0000000008000000 0x0000000002000000
iwram            0x0000000003000000 0x0000000000008000
ewram            0x0000000002000000 0x0000000000040000
*default*        0x0000000000000000 0xffffffffffffffff

Linker script and memory map

                0x0000000008000000                __text_start = ORIGIN (rom)
                0x0000000002040000                __eheap_end = (ORIGIN (ewram) + LENGTH (ewram))
                0x0000000003000000                __iwram_start = ORIGIN (iwram)
                0x0000000003008000                __iwram_top = (ORIGIN (iwram) + LENGTH (iwram))
                0x0000000003007fa0                __sp_irq = (__iwram_top - 0x60)
                0x0000000003007f00                __sp_usr = (__sp_irq - 0xa0)
                0x0000000003007ff8                __irq_flags = 0x3007ff8
                0x0000000008000000                . = __text_start

.crt0           0x0000000008000000      0x210
 *(.crt0)
 .crt0          0x0000000008000000      0x210 /opt/devkitpro/devkitARM/bin/../lib/gcc/arm-none-eabi/12.1.0/../../../../arm-none-eabi/lib/thumb/gba_crt0.o
                0x0000000008000000                _start
                0x00000000080000c4                __boot_method
                0x00000000080000c5                __slave_number
                0x00000000080000e0                start_vector
                0x0000000008000210                . = ALIGN (0x4)

.init           0x0000000008000210        0xc
 *(SORT_NONE(.init))
 .init          0x0000000008000210        0x4 /opt/devkitpro/devkitARM/bin/../lib/gcc/arm-none-eabi/12.1.0/thumb/crti.o
                0x0000000008000210                _init
 .init          0x0000000008000214        0x8 /opt/devkitpro/devkitARM/bin/../lib/gcc/arm-none-eabi/12.1.0/thumb/crtn.o

.plt            0x000000000800021c        0x0
 *(.plt)
                0x000000000800021c                . = ALIGN (0x4)

.text           0x0000000008000220    0x10e48
 *(EXCLUDE_FILE(*.iwram*) .text*)
 .text.__do_global_dtors_aux
                0x0000000008000220       0x2c /opt/devkitpro/devkitARM/bin/../lib/gcc/arm-none-eabi/12.1.0/thumb/crtbegin.o
 .text.frame_dummy
                0x000000000800024c       0x24 /opt/devkitpro/devkitARM/bin/../lib/gcc/arm-none-eabi/12.1.0/thumb/crtbegin.o
 .text          0x0000000008000270     0x4ff4 drum.o
                0x00000000080004b8                set_bpm_to_millis
                0x00000000080004e0                set_shuffle
                0x0000000008000514                setup_timers
                0x0000000008000550                update_timers
                0x0000000008000578                enable_serial_interrupt
                0x00000000080005b0                disable_serial_interrupt
                0x00000000080005d0                enable_trig_interrupt
                0x0000000008000600                disable_trig_interrupt
                0x0000000008000620                init_song
                0x0000000008000764                rand_pattern
                0x00000000080008d4                rand_samples
                0x0000000008000924                clear_pattern
                0x00000000080009a8                copy_pattern
                0x00000000080009d4                paste_pattern
                0x0000000008000a00                copy_order
                0x0000000008000a14                paste_order
                0x0000000008000a24                play_sample
                0x0000000008000a68                play_sample_sync
                0x0000000008000a98                play_sound
                0x0000000008000b6c                define_palettes
                0x0000000008000c94                clear_screen
                0x0000000008000cb4                put_character
                0x0000000008000cdc                put_string
                0x0000000008000d34                set_palette
                0x0000000008000d54                draw_cursor
                0x0000000008000e04                draw_cell_status
                0x00000000080010f0                draw_column_cursor
                0x0000000008001148                clear_last_song_cursor
                0x00000000080011b0                clear_last_song_queued_cursor
                0x000000000800121c                draw_song_queued_cursor
                0x0000000008001288                draw_song_cursor
                0x000000000800132c                clear_song_cursor
                0x0000000008001388                draw_status
                0x0000000008001418                draw_temp_status
                0x00000000080014a0                set_status
                0x0000000008001530                draw_bpm_pattern
                0x0000000008001658                draw_song
                0x0000000008001920                draw_samples
                0x0000000008001b90                draw_settings
                0x00000000080020a8                draw_help
                0x00000000080021c4                move_cursor
                0x0000000008002428                draw_screen
                0x0000000008002464                find_chain_start
                0x000000000800249c                stop_song
                0x00000000080027ec                play_pattern
                0x0000000008002a70                play_song
                0x0000000008002d5c                next_column
                0x00000000080030c4                is_empty_pattern
                0x00000000080031dc                set_patterns_data
                0x00000000080032fc                set_orders_data
                0x0000000008003328                file_option_save
                0x00000000080034fc                file_option_load
                0x000000000800364c                samples_menu
                0x000000000800397c                settings_menu
                0x0000000008003eb4                process_input
                0x00000000080051d8                setup_interrupts
                0x000000000800520c                setup_display
 .text.startup  0x0000000008005264       0x78 drum.o
                0x0000000008005264                main
 .text          0x00000000080052dc      0x314 /opt/devkitpro/libgba/lib/libmm.a(mm_effect.o)
                0x00000000080052dc                mmResetEffects
                0x0000000008005308                mmEffect
                0x000000000800531e                mmEffectEx
                0x000000000800541e                mmEffectActive
                0x0000000008005452                mmEffectVolume
                0x000000000800546e                mmEffectPanning
                0x0000000008005482                mmEffectRate
                0x0000000008005496                mmEffectCancel
                0x00000000080054d0                mmEffectRelease
                0x00000000080054f6                mmEffectScaleRate
                0x000000000800550a                mmSetEffectsVolume
                0x0000000008005518                mmEffectCancelAll
                0x0000000008005558                mmUpdateEffects
 .text          0x00000000080055f0      0x1e0 /opt/devkitpro/libgba/lib/libmm.a(mm_mixer_gba.o)
                0x00000000080055f0                mmMixerSetSource
                0x0000000008005604                mmMixerSetRead
                0x0000000008005612                mmMixerSetFreq
                0x0000000008005622                mmMixerMulFreq
                0x0000000008005636                mmMixerStopChannel
                0x0000000008005648                mmMixerChannelActive
                0x000000000800565a                mmMixerSetVolume
                0x0000000008005668                mmMixerSetPan
                0x0000000008005676                mmMixerInit
 .text          0x00000000080057d0       0x44 /opt/devkitpro/libgba/lib/libmm.a(mm_init_default.o)
                0x00000000080057d0                mmInitDefault
 .text          0x0000000008005814      0x12c /opt/devkitpro/libgba/lib/libmm.a(mm_main_gba.o)
                0x0000000008005814                mmInit
                0x0000000008005868                mmSetVBlankHandler
                0x000000000800586e                mmFrame
 .text          0x0000000008005940     0x1570 /opt/devkitpro/libgba/lib/libmm.a(mm_mas.o)
                0x00000000080059b4                mmStart
                0x00000000080059d4                mmJingle
                0x00000000080059da                mmPlayModule
                0x0000000008005aa4                mmPause
                0x0000000008005ac0                mmResume
                0x0000000008005ad0                mmActive
                0x0000000008005ad6                mmActiveSub
                0x0000000008005adc                mmSetModuleVolume
                0x0000000008005aec                mmSetJingleVolume
                0x0000000008005b28                mmGetPositionTick
                0x0000000008005b2e                mmGetPositionRow
                0x0000000008005b34                mmGetPosition
                0x0000000008005b3a                mmPosition
                0x0000000008005b54                mmSetModuleTempo
                0x0000000008005b86                mmSetModulePitch
                0x0000000008005bc8                mmStop
                0x0000000008005c8e                mppUpdateSub
                0x0000000008005dea                mpp_Process_VolumeCommand
                0x0000000008006022                mpp_Process_Effect
                0x0000000008006770                ST3_FREQTABLE
                0x0000000008006b90                IT_PitchTable
 .text          0x0000000008006eb0       0x14 /opt/devkitpro/libgba/lib/libmm.a(mm_main.o)
                0x0000000008006eb0                mpp_call_r7
                0x0000000008006eb2                mpp_call_r1
                0x0000000008006eb4                mpp_call_r2
                0x0000000008006eb6                mpp_call_r3
                0x0000000008006eb8                mmSetEventHandler
 .text          0x0000000008006ec4        0x8 /opt/devkitpro/libgba/lib/libgba.a(CpuSet.o)
                0x0000000008006ec4                CpuSet
                0x0000000008006ec8                CpuFastSet
 .text          0x0000000008006ecc      0x3b8 /opt/devkitpro/libgba/lib/libgba.a(interrupt.o)
                0x0000000008006ecc                dummy
                0x0000000008006ed0                InitInterrupt
                0x0000000008006f2c                irqInit
                0x0000000008006f88                SetInterrupt
                0x000000000800706c                irqSet
                0x0000000008007150                EnableInterrupt
                0x000000000800719c                irqEnable
                0x00000000080071ec                DisableInterrupt
                0x0000000008007238                irqDisable
 .text          0x0000000008007284       0xbc /opt/devkitpro/libgba/lib/libgba.a(input.o)
                0x0000000008007284                setRepeat
                0x0000000008007290                scanKeys
                0x0000000008007304                keysDownRepeat
                0x0000000008007314                keysDown
                0x0000000008007324                keysUp
                0x0000000008007334                keysHeld
 .text          0x0000000008007340      0x11c /opt/devkitpro/devkitARM/bin/../lib/gcc/arm-none-eabi/12.1.0/thumb/libgcc.a(_udivsi3.o)
                0x0000000008007340                __udivsi3
                0x0000000008007340                __aeabi_uidiv
                0x000000000800743c                __aeabi_uidivmod
 .text          0x000000000800745c      0x150 /opt/devkitpro/devkitARM/bin/../lib/gcc/arm-none-eabi/12.1.0/thumb/libgcc.a(_divsi3.o)
                0x000000000800745c                __aeabi_idiv
                0x000000000800745c                __divsi3
                0x000000000800758c                __aeabi_idivmod
 .text          0x00000000080075ac        0x4 /opt/devkitpro/devkitARM/bin/../lib/gcc/arm-none-eabi/12.1.0/thumb/libgcc.a(_dvmd_tls.o)
                0x00000000080075ac                __aeabi_ldiv0
                0x00000000080075ac                __aeabi_idiv0
 .text          0x00000000080075b0       0x3c /opt/devkitpro/devkitARM/bin/../lib/gcc/arm-none-eabi/12.1.0/thumb/libgcc.a(_call_via_rX.o)
                0x00000000080075b0                _call_via_r0
                0x00000000080075b4                _call_via_r1
                0x00000000080075b8                _call_via_r2
                0x00000000080075bc                _call_via_r3
                0x00000000080075c0                _call_via_r4
                0x00000000080075c4                _call_via_r5
                0x00000000080075c8                _call_via_r6
                0x00000000080075cc                _call_via_r7
                0x00000000080075d0                _call_via_r8
                0x00000000080075d4                _call_via_r9
                0x00000000080075d8                _call_via_sl
                0x00000000080075dc                _call_via_fp
                0x00000000080075e0                _call_via_ip
                0x00000000080075e4                _call_via_sp
                0x00000000080075e8                _call_via_lr
 .text          0x00000000080075ec      0x424 /opt/devkitpro/devkitARM/bin/../lib/gcc/arm-none-eabi/12.1.0/thumb/libgcc.a(_arm_addsubdf3.o)
                0x00000000080075ec                __aeabi_drsub
                0x00000000080075f4                __aeabi_dsub
                0x00000000080075f4                __subdf3
                0x00000000080075f8                __adddf3
                0x00000000080075f8                __aeabi_dadd
                0x0000000008007908                __aeabi_ui2d
                0x0000000008007908                __floatunsidf
                0x000000000800792c                __floatsidf
                0x000000000800792c                __aeabi_i2d
                0x0000000008007954                __extendsfdf2
                0x0000000008007954                __aeabi_f2d
                0x000000000800799c                __aeabi_ul2d
                0x000000000800799c                __floatundidf
                0x00000000080079b0                __floatdidf
                0x00000000080079b0                __aeabi_l2d
 .text          0x0000000008007a10       0x5c /opt/devkitpro/devkitARM/bin/../lib/gcc/arm-none-eabi/12.1.0/thumb/libgcc.a(_arm_fixdfsi.o)
                0x0000000008007a10                __fixdfsi
                0x0000000008007a10                __aeabi_d2iz
 .text          0x0000000008007a6c      0x2ac /opt/devkitpro/devkitARM/bin/../lib/gcc/arm-none-eabi/12.1.0/thumb/libgcc.a(_arm_addsubsf3.o)
                0x0000000008007a6c                __aeabi_frsub
                0x0000000008007a74                __subsf3
                0x0000000008007a74                __aeabi_fsub
                0x0000000008007a78                __aeabi_fadd
                0x0000000008007a78                __addsf3
                0x0000000008007c34                __aeabi_ui2f
                0x0000000008007c34                __floatunsisf
                0x0000000008007c3c                __aeabi_i2f
                0x0000000008007c3c                __floatsisf
                0x0000000008007c5c                __floatundisf
                0x0000000008007c5c                __aeabi_ul2f
                0x0000000008007c6c                __floatdisf
                0x0000000008007c6c                __aeabi_l2f
 .text          0x0000000008007d18      0x2f8 /opt/devkitpro/devkitARM/bin/../lib/gcc/arm-none-eabi/12.1.0/thumb/libgcc.a(_arm_muldivsf3.o)
                0x0000000008007d18                __mulsf3
                0x0000000008007d18                __aeabi_fmul
                0x0000000008007eb0                __divsf3
                0x0000000008007eb0                __aeabi_fdiv
 .text          0x0000000008008010      0x114 /opt/devkitpro/devkitARM/bin/../lib/gcc/arm-none-eabi/12.1.0/thumb/libgcc.a(_arm_cmpsf2.o)
                0x0000000008008010                __gtsf2
                0x0000000008008010                __gesf2
                0x0000000008008018                __lesf2
                0x0000000008008018                __ltsf2
                0x0000000008008020                __nesf2
                0x0000000008008020                __eqsf2
                0x0000000008008020                __cmpsf2
                0x0000000008008084                __aeabi_cfrcmple
                0x0000000008008094                __aeabi_cfcmple
                0x0000000008008094                __aeabi_cfcmpeq
                0x00000000080080ac                __aeabi_fcmpeq
                0x00000000080080c4                __aeabi_fcmplt
                0x00000000080080dc                __aeabi_fcmple
                0x00000000080080f4                __aeabi_fcmpge
                0x000000000800810c                __aeabi_fcmpgt
 .text          0x0000000008008124       0x5c /opt/devkitpro/devkitARM/bin/../lib/gcc/arm-none-eabi/12.1.0/thumb/libgcc.a(_arm_fixsfsi.o)
                0x0000000008008124                __fixsfsi
                0x0000000008008124                __aeabi_f2iz
 .text.__libc_init_array
                0x0000000008008180       0x54 /opt/devkitpro/devkitARM/bin/../lib/gcc/arm-none-eabi/12.1.0/../../../../arm-none-eabi/lib/thumb/libg.a(lib_a-init.o)
                0x0000000008008180                __libc_init_array
 .text.malloc   0x00000000080081d4       0x14 /opt/devkitpro/devkitARM/bin/../lib/gcc/arm-none-eabi/12.1.0/../../../../arm-none-eabi/lib/thumb/libg.a(lib_a-malloc.o)
                0x00000000080081d4                malloc
 .text.free     0x00000000080081e8       0x14 /opt/devkitpro/devkitARM/bin/../lib/gcc/arm-none-eabi/12.1.0/../../../../arm-none-eabi/lib/thumb/libg.a(lib_a-malloc.o)
                0x00000000080081e8                free
 .text._malloc_r
                0x00000000080081fc      0x560 /opt/devkitpro/devkitARM/bin/../lib/gcc/arm-none-eabi/12.1.0/../../../../arm-none-eabi/lib/thumb/libg.a(lib_a-mallocr.o)
                0x00000000080081fc                _malloc_r
 .text.memcpy   0x000000000800875c       0x94 /opt/devkitpro/devkitARM/bin/../lib/gcc/arm-none-eabi/12.1.0/../../../../arm-none-eabi/lib/thumb/libg.a(lib_a-memcpy-stub.o)
                0x000000000800875c                memcpy
 .text.memset   0x00000000080087f0       0xb0 /opt/devkitpro/devkitARM/bin/../lib/gcc/arm-none-eabi/12.1.0/../../../../arm-none-eabi/lib/thumb/libg.a(lib_a-memset.o)
                0x00000000080087f0                memset
 .text.__malloc_lock
                0x00000000080088a0       0x14 /opt/devkitpro/devkitARM/bin/../lib/gcc/arm-none-eabi/12.1.0/../../../../arm-none-eabi/lib/thumb/libg.a(lib_a-mlock.o)
                0x00000000080088a0                __malloc_lock
 .text.__malloc_unlock
                0x00000000080088b4       0x14 /opt/devkitpro/devkitARM/bin/../lib/gcc/arm-none-eabi/12.1.0/../../../../arm-none-eabi/lib/thumb/libg.a(lib_a-mlock.o)
                0x00000000080088b4                __malloc_unlock
 .text.rand     0x00000000080088c8       0x34 /opt/devkitpro/devkitARM/bin/../lib/gcc/arm-none-eabi/12.1.0/../../../../arm-none-eabi/lib/thumb/libg.a(lib_a-rand.o)
                0x00000000080088c8                rand
 .text.sprintf  0x00000000080088fc       0x40 /opt/devkitpro/devkitARM/bin/../lib/gcc/arm-none-eabi/12.1.0/../../../../arm-none-eabi/lib/thumb/libg.a(lib_a-sprintf.o)
                0x00000000080088fc                sprintf
 .text          0x000000000800893c      0x224 /opt/devkitpro/devkitARM/bin/../lib/gcc/arm-none-eabi/12.1.0/../../../../arm-none-eabi/lib/thumb/libg.a(lib_a-strcmp.o)
                0x000000000800893c                strcmp
 .text.get_arg  0x0000000008008b60      0x42c /opt/devkitpro/devkitARM/bin/../lib/gcc/arm-none-eabi/12.1.0/../../../../arm-none-eabi/lib/thumb/libg.a(lib_a-svfprintf.o)
 .text._svfprintf_r
                0x0000000008008f8c     0x22fc /opt/devkitpro/devkitARM/bin/../lib/gcc/arm-none-eabi/12.1.0/../../../../arm-none-eabi/lib/thumb/libg.a(lib_a-svfprintf.o)
                0x0000000008008f8c                _svfprintf_r
 .text._wcrtomb_r
                0x000000000800b288       0x5c /opt/devkitpro/devkitARM/bin/../lib/gcc/arm-none-eabi/12.1.0/../../../../arm-none-eabi/lib/thumb/libg.a(lib_a-wcrtomb.o)
                0x000000000800b288                _wcrtomb_r
 .text._wcsrtombs_r
                0x000000000800b2e4       0x1c /opt/devkitpro/devkitARM/bin/../lib/gcc/arm-none-eabi/12.1.0/../../../../arm-none-eabi/lib/thumb/libg.a(lib_a-wcsrtombs.o)
                0x000000000800b2e4                _wcsrtombs_r
 .text.quorem   0x000000000800b300      0x158 /opt/devkitpro/devkitARM/bin/../lib/gcc/arm-none-eabi/12.1.0/../../../../arm-none-eabi/lib/thumb/libg.a(lib_a-dtoa.o)
 .text._dtoa_r  0x000000000800b458      0xfcc /opt/devkitpro/devkitARM/bin/../lib/gcc/arm-none-eabi/12.1.0/../../../../arm-none-eabi/lib/thumb/libg.a(lib_a-dtoa.o)
                0x000000000800b458                _dtoa_r
 .text._malloc_trim_r
                0x000000000800c424       0xac /opt/devkitpro/devkitARM/bin/../lib/gcc/arm-none-eabi/12.1.0/../../../../arm-none-eabi/lib/thumb/libg.a(lib_a-freer.o)
                0x000000000800c424                _malloc_trim_r
 .text._free_r  0x000000000800c4d0      0x1d8 /opt/devkitpro/devkitARM/bin/../lib/gcc/arm-none-eabi/12.1.0/../../../../arm-none-eabi/lib/thumb/libg.a(lib_a-freer.o)
                0x000000000800c4d0                _free_r
 .text._localeconv_r
                0x000000000800c6a8        0x8 /opt/devkitpro/devkitARM/bin/../lib/gcc/arm-none-eabi/12.1.0/../../../../arm-none-eabi/lib/thumb/libg.a(lib_a-localeconv.o)
                0x000000000800c6a8                _localeconv_r
 .text.__locale_mb_cur_max
                0x000000000800c6b0       0x10 /opt/devkitpro/devkitARM/bin/../lib/gcc/arm-none-eabi/12.1.0/../../../../arm-none-eabi/lib/thumb/libg.a(lib_a-locale.o)
                0x000000000800c6b0                __locale_mb_cur_max
 .text.__utf8_mbtowc
                0x000000000800c6c0      0x27c /opt/devkitpro/devkitARM/bin/../lib/gcc/arm-none-eabi/12.1.0/../../../../arm-none-eabi/lib/thumb/libg.a(lib_a-mbtowc_r.o)
                0x000000000800c6c0                __utf8_mbtowc
 .text.memchr   0x000000000800c93c       0x78 /opt/devkitpro/devkitARM/bin/../lib/gcc/arm-none-eabi/12.1.0/../../../../arm-none-eabi/lib/thumb/libg.a(lib_a-memchr-stub.o)
                0x000000000800c93c                memchr
 .text._Balloc  0x000000000800c9b4       0x54 /opt/devkitpro/devkitARM/bin/../lib/gcc/arm-none-eabi/12.1.0/../../../../arm-none-eabi/lib/thumb/libg.a(lib_a-mprec.o)
                0x000000000800c9b4                _Balloc
 .text._Bfree   0x000000000800ca08       0x14 /opt/devkitpro/devkitARM/bin/../lib/gcc/arm-none-eabi/12.1.0/../../../../arm-none-eabi/lib/thumb/libg.a(lib_a-mprec.o)
                0x000000000800ca08                _Bfree
 .text.__multadd
                0x000000000800ca1c       0xac /opt/devkitpro/devkitARM/bin/../lib/gcc/arm-none-eabi/12.1.0/../../../../arm-none-eabi/lib/thumb/libg.a(lib_a-mprec.o)
                0x000000000800ca1c                __multadd
 .text.__hi0bits
                0x000000000800cac8       0x4c /opt/devkitpro/devkitARM/bin/../lib/gcc/arm-none-eabi/12.1.0/../../../../arm-none-eabi/lib/thumb/libg.a(lib_a-mprec.o)
                0x000000000800cac8                __hi0bits
 .text.__lo0bits
                0x000000000800cb14       0x5c /opt/devkitpro/devkitARM/bin/../lib/gcc/arm-none-eabi/12.1.0/../../../../arm-none-eabi/lib/thumb/libg.a(lib_a-mprec.o)
                0x000000000800cb14                __lo0bits
 .text.__i2b    0x000000000800cb70       0x64 /opt/devkitpro/devkitARM/bin/../lib/gcc/arm-none-eabi/12.1.0/../../../../arm-none-eabi/lib/thumb/libg.a(lib_a-mprec.o)
                0x000000000800cb70                __i2b
 .text.__multiply
                0x000000000800cbd4      0x1b4 /opt/devkitpro/devkitARM/bin/../lib/gcc/arm-none-eabi/12.1.0/../../../../arm-none-eabi/lib/thumb/libg.a(lib_a-mprec.o)
                0x000000000800cbd4                __multiply
 .text.__pow5mult
                0x000000000800cd88       0xd4 /opt/devkitpro/devkitARM/bin/../lib/gcc/arm-none-eabi/12.1.0/../../../../arm-none-eabi/lib/thumb/libg.a(lib_a-mprec.o)
                0x000000000800cd88                __pow5mult
 .text.__lshift
                0x000000000800ce5c      0x100 /opt/devkitpro/devkitARM/bin/../lib/gcc/arm-none-eabi/12.1.0/../../../../arm-none-eabi/lib/thumb/libg.a(lib_a-mprec.o)
                0x000000000800ce5c                __lshift
 .text.__mcmp   0x000000000800cf5c       0x40 /opt/devkitpro/devkitARM/bin/../lib/gcc/arm-none-eabi/12.1.0/../../../../arm-none-eabi/lib/thumb/libg.a(lib_a-mprec.o)
                0x000000000800cf5c                __mcmp
 .text.__mdiff  0x000000000800cf9c      0x1a8 /opt/devkitpro/devkitARM/bin/../lib/gcc/arm-none-eabi/12.1.0/../../../../arm-none-eabi/lib/thumb/libg.a(lib_a-mprec.o)
                0x000000000800cf9c                __mdiff
 .text.__d2b    0x000000000800d144       0xd0 /opt/devkitpro/devkitARM/bin/../lib/gcc/arm-none-eabi/12.1.0/../../../../arm-none-eabi/lib/thumb/libg.a(lib_a-mprec.o)
                0x000000000800d144                __d2b
 .text.frexp    0x000000000800d214       0x6c /opt/devkitpro/devkitARM/bin/../lib/gcc/arm-none-eabi/12.1.0/../../../../arm-none-eabi/lib/thumb/libg.a(lib_a-s_frexp.o)
                0x000000000800d214                frexp
 .text.strlen   0x000000000800d280       0x60 /opt/devkitpro/devkitARM/bin/../lib/gcc/arm-none-eabi/12.1.0/../../../../arm-none-eabi/lib/thumb/libg.a(lib_a-strlen-stub.o)
                0x000000000800d280                strlen
 .text.strncpy  0x000000000800d2e0       0x68 /opt/devkitpro/devkitARM/bin/../lib/gcc/arm-none-eabi/12.1.0/../../../../arm-none-eabi/lib/thumb/libg.a(lib_a-strncpy.o)
                0x000000000800d2e0                strncpy
 .text.__ssprint_r
                0x000000000800d348      0x120 /opt/devkitpro/devkitARM/bin/../lib/gcc/arm-none-eabi/12.1.0/../../../../arm-none-eabi/lib/thumb/libg.a(lib_a-svfiprintf.o)
                0x000000000800d348                __ssprint_r
 .text._wcsnrtombs_l
                0x000000000800d468      0x11c /opt/devkitpro/devkitARM/bin/../lib/gcc/arm-none-eabi/12.1.0/../../../../arm-none-eabi/lib/thumb/libg.a(lib_a-wcsnrtombs.o)
                0x000000000800d468                _wcsnrtombs_l
 .text._wcsnrtombs_r
                0x000000000800d584       0x30 /opt/devkitpro/devkitARM/bin/../lib/gcc/arm-none-eabi/12.1.0/../../../../arm-none-eabi/lib/thumb/libg.a(lib_a-wcsnrtombs.o)
                0x000000000800d584                _wcsnrtombs_r
 .text.__utf8_wctomb
                0x000000000800d5b4       0xb4 /opt/devkitpro/devkitARM/bin/../lib/gcc/arm-none-eabi/12.1.0/../../../../arm-none-eabi/lib/thumb/libg.a(lib_a-wctomb_r.o)
                0x000000000800d5b4                __utf8_wctomb
 .text.__assert_func
                0x000000000800d668       0x40 /opt/devkitpro/devkitARM/bin/../lib/gcc/arm-none-eabi/12.1.0/../../../../arm-none-eabi/lib/thumb/libg.a(lib_a-assert.o)
                0x000000000800d668                __assert_func
 .text._calloc_r
                0x000000000800d6a8       0xb8 /opt/devkitpro/devkitARM/bin/../lib/gcc/arm-none-eabi/12.1.0/../../../../arm-none-eabi/lib/thumb/libg.a(lib_a-callocr.o)
                0x000000000800d6a8                _calloc_r
 .text.__errno  0x000000000800d760        0xc /opt/devkitpro/devkitARM/bin/../lib/gcc/arm-none-eabi/12.1.0/../../../../arm-none-eabi/lib/thumb/libg.a(lib_a-errno.o)
                0x000000000800d760                __errno
 .text.fiprintf
                0x000000000800d76c       0x28 /opt/devkitpro/devkitARM/bin/../lib/gcc/arm-none-eabi/12.1.0/../../../../arm-none-eabi/lib/thumb/libg.a(lib_a-fiprintf.o)
                0x000000000800d76c                fiprintf
 .text.memmove  0x000000000800d794       0xc0 /opt/devkitpro/devkitARM/bin/../lib/gcc/arm-none-eabi/12.1.0/../../../../arm-none-eabi/lib/thumb/libg.a(lib_a-memmove.o)
                0x000000000800d794                memmove
 .text._realloc_r
                0x000000000800d854      0x384 /opt/devkitpro/devkitARM/bin/../lib/gcc/arm-none-eabi/12.1.0/../../../../arm-none-eabi/lib/thumb/libg.a(lib_a-reallocr.o)
                0x000000000800d854                _realloc_r
 .text.get_arg  0x000000000800dbd8      0x42c /opt/devkitpro/devkitARM/bin/../lib/gcc/arm-none-eabi/12.1.0/../../../../arm-none-eabi/lib/thumb/libg.a(lib_a-vfiprintf.o)
 .text.__sprint_r
                0x000000000800e004       0x24 /opt/devkitpro/devkitARM/bin/../lib/gcc/arm-none-eabi/12.1.0/../../../../arm-none-eabi/lib/thumb/libg.a(lib_a-vfiprintf.o)
                0x000000000800e004                __sprint_r
 .text._vfiprintf_r
                0x000000000800e028     0x173c /opt/devkitpro/devkitARM/bin/../lib/gcc/arm-none-eabi/12.1.0/../../../../arm-none-eabi/lib/thumb/libg.a(lib_a-vfiprintf.o)
                0x000000000800e028                _vfiprintf_r
 .text.__sbprintf
                0x000000000800f764       0x8c /opt/devkitpro/devkitARM/bin/../lib/gcc/arm-none-eabi/12.1.0/../../../../arm-none-eabi/lib/thumb/libg.a(lib_a-vfiprintf.o)
 .text.__swsetup_r
                0x000000000800f7f0       0xd0 /opt/devkitpro/devkitARM/bin/../lib/gcc/arm-none-eabi/12.1.0/../../../../arm-none-eabi/lib/thumb/libg.a(lib_a-wsetup.o)
                0x000000000800f7f0                __swsetup_r
 .text.abort    0x000000000800f8c0       0x10 /opt/devkitpro/devkitARM/bin/../lib/gcc/arm-none-eabi/12.1.0/../../../../arm-none-eabi/lib/thumb/libg.a(lib_a-abort.o)
                0x000000000800f8c0                abort
 .text.__sflush_r
                0x000000000800f8d0      0x18c /opt/devkitpro/devkitARM/bin/../lib/gcc/arm-none-eabi/12.1.0/../../../../arm-none-eabi/lib/thumb/libg.a(lib_a-fflush.o)
                0x000000000800f8d0                __sflush_r
 .text._fflush_r
                0x000000000800fa5c       0x70 /opt/devkitpro/devkitARM/bin/../lib/gcc/arm-none-eabi/12.1.0/../../../../arm-none-eabi/lib/thumb/libg.a(lib_a-fflush.o)
                0x000000000800fa5c                _fflush_r
 .text._cleanup_r
                0x000000000800facc       0x14 /opt/devkitpro/devkitARM/bin/../lib/gcc/arm-none-eabi/12.1.0/../../../../arm-none-eabi/lib/thumb/libg.a(lib_a-findfp.o)
                0x000000000800facc                _cleanup_r
 .text.__sinit  0x000000000800fae0      0x124 /opt/devkitpro/devkitARM/bin/../lib/gcc/arm-none-eabi/12.1.0/../../../../arm-none-eabi/lib/thumb/libg.a(lib_a-findfp.o)
                0x000000000800fae0                __sinit
 .text.__sfp_lock_acquire
                0x000000000800fc04       0x14 /opt/devkitpro/devkitARM/bin/../lib/gcc/arm-none-eabi/12.1.0/../../../../arm-none-eabi/lib/thumb/libg.a(lib_a-findfp.o)
                0x000000000800fc04                __sfp_lock_acquire
 .text.__sfp_lock_release
                0x000000000800fc18       0x14 /opt/devkitpro/devkitARM/bin/../lib/gcc/arm-none-eabi/12.1.0/../../../../arm-none-eabi/lib/thumb/libg.a(lib_a-findfp.o)
                0x000000000800fc18                __sfp_lock_release
 .text.__sfvwrite_r
                0x000000000800fc2c      0x334 /opt/devkitpro/devkitARM/bin/../lib/gcc/arm-none-eabi/12.1.0/../../../../arm-none-eabi/lib/thumb/libg.a(lib_a-fvwrite.o)
                0x000000000800fc2c                __sfvwrite_r
 .text._fwalk_reent
                0x000000000800ff60       0x50 /opt/devkitpro/devkitARM/bin/../lib/gcc/arm-none-eabi/12.1.0/../../../../arm-none-eabi/lib/thumb/libg.a(lib_a-fwalk.o)
                0x000000000800ff60                _fwalk_reent
 .text.__smakebuf_r
                0x000000000800ffb0       0xf0 /opt/devkitpro/devkitARM/bin/../lib/gcc/arm-none-eabi/12.1.0/../../../../arm-none-eabi/lib/thumb/libg.a(lib_a-makebuf.o)
                0x000000000800ffb0                __smakebuf_r
 .text._raise_r
                0x00000000080100a0       0x60 /opt/devkitpro/devkitARM/bin/../lib/gcc/arm-none-eabi/12.1.0/../../../../arm-none-eabi/lib/thumb/libg.a(lib_a-signal.o)
                0x00000000080100a0                _raise_r
 .text.raise    0x0000000008010100       0x14 /opt/devkitpro/devkitARM/bin/../lib/gcc/arm-none-eabi/12.1.0/../../../../arm-none-eabi/lib/thumb/libg.a(lib_a-signal.o)
                0x0000000008010100                raise
 .text.__sread  0x0000000008010114       0x34 /opt/devkitpro/devkitARM/bin/../lib/gcc/arm-none-eabi/12.1.0/../../../../arm-none-eabi/lib/thumb/libg.a(lib_a-stdio.o)
                0x0000000008010114                __sread
 .text.__swrite
                0x0000000008010148       0x4c /opt/devkitpro/devkitARM/bin/../lib/gcc/arm-none-eabi/12.1.0/../../../../arm-none-eabi/lib/thumb/libg.a(lib_a-stdio.o)
                0x0000000008010148                __swrite
 .text.__sseek  0x0000000008010194       0x44 /opt/devkitpro/devkitARM/bin/../lib/gcc/arm-none-eabi/12.1.0/../../../../arm-none-eabi/lib/thumb/libg.a(lib_a-stdio.o)
                0x0000000008010194                __sseek
 .text.__sclose
                0x00000000080101d8       0x10 /opt/devkitpro/devkitARM/bin/../lib/gcc/arm-none-eabi/12.1.0/../../../../arm-none-eabi/lib/thumb/libg.a(lib_a-stdio.o)
                0x00000000080101d8                __sclose
 .text._fclose_r
                0x00000000080101e8       0xe4 /opt/devkitpro/devkitARM/bin/../lib/gcc/arm-none-eabi/12.1.0/../../../../arm-none-eabi/lib/thumb/libg.a(lib_a-fclose.o)
                0x00000000080101e8                _fclose_r
 .text._fstat_r
                0x00000000080102cc       0x4c /opt/devkitpro/devkitARM/bin/../lib/gcc/arm-none-eabi/12.1.0/../../../../arm-none-eabi/lib/thumb/libsysbase.a(fstat.o)
                0x00000000080102cc                _fstat_r
 .text._getpid_r
                0x0000000008010318        0xc /opt/devkitpro/devkitARM/bin/../lib/gcc/arm-none-eabi/12.1.0/../../../../arm-none-eabi/lib/thumb/libsysbase.a(getpid.o)
                0x0000000008010318                _getpid_r
 .text._isatty_r
                0x0000000008010324        0x4 /opt/devkitpro/devkitARM/bin/../lib/gcc/arm-none-eabi/12.1.0/../../../../arm-none-eabi/lib/thumb/libsysbase.a(isatty.o)
                0x0000000008010324                _isatty_r
 .text._kill_r  0x0000000008010328        0xc /opt/devkitpro/devkitARM/bin/../lib/gcc/arm-none-eabi/12.1.0/../../../../arm-none-eabi/lib/thumb/libsysbase.a(kill.o)
                0x0000000008010328                _kill_r
 .text._lseek_r
                0x0000000008010334       0x5c /opt/devkitpro/devkitARM/bin/../lib/gcc/arm-none-eabi/12.1.0/../../../../arm-none-eabi/lib/thumb/libsysbase.a(lseek.o)
                0x0000000008010334                _lseek_r
 .text._read_r  0x0000000008010390       0x50 /opt/devkitpro/devkitARM/bin/../lib/gcc/arm-none-eabi/12.1.0/../../../../arm-none-eabi/lib/thumb/libsysbase.a(read.o)
                0x0000000008010390                _read_r
 .text._sbrk_r  0x00000000080103e0       0x54 /opt/devkitpro/devkitARM/bin/../lib/gcc/arm-none-eabi/12.1.0/../../../../arm-none-eabi/lib/thumb/libsysbase.a(sbrk.o)
                0x00000000080103e0                _sbrk_r
 .text._write_r
                0x0000000008010434       0x50 /opt/devkitpro/devkitARM/bin/../lib/gcc/arm-none-eabi/12.1.0/../../../../arm-none-eabi/lib/thumb/libsysbase.a(write.o)
                0x0000000008010434                _write_r
 .text._exit    0x0000000008010484       0x14 /opt/devkitpro/devkitARM/bin/../lib/gcc/arm-none-eabi/12.1.0/../../../../arm-none-eabi/lib/thumb/libsysbase.a(_exit.o)
                0x0000000008010484                _exit
 .text.__flockfile
                0x0000000008010498       0x10 /opt/devkitpro/devkitARM/bin/../lib/gcc/arm-none-eabi/12.1.0/../../../../arm-none-eabi/lib/thumb/libsysbase.a(flock.o)
                0x0000000008010498                __flockfile
 .text.__funlockfile
                0x00000000080104a8       0x10 /opt/devkitpro/devkitARM/bin/../lib/gcc/arm-none-eabi/12.1.0/../../../../arm-none-eabi/lib/thumb/libsysbase.a(flock.o)
                0x00000000080104a8                __funlockfile
 .text.__get_handle
                0x00000000080104b8       0x34 /opt/devkitpro/devkitARM/bin/../lib/gcc/arm-none-eabi/12.1.0/../../../../arm-none-eabi/lib/thumb/libsysbase.a(handle_manager.o)
                0x00000000080104b8                __get_handle
 .text._close_r
                0x00000000080104ec       0xb8 /opt/devkitpro/devkitARM/bin/../lib/gcc/arm-none-eabi/12.1.0/../../../../arm-none-eabi/lib/thumb/libsysbase.a(handle_manager.o)
                0x00000000080104ec                _close_r
 .text.__getreent
                0x00000000080105a4       0x20 /opt/devkitpro/devkitARM/bin/../lib/gcc/arm-none-eabi/12.1.0/../../../../arm-none-eabi/lib/thumb/libsysbase.a(getreent.o)
                0x00000000080105a4                __getreent
 .text.__libc_lock_acquire
                0x00000000080105c4       0x18 /opt/devkitpro/devkitARM/bin/../lib/gcc/arm-none-eabi/12.1.0/../../../../arm-none-eabi/lib/thumb/libsysbase.a(syscall_support.o)
                0x00000000080105c4                __libc_lock_acquire
 .text.__libc_lock_release
                0x00000000080105dc       0x18 /opt/devkitpro/devkitARM/bin/../lib/gcc/arm-none-eabi/12.1.0/../../../../arm-none-eabi/lib/thumb/libsysbase.a(syscall_support.o)
                0x00000000080105dc                __libc_lock_release
 .text.__libc_lock_init_recursive
                0x00000000080105f4       0x18 /opt/devkitpro/devkitARM/bin/../lib/gcc/arm-none-eabi/12.1.0/../../../../arm-none-eabi/lib/thumb/libsysbase.a(syscall_support.o)
                0x00000000080105f4                __libc_lock_init_recursive
 .text.__libc_lock_acquire_recursive
                0x000000000801060c       0x18 /opt/devkitpro/devkitARM/bin/../lib/gcc/arm-none-eabi/12.1.0/../../../../arm-none-eabi/lib/thumb/libsysbase.a(syscall_support.o)
                0x000000000801060c                __libc_lock_acquire_recursive
 .text.__libc_lock_release_recursive
                0x0000000008010624       0x18 /opt/devkitpro/devkitARM/bin/../lib/gcc/arm-none-eabi/12.1.0/../../../../arm-none-eabi/lib/thumb/libsysbase.a(syscall_support.o)
                0x0000000008010624                __libc_lock_release_recursive
 .text.__libc_lock_close_recursive
                0x000000000801063c       0x18 /opt/devkitpro/devkitARM/bin/../lib/gcc/arm-none-eabi/12.1.0/../../../../arm-none-eabi/lib/thumb/libsysbase.a(syscall_support.o)
                0x000000000801063c                __libc_lock_close_recursive
 .text.null_write
                0x0000000008010654        0x4 /opt/devkitpro/devkitARM/bin/../lib/gcc/arm-none-eabi/12.1.0/../../../../arm-none-eabi/lib/thumb/libsysbase.a(iosupport.o)
 .text          0x0000000008010658       0x14 /opt/devkitpro/devkitARM/bin/../lib/gcc/arm-none-eabi/12.1.0/thumb/libgcc.a(_thumb1_case_uqi.o)
                0x0000000008010658                __gnu_thumb1_case_uqi
 .text          0x000000000801066c       0x14 /opt/devkitpro/devkitARM/bin/../lib/gcc/arm-none-eabi/12.1.0/thumb/libgcc.a(_thumb1_case_uhi.o)
                0x000000000801066c                __gnu_thumb1_case_uhi
 .text          0x0000000008010680      0x49c /opt/devkitpro/devkitARM/bin/../lib/gcc/arm-none-eabi/12.1.0/thumb/libgcc.a(_arm_muldivdf3.o)
                0x0000000008010680                __aeabi_dmul
                0x0000000008010680                __muldf3
                0x0000000008010910                __aeabi_ddiv
                0x0000000008010910                __divdf3
 .text          0x0000000008010b1c      0x144 /opt/devkitpro/devkitARM/bin/../lib/gcc/arm-none-eabi/12.1.0/thumb/libgcc.a(_arm_cmpdf2.o)
                0x0000000008010b1c                __gtdf2
                0x0000000008010b1c                __gedf2
                0x0000000008010b24                __ltdf2
                0x0000000008010b24                __ledf2
                0x0000000008010b2c                __cmpdf2
                0x0000000008010b2c                __eqdf2
                0x0000000008010b2c                __nedf2
                0x0000000008010bb4                __aeabi_cdrcmple
                0x0000000008010bd0                __aeabi_cdcmple
                0x0000000008010bd0                __aeabi_cdcmpeq
                0x0000000008010be8                __aeabi_dcmpeq
                0x0000000008010c00                __aeabi_dcmplt
                0x0000000008010c18                __aeabi_dcmple
                0x0000000008010c30                __aeabi_dcmpge
                0x0000000008010c48                __aeabi_dcmpgt
 .text          0x0000000008010c60       0x38 /opt/devkitpro/devkitARM/bin/../lib/gcc/arm-none-eabi/12.1.0/thumb/libgcc.a(_arm_unorddf2.o)
                0x0000000008010c60                __aeabi_dcmpun
                0x0000000008010c60                __unorddf2
 .text          0x0000000008010c98       0x3c /opt/devkitpro/devkitARM/bin/../lib/gcc/arm-none-eabi/12.1.0/thumb/libgcc.a(_aeabi_uldivmod.o)
                0x0000000008010c98                __aeabi_uldivmod
 .text.__muldi3
                0x0000000008010cd4       0x64 /opt/devkitpro/devkitARM/bin/../lib/gcc/arm-none-eabi/12.1.0/thumb/libgcc.a(_muldi3.o)
                0x0000000008010cd4                __aeabi_lmul
                0x0000000008010cd4                __muldi3
 .text.__udivmoddi4
                0x0000000008010d38      0x19c /opt/devkitpro/devkitARM/bin/../lib/gcc/arm-none-eabi/12.1.0/thumb/libgcc.a(_udivmoddi4.o)
                0x0000000008010d38                __udivmoddi4
 .text          0x0000000008010ed4       0x28 /opt/devkitpro/devkitARM/bin/../lib/gcc/arm-none-eabi/12.1.0/thumb/libgcc.a(_clzdi2.o)
                0x0000000008010ed4                __clzdi2
 .text          0x0000000008010efc       0x48 /opt/devkitpro/devkitARM/bin/../lib/gcc/arm-none-eabi/12.1.0/thumb/libgcc.a(_clzsi2.o)
                0x0000000008010efc                __clzsi2
 *fill*         0x0000000008010f44        0x4 ff
 .text.__stub   0x0000000008010f48      0x114 linker stubs
 *(.gnu.linkonce.t.*)
 *(.text.*personality*)
 *(.gnu.warning)
 *(.glue_7t)
 .glue_7t       0x0000000008011068        0x0 linker stubs
 *(.glue_7)
 .glue_7        0x0000000008011068        0x0 linker stubs
 *(.vfp11_veneer)
 .vfp11_veneer  0x0000000008011068        0x0 linker stubs
                0x0000000008011068                . = ALIGN (0x4)
                0x0000000008011068                __text_end = .

.v4_bx          0x0000000008011068        0x0
 .v4_bx         0x0000000008011068        0x0 linker stubs

.iplt           0x0000000008011068        0x0
 .iplt          0x0000000008011068        0x0 /opt/devkitpro/devkitARM/bin/../lib/gcc/arm-none-eabi/12.1.0/../../../../arm-none-eabi/lib/thumb/gba_crt0.o

.fini           0x0000000008011068        0xc
 *(.fini)
 .fini          0x0000000008011068        0x4 /opt/devkitpro/devkitARM/bin/../lib/gcc/arm-none-eabi/12.1.0/thumb/crti.o
                0x0000000008011068                _fini
 .fini          0x000000000801106c        0x8 /opt/devkitpro/devkitARM/bin/../lib/gcc/arm-none-eabi/12.1.0/thumb/crtn.o
                0x0000000008011074                . = ALIGN (0x4)

.rodata         0x0000000008011078   0x145b14
 *(.rodata)
 .rodata        0x0000000008011078      0x1a4 drum.o
                0x00000000080110f4                pitch_table
                0x0000000008011158                note_table
                0x0000000008011174                palettes
 *all.rodata*(*)
 *(.roda)
 *(.rodata.*)
 .rodata.r6502_portfont_bin
                0x000000000801121c      0xc00 r6502_portfont.bin.o
                0x000000000801121c                r6502_portfont_bin
                0x0000000008011e1c                r6502_portfont_bin_end
 .rodata.soundbank_bin
                0x0000000008011e1c   0x1441cf soundbank.bin.o
                0x0000000008011e1c                soundbank_bin
                0x0000000008155feb                soundbank_bin_end
 *fill*         0x0000000008155feb        0x1 ff
 .rodata.str1.4
                0x0000000008155fec      0x592 drum.o
                                        0x59e (size before relaxing)
 .rodata._svfprintf_r.str1.1
                0x000000000815657e       0x3b /opt/devkitpro/devkitARM/bin/../lib/gcc/arm-none-eabi/12.1.0/../../../../arm-none-eabi/lib/thumb/libg.a(lib_a-svfprintf.o)
 *fill*         0x00000000081565b9        0x3 ff
 .rodata.zeroes.0
                0x00000000081565bc       0x10 /opt/devkitpro/devkitARM/bin/../lib/gcc/arm-none-eabi/12.1.0/../../../../arm-none-eabi/lib/thumb/libg.a(lib_a-svfprintf.o)
 .rodata.blanks.1
                0x00000000081565cc       0x10 /opt/devkitpro/devkitARM/bin/../lib/gcc/arm-none-eabi/12.1.0/../../../../arm-none-eabi/lib/thumb/libg.a(lib_a-svfprintf.o)
 .rodata._dtoa_r.str1.4
                0x00000000081565dc       0x6d /opt/devkitpro/devkitARM/bin/../lib/gcc/arm-none-eabi/12.1.0/../../../../arm-none-eabi/lib/thumb/libg.a(lib_a-dtoa.o)
 *fill*         0x0000000008156649        0x3 ff
 .rodata.str1.4
                0x000000000815664c       0x48 /opt/devkitpro/devkitARM/bin/../lib/gcc/arm-none-eabi/12.1.0/../../../../arm-none-eabi/lib/thumb/libg.a(lib_a-locale.o)
                                         0x4c (size before relaxing)
 .rodata.__multadd.str1.4
                0x0000000008156694       0x46 /opt/devkitpro/devkitARM/bin/../lib/gcc/arm-none-eabi/12.1.0/../../../../arm-none-eabi/lib/thumb/libg.a(lib_a-mprec.o)
                                         0x5a (size before relaxing)
 *fill*         0x00000000081566da        0x2 ff
 .rodata.p05.0  0x00000000081566dc        0xc /opt/devkitpro/devkitARM/bin/../lib/gcc/arm-none-eabi/12.1.0/../../../../arm-none-eabi/lib/thumb/libg.a(lib_a-mprec.o)
 .rodata.__mprec_bigtens
                0x00000000081566e8       0x28 /opt/devkitpro/devkitARM/bin/../lib/gcc/arm-none-eabi/12.1.0/../../../../arm-none-eabi/lib/thumb/libg.a(lib_a-mprec.o)
                0x00000000081566e8                __mprec_bigtens
 .rodata.__mprec_tens
                0x0000000008156710       0xc8 /opt/devkitpro/devkitARM/bin/../lib/gcc/arm-none-eabi/12.1.0/../../../../arm-none-eabi/lib/thumb/libg.a(lib_a-mprec.o)
                0x0000000008156710                __mprec_tens
 .rodata.__action_table
                0x00000000081567d8       0x6c /opt/devkitpro/devkitARM/bin/../lib/gcc/arm-none-eabi/12.1.0/../../../../arm-none-eabi/lib/thumb/libg.a(lib_a-svfiprintf.o)
                0x00000000081567d8                __action_table
 .rodata.__state_table
                0x0000000008156844       0x6c /opt/devkitpro/devkitARM/bin/../lib/gcc/arm-none-eabi/12.1.0/../../../../arm-none-eabi/lib/thumb/libg.a(lib_a-svfiprintf.o)
                0x0000000008156844                __state_table
 .rodata.__chclass
                0x00000000081568b0      0x100 /opt/devkitpro/devkitARM/bin/../lib/gcc/arm-none-eabi/12.1.0/../../../../arm-none-eabi/lib/thumb/libg.a(lib_a-svfiprintf.o)
                0x00000000081568b0                __chclass
 .rodata.__assert_func.str1.4
                0x00000000081569b0       0x3f /opt/devkitpro/devkitARM/bin/../lib/gcc/arm-none-eabi/12.1.0/../../../../arm-none-eabi/lib/thumb/libg.a(lib_a-assert.o)
                                         0x43 (size before relaxing)
 *fill*         0x00000000081569ef        0x1 ff
 .rodata._ctype_
                0x00000000081569f0      0x101 /opt/devkitpro/devkitARM/bin/../lib/gcc/arm-none-eabi/12.1.0/../../../../arm-none-eabi/lib/thumb/libg.a(lib_a-ctype_.o)
                0x00000000081569f0                _ctype_
 .rodata._vfiprintf_r.str1.1
                0x0000000008156af1       0x29 /opt/devkitpro/devkitARM/bin/../lib/gcc/arm-none-eabi/12.1.0/../../../../arm-none-eabi/lib/thumb/libg.a(lib_a-vfiprintf.o)
 *fill*         0x0000000008156af1        0x3 ff
 .rodata.zeroes.0
                0x0000000008156af4       0x10 /opt/devkitpro/devkitARM/bin/../lib/gcc/arm-none-eabi/12.1.0/../../../../arm-none-eabi/lib/thumb/libg.a(lib_a-vfiprintf.o)
 .rodata.blanks.1
                0x0000000008156b04       0x10 /opt/devkitpro/devkitARM/bin/../lib/gcc/arm-none-eabi/12.1.0/../../../../arm-none-eabi/lib/thumb/libg.a(lib_a-vfiprintf.o)
 .rodata.AddDevice.str1.4
                0x0000000008156b14        0x8 /opt/devkitpro/devkitARM/bin/../lib/gcc/arm-none-eabi/12.1.0/../../../../arm-none-eabi/lib/thumb/libsysbase.a(iosupport.o)
 .rodata.dotab_stdnull
                0x0000000008156b1c       0x70 /opt/devkitpro/devkitARM/bin/../lib/gcc/arm-none-eabi/12.1.0/../../../../arm-none-eabi/lib/thumb/libsysbase.a(iosupport.o)
                0x0000000008156b1c                dotab_stdnull
 *(.gnu.linkonce.r*)
                0x0000000008156b8c                . = ALIGN (0x4)

.ARM.extab
 *(.ARM.extab* .gnu.linkonce.armextab.*)
                0x0000000008156b8c                __exidx_start = .

.ARM.exidx
 *(.ARM.exidx* .gnu.linkonce.armexidx.*)
                0x0000000008156b8c                __exidx_end = .

.ctors          0x0000000008156b8c        0x0
 *crtbegin.o(.ctors)
 *(EXCLUDE_FILE(*crtend.o) .ctors)
 *(SORT_BY_NAME(.ctors.*))
 *(.ctors)
                0x0000000008156b8c                . = ALIGN (0x4)

.dtors          0x0000000008156b8c        0x0
 *crtbegin.o(.dtors)
 *(EXCLUDE_FILE(*crtend.o) .dtors)
 *(SORT_BY_NAME(.dtors.*))
 *(.dtors)
                0x0000000008156b8c                . = ALIGN (0x4)

.eh_frame       0x0000000008156b8c        0x4
 *(.eh_frame)
 .eh_frame      0x0000000008156b8c        0x0 /opt/devkitpro/devkitARM/bin/../lib/gcc/arm-none-eabi/12.1.0/thumb/crtbegin.o
 .eh_frame      0x0000000008156b8c        0x4 /opt/devkitpro/devkitARM/bin/../lib/gcc/arm-none-eabi/12.1.0/thumb/crtend.o
                0x0000000008156b90                . = ALIGN (0x4)

.gcc_except_table
                0x0000000008156b90        0x0
 *(.gcc_except_table)
                0x0000000008156b90                . = ALIGN (0x4)
                0x0000000008156b90                __iwram_lma = .

.iwram          0x0000000003000000     0x2270 load address 0x0000000008156b90
                0x0000000003000000                __iwram_start__ = ABSOLUTE (.)
 *(.iwram .iwram*)
 .iwram         0x0000000003000000      0xcb4 drum.o
                0x0000000003000000                vblank_interrupt
                0x0000000003000018                draw_pattern
                0x0000000003000704                play_column
                0x0000000003000b98                timer3_interrupt
                0x0000000003000bec                gpio_interrupt
                0x0000000003000c3c                serial_interrupt
 .iwram         0x0000000003000cb4      0x648 /opt/devkitpro/libgba/lib/libmm.a(mm_mas_arm.o)
                0x0000000003000cb4                mmAllocChannel
                0x0000000003000d28                mmReadPattern
                0x0000000003000e14                mmUpdateChannel_T0
                0x0000000003001054                mmUpdateChannel_TN
                0x00000000030011f4                mmGetPeriod
                0x0000000003001238                note_table_oct
                0x0000000003001256                note_table_mod
 .iwram         0x00000000030012fc      0x838 /opt/devkitpro/libgba/lib/libmm.a(mm_mixer_gba.o)
                0x0000000003001300                mmVBlank
                0x0000000003001384                mmMixerMix
 .iwram         0x0000000003001b34        0x8 /opt/devkitpro/libgba/lib/libmm.a(mm_main_gba.o)
                0x0000000003001b34                mpp_call_r7i
                0x0000000003001b36                mpp_call_r2i
                0x0000000003001b38                mpp_call_r1i
 .iwram         0x0000000003001b3c      0x554 /opt/devkitpro/libgba/lib/libmm.a(mm_mas.o)
                0x0000000003001b3c                mppProcessTick
                0x0000000003001c20                mpp_Channel_NewNote
                0x0000000003001d00                mpp_Update_ACHN_notest
 .iwram         0x0000000003002090       0xb8 /opt/devkitpro/libgba/lib/libgba.a(InterruptDispatcher.o)
                0x0000000003002090                IntrMain
 .iwram.__stub  0x0000000003002148      0x108 linker stubs
 *iwram.*(.text* .data*)
                0x0000000003002250                . = ALIGN (0x4)
                0x0000000003002270                __iwram_end__ = ABSOLUTE (.)
                0x0000000008158e00                __data_lma = (__iwram_lma + SIZEOF (.iwram))

.bss            0x0000000003002270      0xd04
                0x0000000003002270                __bss_start = ABSOLUTE (.)
                0x0000000003002270                __bss_start__ = ABSOLUTE (.)
 *(.dynbss)
 *(.gnu.linkonce.b*)
 *(.bss*)
 .bss.completed.1
                0x0000000003002270        0x1 /opt/devkitpro/devkitARM/bin/../lib/gcc/arm-none-eabi/12.1.0/thumb/crtbegin.o
 *fill*         0x0000000003002271        0x3 
 .bss.object.0  0x0000000003002274       0x18 /opt/devkitpro/devkitARM/bin/../lib/gcc/arm-none-eabi/12.1.0/thumb/crtbegin.o
 .bss           0x000000000300228c      0x498 drum.o
                0x000000000300228c                order_index
                0x0000000003002290                order_page
                0x0000000003002294                current_screen
                0x0000000003002298                draw_flag
                0x000000000300229c                cursor_x
                0x00000000030022a0                xmod
                0x00000000030022a4                cursor_y
                0x00000000030022a8                millis_between_ticks
                0x00000000030022ac                current_song
                0x00000000030022b0                ticks
                0x00000000030022b4                tocks
                0x00000000030022b8                tours
                0x00000000030022bc                step
                0x00000000030022c0                randVolOne
                0x00000000030022c4                randVolTwo
                0x00000000030022c8                current_pattern_index
                0x00000000030022cc                order_buff
                0x00000000030022d0                active_sounds
                0x00000000030022e8                string_buff
                0x000000000300231c                last_column
                0x0000000003002320                last_xmod
                0x0000000003002324                status
                0x0000000003002328                playing_pattern_index
                0x000000000300232c                pas
                0x0000000003002330                iaChangeRandom
                0x0000000003002334                iaPreviousPatern
                0x0000000003002338                bpmIaAugmented
                0x000000000300233c                bpmAugmentedSecondTurn
                0x0000000003002340                randBpmFolies
                0x0000000003002344                valueBpmFolies
                0x0000000003002348                play
                0x000000000300234c                current_ticks
                0x0000000003002350                tick_or_tock
                0x0000000003002354                name_index
                0x0000000003002358                alternateVol
                0x000000000300235c                pattern_buff
                0x000000000300271c                current_pattern
                0x0000000003002720                serial_ticks
 .bss           0x0000000003002724       0x2d /opt/devkitpro/libgba/lib/libmm.a(mm_effect.o)
                0x0000000003002748                mm_sfx_bitmask
                0x000000000300274c                mm_sfx_clearmask
 *fill*         0x0000000003002751        0x3 
 .bss           0x0000000003002754      0x1bc /opt/devkitpro/libgba/lib/libmm.a(mm_mixer_gba.o)
                0x0000000003002754                mp_writepos
                0x000000000300275c                mm_mixchannels
                0x0000000003002764                mm_mixlen
                0x0000000003002778                mm_bpmdv
                0x000000000300277c                mp_mix_seg
 .bss           0x0000000003002910      0x420 /opt/devkitpro/libgba/lib/libmm.a(mm_init_default.o)
 .bss           0x0000000003002d30        0x8 /opt/devkitpro/libgba/lib/libmm.a(mm_main_gba.o)
                0x0000000003002d30                mm_vblank_function
                0x0000000003002d34                mp_solution
 .bss           0x0000000003002d38      0x148 /opt/devkitpro/libgba/lib/libmm.a(mm_mas.o)
                0x0000000003002d38                mmLayerMain
                0x0000000003002d70                mmLayerSub
                0x0000000003002da8                mpp_vars
                0x0000000003002db8                mpp_layerp
                0x0000000003002dbc                mpp_channels
                0x0000000003002dcc                mpp_nchannels
                0x0000000003002dcd                mpp_clayer
                0x0000000003002dd0                mm_achannels
                0x0000000003002dd4                mm_pchannels
                0x0000000003002dd8                mm_num_mch
                0x0000000003002ddc                mm_num_ach
                0x0000000003002de0                mm_schannels
 .bss           0x0000000003002e80        0x8 /opt/devkitpro/libgba/lib/libmm.a(mm_main.o)
                0x0000000003002e80                mmCallback
                0x0000000003002e84                mm_ch_mask
 .bss           0x0000000003002e88        0xa /opt/devkitpro/libgba/lib/libgba.a(input.o)
 *fill*         0x0000000003002e92        0x2 
 .bss.__malloc_current_mallinfo
                0x0000000003002e94       0x28 /opt/devkitpro/devkitARM/bin/../lib/gcc/arm-none-eabi/12.1.0/../../../../arm-none-eabi/lib/thumb/libg.a(lib_a-mallocr.o)
                0x0000000003002e94                __malloc_current_mallinfo
 .bss.__malloc_max_total_mem
                0x0000000003002ebc        0x4 /opt/devkitpro/devkitARM/bin/../lib/gcc/arm-none-eabi/12.1.0/../../../../arm-none-eabi/lib/thumb/libg.a(lib_a-mallocr.o)
                0x0000000003002ebc                __malloc_max_total_mem
 .bss.__malloc_max_sbrked_mem
                0x0000000003002ec0        0x4 /opt/devkitpro/devkitARM/bin/../lib/gcc/arm-none-eabi/12.1.0/../../../../arm-none-eabi/lib/thumb/libg.a(lib_a-mallocr.o)
                0x0000000003002ec0                __malloc_max_sbrked_mem
 .bss.__malloc_top_pad
                0x0000000003002ec4        0x4 /opt/devkitpro/devkitARM/bin/../lib/gcc/arm-none-eabi/12.1.0/../../../../arm-none-eabi/lib/thumb/libg.a(lib_a-mallocr.o)
                0x0000000003002ec4                __malloc_top_pad
 .bss.__malloc_recursive_mutex
                0x0000000003002ec8        0xc /opt/devkitpro/devkitARM/bin/../lib/gcc/arm-none-eabi/12.1.0/../../../../arm-none-eabi/lib/thumb/libg.a(lib_a-mlock.o)
 .bss.__sinit_recursive_mutex
                0x0000000003002ed4        0xc /opt/devkitpro/devkitARM/bin/../lib/gcc/arm-none-eabi/12.1.0/../../../../arm-none-eabi/lib/thumb/libg.a(lib_a-findfp.o)
 .bss.__sfp_recursive_mutex
                0x0000000003002ee0        0xc /opt/devkitpro/devkitARM/bin/../lib/gcc/arm-none-eabi/12.1.0/../../../../arm-none-eabi/lib/thumb/libg.a(lib_a-findfp.o)
 .bss.heap_start.0
                0x0000000003002eec        0x4 /opt/devkitpro/devkitARM/bin/../lib/gcc/arm-none-eabi/12.1.0/../../../../arm-none-eabi/lib/thumb/libsysbase.a(sbrk.o)
 .bss.fake_heap_start
                0x0000000003002ef0        0x4 /opt/devkitpro/devkitARM/bin/../lib/gcc/arm-none-eabi/12.1.0/../../../../arm-none-eabi/lib/thumb/libsysbase.a(malloc_vars.o)
                0x0000000003002ef0                fake_heap_start
 .bss.fake_heap_end
                0x0000000003002ef4        0x4 /opt/devkitpro/devkitARM/bin/../lib/gcc/arm-none-eabi/12.1.0/../../../../arm-none-eabi/lib/thumb/libsysbase.a(malloc_vars.o)
                0x0000000003002ef4                fake_heap_end
 .bss.__hndl_lock
                0x0000000003002ef8        0x4 /opt/devkitpro/devkitARM/bin/../lib/gcc/arm-none-eabi/12.1.0/../../../../arm-none-eabi/lib/thumb/libsysbase.a(handle_manager.o)
 *(COMMON)
 COMMON         0x0000000003002efc       0x78 /opt/devkitpro/libgba/lib/libgba.a(interrupt.o)
                0x0000000003002efc                IntrTable
                0x0000000003002f74                . = ALIGN (0x4)
                0x0000000003002f74                __bss_end__ = ABSOLUTE (.)

.data           0x0000000003002f74     0x1b2c load address 0x0000000008158e00
                0x0000000003002f74                __data_start__ = ABSOLUTE (.)
 *(.data*)
 .data          0x0000000003002f74       0x94 drum.o
                0x0000000003002f74                IALimit
                0x0000000003002f78                current_column
                0x0000000003002f7c                play_next
                0x0000000003002f80                status_text
                0x0000000003002fa4                bpmFolies
                0x0000000003002fbc                pan_string
                0x0000000003002fc8                loop_mode_text
                0x0000000003002fd0                sync_mode_text
                0x0000000003002fec                help_text
                0x0000000003002ffc                sram
                0x0000000003003000                ymod
                0x0000000003003004                randomEnCours
 .data          0x0000000003003008        0x3 /opt/devkitpro/libgba/lib/libgba.a(input.o)
 *fill*         0x000000000300300b        0x1 ff
 .data.__malloc_sbrk_base
                0x000000000300300c        0x4 /opt/devkitpro/devkitARM/bin/../lib/gcc/arm-none-eabi/12.1.0/../../../../arm-none-eabi/lib/thumb/libg.a(lib_a-mallocr.o)
                0x000000000300300c                __malloc_sbrk_base
 .data.__malloc_trim_threshold
                0x0000000003003010        0x4 /opt/devkitpro/devkitARM/bin/../lib/gcc/arm-none-eabi/12.1.0/../../../../arm-none-eabi/lib/thumb/libg.a(lib_a-mallocr.o)
                0x0000000003003010                __malloc_trim_threshold
 *fill*         0x0000000003003014        0x4 ff
 .data.__malloc_av_
                0x0000000003003018      0x408 /opt/devkitpro/devkitARM/bin/../lib/gcc/arm-none-eabi/12.1.0/../../../../arm-none-eabi/lib/thumb/libg.a(lib_a-mallocr.o)
                0x0000000003003018                __malloc_av_
 .data.__global_locale
                0x0000000003003420      0x16c /opt/devkitpro/devkitARM/bin/../lib/gcc/arm-none-eabi/12.1.0/../../../../arm-none-eabi/lib/thumb/libg.a(lib_a-locale.o)
                0x0000000003003420                __global_locale
 .data._impure_ptr
                0x000000000300358c        0x4 /opt/devkitpro/devkitARM/bin/../lib/gcc/arm-none-eabi/12.1.0/../../../../arm-none-eabi/lib/thumb/libg.a(lib_a-impure.o)
                0x000000000300358c                _impure_ptr
 .data.impure_data
                0x0000000003003590      0x460 /opt/devkitpro/devkitARM/bin/../lib/gcc/arm-none-eabi/12.1.0/../../../../arm-none-eabi/lib/thumb/libg.a(lib_a-impure.o)
 .data.handles  0x00000000030039f0     0x1000 /opt/devkitpro/devkitARM/bin/../lib/gcc/arm-none-eabi/12.1.0/../../../../arm-none-eabi/lib/thumb/libsysbase.a(handle_manager.o)
 .data.__stderr_handle
                0x00000000030049f0        0xc /opt/devkitpro/devkitARM/bin/../lib/gcc/arm-none-eabi/12.1.0/../../../../arm-none-eabi/lib/thumb/libsysbase.a(handle_manager.o)
 .data.__stdout_handle
                0x00000000030049fc        0xc /opt/devkitpro/devkitARM/bin/../lib/gcc/arm-none-eabi/12.1.0/../../../../arm-none-eabi/lib/thumb/libsysbase.a(handle_manager.o)
 .data.__stdin_handle
                0x0000000003004a08        0xc /opt/devkitpro/devkitARM/bin/../lib/gcc/arm-none-eabi/12.1.0/../../../../arm-none-eabi/lib/thumb/libsysbase.a(handle_manager.o)
 .data.devoptab_list
                0x0000000003004a14       0x8c /opt/devkitpro/devkitARM/bin/../lib/gcc/arm-none-eabi/12.1.0/../../../../arm-none-eabi/lib/thumb/libsysbase.a(iosupport.o)
                0x0000000003004a14                devoptab_list
 *(.gnu.linkonce.d*)
                0x0000000003004aa0                . = ALIGN (0x4)
                0x000000000815a92c                __preinit_lma = (__data_lma + SIZEOF (.data))

.igot.plt       0x0000000003004aa0        0x0 load address 0x000000000815a92c
 .igot.plt      0x0000000003004aa0        0x0 /opt/devkitpro/devkitARM/bin/../lib/gcc/arm-none-eabi/12.1.0/../../../../arm-none-eabi/lib/thumb/gba_crt0.o

.preinit_array  0x0000000003004aa0        0x0 load address 0x000000000815a92c
                0x0000000003004aa0                __preinit_array_start = ABSOLUTE (.)
 *(.preinit_array)
                0x0000000003004aa0                __preinit_array_end = ABSOLUTE (.)
                0x000000000815a92c                __init_lma = (__preinit_lma + SIZEOF (.preinit_array))

.init_array     0x0000000003004aa0        0x4 load address 0x000000000815a92c
                0x0000000003004aa0                __init_array_start = ABSOLUTE (.)
 *(SORT_BY_NAME(.init_array.*))
 *(.init_array)
 .init_array    0x0000000003004aa0        0x4 /opt/devkitpro/devkitARM/bin/../lib/gcc/arm-none-eabi/12.1.0/thumb/crtbegin.o
                0x0000000003004aa4                __init_array_end = ABSOLUTE (.)
                0x000000000815a930                __fini_lma = (__init_lma + SIZEOF (.init_array))

.fini_array     0x0000000003004aa4        0x4 load address 0x000000000815a930
                0x0000000003004aa4                __fini_array_start = ABSOLUTE (.)
 *(SORT_BY_NAME(.fini_array.*))
 *(.fini_array)
 .fini_array    0x0000000003004aa4        0x4 /opt/devkitpro/devkitARM/bin/../lib/gcc/arm-none-eabi/12.1.0/thumb/crtbegin.o
                0x0000000003004aa8                __fini_array_end = ABSOLUTE (.)
                0x000000000815a934                __jcr_lma = (__fini_lma + SIZEOF (.fini_array))

.jcr            0x0000000003004aa8        0x0 load address 0x000000000815a934
 *(.jcr)
                0x0000000003004aa8                __data_end__ = ABSOLUTE (.)
                0x000000000815a934                __iwram_overlay_lma = (__jcr_lma + SIZEOF (.jcr))
                0x0000000003004aa8                __iwram_overlay_start = .

.iwram0         0x0000000003004aa8        0x0 load address 0x000000000815a934
 *(.iwram0)
                0x0000000003004aa8                . = ALIGN (0x4)
                0x000000000815a934                PROVIDE (__load_start_iwram0 = LOADADDR (.iwram0))
                0x000000000815a934                PROVIDE (__load_stop_iwram0 = (LOADADDR (.iwram0) + SIZEOF (.iwram0)))

.iwram1         0x0000000003004aa8        0x0
 *(.iwram1)
                0x0000000003004aa8                . = ALIGN (0x4)
                [!provide]                        PROVIDE (__load_start_iwram1 = LOADADDR (.iwram1))
                [!provide]                        PROVIDE (__load_stop_iwram1 = (LOADADDR (.iwram1) + SIZEOF (.iwram1)))

.iwram2         0x0000000003004aa8        0x0
 *(.iwram2)
                0x0000000003004aa8                . = ALIGN (0x4)
                [!provide]                        PROVIDE (__load_start_iwram2 = LOADADDR (.iwram2))
                [!provide]                        PROVIDE (__load_stop_iwram2 = (LOADADDR (.iwram2) + SIZEOF (.iwram2)))

.iwram3         0x0000000003004aa8        0x0
 *(.iwram3)
                0x0000000003004aa8                . = ALIGN (0x4)
                [!provide]                        PROVIDE (__load_start_iwram3 = LOADADDR (.iwram3))
                [!provide]                        PROVIDE (__load_stop_iwram3 = (LOADADDR (.iwram3) + SIZEOF (.iwram3)))

.iwram4         0x0000000003004aa8        0x0
 *(.iwram4)
                0x0000000003004aa8                . = ALIGN (0x4)
                [!provide]                        PROVIDE (__load_start_iwram4 = LOADADDR (.iwram4))
                [!provide]                        PROVIDE (__load_stop_iwram4 = (LOADADDR (.iwram4) + SIZEOF (.iwram4)))

.iwram5         0x0000000003004aa8        0x0
 *(.iwram5)
                0x0000000003004aa8                . = ALIGN (0x4)
                [!provide]                        PROVIDE (__load_start_iwram5 = LOADADDR (.iwram5))
                [!provide]                        PROVIDE (__load_stop_iwram5 = (LOADADDR (.iwram5) + SIZEOF (.iwram5)))

.iwram6         0x0000000003004aa8        0x0
 *(.iwram6)
                0x0000000003004aa8                . = ALIGN (0x4)
                [!provide]                        PROVIDE (__load_start_iwram6 = LOADADDR (.iwram6))
                [!provide]                        PROVIDE (__load_stop_iwram6 = (LOADADDR (.iwram6) + SIZEOF (.iwram6)))

.iwram7         0x0000000003004aa8        0x0
 *(.iwram7)
                0x0000000003004aa8                . = ALIGN (0x4)
                [!provide]                        PROVIDE (__load_start_iwram7 = LOADADDR (.iwram7))
                [!provide]                        PROVIDE (__load_stop_iwram7 = (LOADADDR (.iwram7) + SIZEOF (.iwram7)))

.iwram8         0x0000000003004aa8        0x0
 *(.iwram8)
                0x0000000003004aa8                . = ALIGN (0x4)
                [!provide]                        PROVIDE (__load_start_iwram8 = LOADADDR (.iwram8))
                [!provide]                        PROVIDE (__load_stop_iwram8 = (LOADADDR (.iwram8) + SIZEOF (.iwram8)))

.iwram9         0x0000000003004aa8        0x0
 *(.iwram9)
                0x0000000003004aa8                . = ALIGN (0x4)
                [!provide]                        PROVIDE (__load_start_iwram9 = LOADADDR (.iwram9))
                [!provide]                        PROVIDE (__load_stop_iwram9 = (LOADADDR (.iwram9) + SIZEOF (.iwram9)))
                0x0000000003004aa8                __iwram_overlay_end = .
                0x000000000815a934                __ewram_lma = (__iwram_overlay_lma + (__iwram_overlay_end - __iwram_overlay_start))
                0x0000000003004aa8                __iheap_start = .
                0x0000000002000000                __ewram_start = ORIGIN (ewram)

.ewram          0x0000000002000000        0x0 load address 0x000000000815a934
 *(.ewram*)
                0x0000000002000000                . = ALIGN (0x4)
                0x0000000002000000                __ewram_end = ABSOLUTE (.)
                0x000000000815a934                __pad_lma = (__ewram_lma + SIZEOF (.ewram))

.sbss           0x0000000002000000        0x0
                0x0000000002000000                __sbss_start__ = ABSOLUTE (.)
 *(.sbss*)
                0x0000000002000000                . = ALIGN (0x4)
                0x0000000002000000                __sbss_end__ = ABSOLUTE (.)
                0x0000000002000000                __end__ = ABSOLUTE (.)
                0x0000000002000000                __eheap_start = ABSOLUTE (.)

.pad            0x0000000002000000        0x8 load address 0x000000000815a934
                0x0000000002000000        0x4 LONG 0x52416b64
                0x0000000002000004        0x4 LONG 0x4d
                0x0000000002000008                . = ALIGN (0x4)
                0x000000000815a93c                __rom_end__ = (__pad_lma + SIZEOF (.pad))

.rel.dyn        0x0000000002000008        0x0 load address 0x000000000815a93c
 .rel.iplt      0x0000000002000008        0x0 /opt/devkitpro/devkitARM/bin/../lib/gcc/arm-none-eabi/12.1.0/../../../../arm-none-eabi/lib/thumb/gba_crt0.o

.stab
 *(.stab)

.stabstr
 *(.stabstr)

.stab.excl
 *(.stab.excl)

.stab.exclstr
 *(.stab.exclstr)

.stab.index
 *(.stab.index)

.stab.indexstr
 *(.stab.indexstr)

.comment        0x0000000000000000       0x45
 *(.comment)
 .comment       0x0000000000000000       0x23 /opt/devkitpro/devkitARM/bin/../lib/gcc/arm-none-eabi/12.1.0/thumb/crtbegin.o
                                         0x24 (size before relaxing)
 .comment       0x0000000000000023       0x24 drum.o
 .comment       0x0000000000000023       0x22 /opt/devkitpro/libgba/lib/libgba.a(CpuSet.o)
                                         0x23 (size before relaxing)
 .comment       0x0000000000000045       0x23 /opt/devkitpro/libgba/lib/libgba.a(interrupt.o)
 .comment       0x0000000000000045       0x23 /opt/devkitpro/libgba/lib/libgba.a(input.o)
 .comment       0x0000000000000045       0x24 /opt/devkitpro/devkitARM/bin/../lib/gcc/arm-none-eabi/12.1.0/../../../../arm-none-eabi/lib/thumb/libg.a(lib_a-init.o)
 .comment       0x0000000000000045       0x24 /opt/devkitpro/devkitARM/bin/../lib/gcc/arm-none-eabi/12.1.0/../../../../arm-none-eabi/lib/thumb/libg.a(lib_a-malloc.o)
 .comment       0x0000000000000045       0x24 /opt/devkitpro/devkitARM/bin/../lib/gcc/arm-none-eabi/12.1.0/../../../../arm-none-eabi/lib/thumb/libg.a(lib_a-mallocr.o)
 .comment       0x0000000000000045       0x24 /opt/devkitpro/devkitARM/bin/../lib/gcc/arm-none-eabi/12.1.0/../../../../arm-none-eabi/lib/thumb/libg.a(lib_a-memcpy-stub.o)
 .comment       0x0000000000000045       0x24 /opt/devkitpro/devkitARM/bin/../lib/gcc/arm-none-eabi/12.1.0/../../../../arm-none-eabi/lib/thumb/libg.a(lib_a-memset.o)
 .comment       0x0000000000000045       0x24 /opt/devkitpro/devkitARM/bin/../lib/gcc/arm-none-eabi/12.1.0/../../../../arm-none-eabi/lib/thumb/libg.a(lib_a-mlock.o)
 .comment       0x0000000000000045       0x24 /opt/devkitpro/devkitARM/bin/../lib/gcc/arm-none-eabi/12.1.0/../../../../arm-none-eabi/lib/thumb/libg.a(lib_a-rand.o)
 .comment       0x0000000000000045       0x24 /opt/devkitpro/devkitARM/bin/../lib/gcc/arm-none-eabi/12.1.0/../../../../arm-none-eabi/lib/thumb/libg.a(lib_a-sprintf.o)
 .comment       0x0000000000000045       0x24 /opt/devkitpro/devkitARM/bin/../lib/gcc/arm-none-eabi/12.1.0/../../../../arm-none-eabi/lib/thumb/libg.a(lib_a-svfprintf.o)
 .comment       0x0000000000000045       0x24 /opt/devkitpro/devkitARM/bin/../lib/gcc/arm-none-eabi/12.1.0/../../../../arm-none-eabi/lib/thumb/libg.a(lib_a-wcrtomb.o)
 .comment       0x0000000000000045       0x24 /opt/devkitpro/devkitARM/bin/../lib/gcc/arm-none-eabi/12.1.0/../../../../arm-none-eabi/lib/thumb/libg.a(lib_a-wcsrtombs.o)
 .comment       0x0000000000000045       0x24 /opt/devkitpro/devkitARM/bin/../lib/gcc/arm-none-eabi/12.1.0/../../../../arm-none-eabi/lib/thumb/libg.a(lib_a-dtoa.o)
 .comment       0x0000000000000045       0x24 /opt/devkitpro/devkitARM/bin/../lib/gcc/arm-none-eabi/12.1.0/../../../../arm-none-eabi/lib/thumb/libg.a(lib_a-freer.o)
 .comment       0x0000000000000045       0x24 /opt/devkitpro/devkitARM/bin/../lib/gcc/arm-none-eabi/12.1.0/../../../../arm-none-eabi/lib/thumb/libg.a(lib_a-localeconv.o)
 .comment       0x0000000000000045       0x24 /opt/devkitpro/devkitARM/bin/../lib/gcc/arm-none-eabi/12.1.0/../../../../arm-none-eabi/lib/thumb/libg.a(lib_a-locale.o)
 .comment       0x0000000000000045       0x24 /opt/devkitpro/devkitARM/bin/../lib/gcc/arm-none-eabi/12.1.0/../../../../arm-none-eabi/lib/thumb/libg.a(lib_a-mbtowc_r.o)
 .comment       0x0000000000000045       0x24 /opt/devkitpro/devkitARM/bin/../lib/gcc/arm-none-eabi/12.1.0/../../../../arm-none-eabi/lib/thumb/libg.a(lib_a-memchr-stub.o)
 .comment       0x0000000000000045       0x24 /opt/devkitpro/devkitARM/bin/../lib/gcc/arm-none-eabi/12.1.0/../../../../arm-none-eabi/lib/thumb/libg.a(lib_a-mprec.o)
 .comment       0x0000000000000045       0x24 /opt/devkitpro/devkitARM/bin/../lib/gcc/arm-none-eabi/12.1.0/../../../../arm-none-eabi/lib/thumb/libg.a(lib_a-s_frexp.o)
 .comment       0x0000000000000045       0x24 /opt/devkitpro/devkitARM/bin/../lib/gcc/arm-none-eabi/12.1.0/../../../../arm-none-eabi/lib/thumb/libg.a(lib_a-strlen-stub.o)
 .comment       0x0000000000000045       0x24 /opt/devkitpro/devkitARM/bin/../lib/gcc/arm-none-eabi/12.1.0/../../../../arm-none-eabi/lib/thumb/libg.a(lib_a-strncpy.o)
 .comment       0x0000000000000045       0x24 /opt/devkitpro/devkitARM/bin/../lib/gcc/arm-none-eabi/12.1.0/../../../../arm-none-eabi/lib/thumb/libg.a(lib_a-svfiprintf.o)
 .comment       0x0000000000000045       0x24 /opt/devkitpro/devkitARM/bin/../lib/gcc/arm-none-eabi/12.1.0/../../../../arm-none-eabi/lib/thumb/libg.a(lib_a-wcsnrtombs.o)
 .comment       0x0000000000000045       0x24 /opt/devkitpro/devkitARM/bin/../lib/gcc/arm-none-eabi/12.1.0/../../../../arm-none-eabi/lib/thumb/libg.a(lib_a-wctomb_r.o)
 .comment       0x0000000000000045       0x24 /opt/devkitpro/devkitARM/bin/../lib/gcc/arm-none-eabi/12.1.0/../../../../arm-none-eabi/lib/thumb/libg.a(lib_a-assert.o)
 .comment       0x0000000000000045       0x24 /opt/devkitpro/devkitARM/bin/../lib/gcc/arm-none-eabi/12.1.0/../../../../arm-none-eabi/lib/thumb/libg.a(lib_a-callocr.o)
 .comment       0x0000000000000045       0x24 /opt/devkitpro/devkitARM/bin/../lib/gcc/arm-none-eabi/12.1.0/../../../../arm-none-eabi/lib/thumb/libg.a(lib_a-ctype_.o)
 .comment       0x0000000000000045       0x24 /opt/devkitpro/devkitARM/bin/../lib/gcc/arm-none-eabi/12.1.0/../../../../arm-none-eabi/lib/thumb/libg.a(lib_a-errno.o)
 .comment       0x0000000000000045       0x24 /opt/devkitpro/devkitARM/bin/../lib/gcc/arm-none-eabi/12.1.0/../../../../arm-none-eabi/lib/thumb/libg.a(lib_a-fiprintf.o)
 .comment       0x0000000000000045       0x24 /opt/devkitpro/devkitARM/bin/../lib/gcc/arm-none-eabi/12.1.0/../../../../arm-none-eabi/lib/thumb/libg.a(lib_a-memmove.o)
 .comment       0x0000000000000045       0x24 /opt/devkitpro/devkitARM/bin/../lib/gcc/arm-none-eabi/12.1.0/../../../../arm-none-eabi/lib/thumb/libg.a(lib_a-reallocr.o)
 .comment       0x0000000000000045       0x24 /opt/devkitpro/devkitARM/bin/../lib/gcc/arm-none-eabi/12.1.0/../../../../arm-none-eabi/lib/thumb/libg.a(lib_a-vfiprintf.o)
 .comment       0x0000000000000045       0x24 /opt/devkitpro/devkitARM/bin/../lib/gcc/arm-none-eabi/12.1.0/../../../../arm-none-eabi/lib/thumb/libg.a(lib_a-wsetup.o)
 .comment       0x0000000000000045       0x24 /opt/devkitpro/devkitARM/bin/../lib/gcc/arm-none-eabi/12.1.0/../../../../arm-none-eabi/lib/thumb/libg.a(lib_a-abort.o)
 .comment       0x0000000000000045       0x24 /opt/devkitpro/devkitARM/bin/../lib/gcc/arm-none-eabi/12.1.0/../../../../arm-none-eabi/lib/thumb/libg.a(lib_a-fflush.o)
 .comment       0x0000000000000045       0x24 /opt/devkitpro/devkitARM/bin/../lib/gcc/arm-none-eabi/12.1.0/../../../../arm-none-eabi/lib/thumb/libg.a(lib_a-findfp.o)
 .comment       0x0000000000000045       0x24 /opt/devkitpro/devkitARM/bin/../lib/gcc/arm-none-eabi/12.1.0/../../../../arm-none-eabi/lib/thumb/libg.a(lib_a-fvwrite.o)
 .comment       0x0000000000000045       0x24 /opt/devkitpro/devkitARM/bin/../lib/gcc/arm-none-eabi/12.1.0/../../../../arm-none-eabi/lib/thumb/libg.a(lib_a-fwalk.o)
 .comment       0x0000000000000045       0x24 /opt/devkitpro/devkitARM/bin/../lib/gcc/arm-none-eabi/12.1.0/../../../../arm-none-eabi/lib/thumb/libg.a(lib_a-impure.o)
 .comment       0x0000000000000045       0x24 /opt/devkitpro/devkitARM/bin/../lib/gcc/arm-none-eabi/12.1.0/../../../../arm-none-eabi/lib/thumb/libg.a(lib_a-makebuf.o)
 .comment       0x0000000000000045       0x24 /opt/devkitpro/devkitARM/bin/../lib/gcc/arm-none-eabi/12.1.0/../../../../arm-none-eabi/lib/thumb/libg.a(lib_a-signal.o)
 .comment       0x0000000000000045       0x24 /opt/devkitpro/devkitARM/bin/../lib/gcc/arm-none-eabi/12.1.0/../../../../arm-none-eabi/lib/thumb/libg.a(lib_a-stdio.o)
 .comment       0x0000000000000045       0x24 /opt/devkitpro/devkitARM/bin/../lib/gcc/arm-none-eabi/12.1.0/../../../../arm-none-eabi/lib/thumb/libg.a(lib_a-fclose.o)
 .comment       0x0000000000000045       0x24 /opt/devkitpro/devkitARM/bin/../lib/gcc/arm-none-eabi/12.1.0/../../../../arm-none-eabi/lib/thumb/libsysbase.a(fstat.o)
 .comment       0x0000000000000045       0x24 /opt/devkitpro/devkitARM/bin/../lib/gcc/arm-none-eabi/12.1.0/../../../../arm-none-eabi/lib/thumb/libsysbase.a(getpid.o)
 .comment       0x0000000000000045       0x24 /opt/devkitpro/devkitARM/bin/../lib/gcc/arm-none-eabi/12.1.0/../../../../arm-none-eabi/lib/thumb/libsysbase.a(isatty.o)
 .comment       0x0000000000000045       0x24 /opt/devkitpro/devkitARM/bin/../lib/gcc/arm-none-eabi/12.1.0/../../../../arm-none-eabi/lib/thumb/libsysbase.a(kill.o)
 .comment       0x0000000000000045       0x24 /opt/devkitpro/devkitARM/bin/../lib/gcc/arm-none-eabi/12.1.0/../../../../arm-none-eabi/lib/thumb/libsysbase.a(lseek.o)
 .comment       0x0000000000000045       0x24 /opt/devkitpro/devkitARM/bin/../lib/gcc/arm-none-eabi/12.1.0/../../../../arm-none-eabi/lib/thumb/libsysbase.a(read.o)
 .comment       0x0000000000000045       0x24 /opt/devkitpro/devkitARM/bin/../lib/gcc/arm-none-eabi/12.1.0/../../../../arm-none-eabi/lib/thumb/libsysbase.a(sbrk.o)
 .comment       0x0000000000000045       0x24 /opt/devkitpro/devkitARM/bin/../lib/gcc/arm-none-eabi/12.1.0/../../../../arm-none-eabi/lib/thumb/libsysbase.a(write.o)
 .comment       0x0000000000000045       0x24 /opt/devkitpro/devkitARM/bin/../lib/gcc/arm-none-eabi/12.1.0/../../../../arm-none-eabi/lib/thumb/libsysbase.a(_exit.o)
 .comment       0x0000000000000045       0x24 /opt/devkitpro/devkitARM/bin/../lib/gcc/arm-none-eabi/12.1.0/../../../../arm-none-eabi/lib/thumb/libsysbase.a(malloc_vars.o)
 .comment       0x0000000000000045       0x24 /opt/devkitpro/devkitARM/bin/../lib/gcc/arm-none-eabi/12.1.0/../../../../arm-none-eabi/lib/thumb/libsysbase.a(flock.o)
 .comment       0x0000000000000045       0x24 /opt/devkitpro/devkitARM/bin/../lib/gcc/arm-none-eabi/12.1.0/../../../../arm-none-eabi/lib/thumb/libsysbase.a(handle_manager.o)
 .comment       0x0000000000000045       0x24 /opt/devkitpro/devkitARM/bin/../lib/gcc/arm-none-eabi/12.1.0/../../../../arm-none-eabi/lib/thumb/libsysbase.a(getreent.o)
 .comment       0x0000000000000045       0x24 /opt/devkitpro/devkitARM/bin/../lib/gcc/arm-none-eabi/12.1.0/../../../../arm-none-eabi/lib/thumb/libsysbase.a(syscall_support.o)
 .comment       0x0000000000000045       0x24 /opt/devkitpro/devkitARM/bin/../lib/gcc/arm-none-eabi/12.1.0/../../../../arm-none-eabi/lib/thumb/libsysbase.a(iosupport.o)
 .comment       0x0000000000000045       0x24 /opt/devkitpro/devkitARM/bin/../lib/gcc/arm-none-eabi/12.1.0/thumb/libgcc.a(_muldi3.o)
 .comment       0x0000000000000045       0x24 /opt/devkitpro/devkitARM/bin/../lib/gcc/arm-none-eabi/12.1.0/thumb/libgcc.a(_udivmoddi4.o)
 .comment       0x0000000000000045       0x24 /opt/devkitpro/devkitARM/bin/../lib/gcc/arm-none-eabi/12.1.0/thumb/crtend.o

.debug
 *(.debug)

.line
 *(.line)

.debug_srcinfo
 *(.debug_srcinfo)

.debug_sfnames
 *(.debug_sfnames)

.debug_aranges  0x0000000000000000       0xd8
 *(.debug_aranges)
 .debug_aranges
                0x0000000000000000       0x58 drum.o
 .debug_aranges
                0x0000000000000058       0x20 /opt/devkitpro/libgba/lib/libgba.a(CpuSet.o)
 .debug_aranges
                0x0000000000000078       0x20 /opt/devkitpro/libgba/lib/libgba.a(interrupt.o)
 .debug_aranges
                0x0000000000000098       0x20 /opt/devkitpro/libgba/lib/libgba.a(input.o)
 .debug_aranges
                0x00000000000000b8       0x20 /opt/devkitpro/libgba/lib/libgba.a(InterruptDispatcher.o)

.debug_pubnames
 *(.debug_pubnames)

.debug_info     0x0000000000000000     0x88b1
 *(.debug_info)
 .debug_info    0x0000000000000000     0x80ce drum.o
 .debug_info    0x00000000000080ce      0x13b /opt/devkitpro/libgba/lib/libgba.a(CpuSet.o)
 .debug_info    0x0000000000008209      0x41b /opt/devkitpro/libgba/lib/libgba.a(interrupt.o)
 .debug_info    0x0000000000008624      0x267 /opt/devkitpro/libgba/lib/libgba.a(input.o)
 .debug_info    0x000000000000888b       0x26 /opt/devkitpro/libgba/lib/libgba.a(InterruptDispatcher.o)

.debug_abbrev   0x0000000000000000      0x9d6
 *(.debug_abbrev)
 .debug_abbrev  0x0000000000000000      0x607 drum.o
 .debug_abbrev  0x0000000000000607       0xa7 /opt/devkitpro/libgba/lib/libgba.a(CpuSet.o)
 .debug_abbrev  0x00000000000006ae      0x1ee /opt/devkitpro/libgba/lib/libgba.a(interrupt.o)
 .debug_abbrev  0x000000000000089c      0x126 /opt/devkitpro/libgba/lib/libgba.a(input.o)
 .debug_abbrev  0x00000000000009c2       0x14 /opt/devkitpro/libgba/lib/libgba.a(InterruptDispatcher.o)

.debug_line     0x0000000000000000     0x93f3
 *(.debug_line)
 .debug_line    0x0000000000000000     0x8998 drum.o
 .debug_line    0x0000000000008998      0x164 /opt/devkitpro/libgba/lib/libgba.a(CpuSet.o)
 .debug_line    0x0000000000008afc      0x5ae /opt/devkitpro/libgba/lib/libgba.a(interrupt.o)
 .debug_line    0x00000000000090aa      0x297 /opt/devkitpro/libgba/lib/libgba.a(input.o)
 .debug_line    0x0000000000009341       0xb2 /opt/devkitpro/libgba/lib/libgba.a(InterruptDispatcher.o)

.debug_frame    0x0000000000000000      0x91c
 *(.debug_frame)
 .debug_frame   0x0000000000000000      0x7bc drum.o
 .debug_frame   0x00000000000007bc       0x30 /opt/devkitpro/libgba/lib/libgba.a(CpuSet.o)
 .debug_frame   0x00000000000007ec       0xb0 /opt/devkitpro/libgba/lib/libgba.a(interrupt.o)
 .debug_frame   0x000000000000089c       0x80 /opt/devkitpro/libgba/lib/libgba.a(input.o)

.debug_str      0x0000000000000000     0x11a5
 *(.debug_str)
 .debug_str     0x0000000000000000      0xeb7 drum.o
                                        0xfbd (size before relaxing)
 .debug_str     0x0000000000000eb7       0xe6 /opt/devkitpro/libgba/lib/libgba.a(CpuSet.o)
                                        0x18e (size before relaxing)
 .debug_str     0x0000000000000f9d      0x105 /opt/devkitpro/libgba/lib/libgba.a(interrupt.o)
                                        0x310 (size before relaxing)
 .debug_str     0x00000000000010a2       0xa3 /opt/devkitpro/libgba/lib/libgba.a(input.o)
                                        0x21b (size before relaxing)
 .debug_str     0x0000000000001145       0x60 /opt/devkitpro/libgba/lib/libgba.a(InterruptDispatcher.o)
                                         0xa0 (size before relaxing)

.debug_loc      0x0000000000000000      0x563
 *(.debug_loc)
 .debug_loc     0x0000000000000000       0xde /opt/devkitpro/libgba/lib/libgba.a(CpuSet.o)
 .debug_loc     0x00000000000000de      0x446 /opt/devkitpro/libgba/lib/libgba.a(interrupt.o)
 .debug_loc     0x0000000000000524       0x3f /opt/devkitpro/libgba/lib/libgba.a(input.o)

.debug_macinfo
 *(.debug_macinfo)

.debug_weaknames
 *(.debug_weaknames)

.debug_funcnames
 *(.debug_funcnames)

.debug_typenames
 *(.debug_typenames)

.debug_varnames
 *(.debug_varnames)

.stack          0x0000000000080000        0x0
                0x0000000000080000                _stack = .
 *(.stack)

.note.gnu.arm.ident
 *(.note.gnu.arm.ident)

.ARM.attributes
                0x0000000000000000       0x2c
 *(.ARM.attributes)
 .ARM.attributes
                0x0000000000000000       0x20 /opt/devkitpro/devkitARM/bin/../lib/gcc/arm-none-eabi/12.1.0/../../../../arm-none-eabi/lib/thumb/gba_crt0.o
 .ARM.attributes
                0x0000000000000020       0x1c /opt/devkitpro/devkitARM/bin/../lib/gcc/arm-none-eabi/12.1.0/thumb/crti.o
 .ARM.attributes
                0x000000000000003c       0x2a /opt/devkitpro/devkitARM/bin/../lib/gcc/arm-none-eabi/12.1.0/thumb/crtbegin.o
 .ARM.attributes
                0x0000000000000066       0x14 r6502_portfont.bin.o
 .ARM.attributes
                0x000000000000007a       0x14 r6502_portfont_original.bin.o
 .ARM.attributes
                0x000000000000008e       0x14 soundbank.bin.o
 .ARM.attributes
                0x00000000000000a2       0x26 drum.o
 .ARM.attributes
                0x00000000000000c8       0x1a /opt/devkitpro/libgba/lib/libmm.a(mm_effect.o)
 .ARM.attributes
                0x00000000000000e2       0x1a /opt/devkitpro/libgba/lib/libmm.a(mm_mas_arm.o)
 .ARM.attributes
                0x00000000000000fc       0x1a /opt/devkitpro/libgba/lib/libmm.a(mm_mixer_gba.o)
 .ARM.attributes
                0x0000000000000116       0x1a /opt/devkitpro/libgba/lib/libmm.a(mm_init_default.o)
 .ARM.attributes
                0x0000000000000130       0x1a /opt/devkitpro/libgba/lib/libmm.a(mm_main_gba.o)
 .ARM.attributes
                0x000000000000014a       0x1a /opt/devkitpro/libgba/lib/libmm.a(mm_mas.o)
 .ARM.attributes
                0x0000000000000164       0x1a /opt/devkitpro/libgba/lib/libmm.a(mm_main.o)
 .ARM.attributes
                0x000000000000017e       0x2a /opt/devkitpro/libgba/lib/libgba.a(CpuSet.o)
 .ARM.attributes
                0x00000000000001a8       0x2a /opt/devkitpro/libgba/lib/libgba.a(interrupt.o)
 .ARM.attributes
                0x00000000000001d2       0x2a /opt/devkitpro/libgba/lib/libgba.a(input.o)
 .ARM.attributes
                0x00000000000001fc       0x1a /opt/devkitpro/libgba/lib/libgba.a(InterruptDispatcher.o)
 .ARM.attributes
                0x0000000000000216       0x1c /opt/devkitpro/devkitARM/bin/../lib/gcc/arm-none-eabi/12.1.0/thumb/libgcc.a(_arm_muldf3.o)
 .ARM.attributes
                0x0000000000000232       0x1c /opt/devkitpro/devkitARM/bin/../lib/gcc/arm-none-eabi/12.1.0/thumb/libgcc.a(_arm_mulsf3.o)
 .ARM.attributes
                0x000000000000024e       0x1c /opt/devkitpro/devkitARM/bin/../lib/gcc/arm-none-eabi/12.1.0/thumb/libgcc.a(_udivsi3.o)
 .ARM.attributes
                0x000000000000026a       0x1c /opt/devkitpro/devkitARM/bin/../lib/gcc/arm-none-eabi/12.1.0/thumb/libgcc.a(_divsi3.o)
 .ARM.attributes
                0x0000000000000286       0x1c /opt/devkitpro/devkitARM/bin/../lib/gcc/arm-none-eabi/12.1.0/thumb/libgcc.a(_dvmd_tls.o)
 .ARM.attributes
                0x00000000000002a2       0x1c /opt/devkitpro/devkitARM/bin/../lib/gcc/arm-none-eabi/12.1.0/thumb/libgcc.a(_call_via_rX.o)
 .ARM.attributes
                0x00000000000002be       0x1c /opt/devkitpro/devkitARM/bin/../lib/gcc/arm-none-eabi/12.1.0/thumb/libgcc.a(_arm_addsubdf3.o)
 .ARM.attributes
                0x00000000000002da       0x1c /opt/devkitpro/devkitARM/bin/../lib/gcc/arm-none-eabi/12.1.0/thumb/libgcc.a(_arm_fixdfsi.o)
 .ARM.attributes
                0x00000000000002f6       0x1c /opt/devkitpro/devkitARM/bin/../lib/gcc/arm-none-eabi/12.1.0/thumb/libgcc.a(_arm_addsubsf3.o)
 .ARM.attributes
                0x0000000000000312       0x1c /opt/devkitpro/devkitARM/bin/../lib/gcc/arm-none-eabi/12.1.0/thumb/libgcc.a(_arm_muldivsf3.o)
 .ARM.attributes
                0x000000000000032e       0x1c /opt/devkitpro/devkitARM/bin/../lib/gcc/arm-none-eabi/12.1.0/thumb/libgcc.a(_arm_cmpsf2.o)
 .ARM.attributes
                0x000000000000034a       0x1c /opt/devkitpro/devkitARM/bin/../lib/gcc/arm-none-eabi/12.1.0/thumb/libgcc.a(_arm_fixsfsi.o)
 .ARM.attributes
                0x0000000000000366       0x2a /opt/devkitpro/devkitARM/bin/../lib/gcc/arm-none-eabi/12.1.0/../../../../arm-none-eabi/lib/thumb/libg.a(lib_a-init.o)
 .ARM.attributes
                0x0000000000000390       0x2a /opt/devkitpro/devkitARM/bin/../lib/gcc/arm-none-eabi/12.1.0/../../../../arm-none-eabi/lib/thumb/libg.a(lib_a-malloc.o)
 .ARM.attributes
                0x00000000000003ba       0x2a /opt/devkitpro/devkitARM/bin/../lib/gcc/arm-none-eabi/12.1.0/../../../../arm-none-eabi/lib/thumb/libg.a(lib_a-mallocr.o)
 .ARM.attributes
                0x00000000000003e4       0x2a /opt/devkitpro/devkitARM/bin/../lib/gcc/arm-none-eabi/12.1.0/../../../../arm-none-eabi/lib/thumb/libg.a(lib_a-memcpy-stub.o)
 .ARM.attributes
                0x000000000000040e       0x2a /opt/devkitpro/devkitARM/bin/../lib/gcc/arm-none-eabi/12.1.0/../../../../arm-none-eabi/lib/thumb/libg.a(lib_a-memset.o)
 .ARM.attributes
                0x0000000000000438       0x2a /opt/devkitpro/devkitARM/bin/../lib/gcc/arm-none-eabi/12.1.0/../../../../arm-none-eabi/lib/thumb/libg.a(lib_a-mlock.o)
 .ARM.attributes
                0x0000000000000462       0x2a /opt/devkitpro/devkitARM/bin/../lib/gcc/arm-none-eabi/12.1.0/../../../../arm-none-eabi/lib/thumb/libg.a(lib_a-rand.o)
 .ARM.attributes
                0x000000000000048c       0x2a /opt/devkitpro/devkitARM/bin/../lib/gcc/arm-none-eabi/12.1.0/../../../../arm-none-eabi/lib/thumb/libg.a(lib_a-sprintf.o)
 .ARM.attributes
                0x00000000000004b6       0x1a /opt/devkitpro/devkitARM/bin/../lib/gcc/arm-none-eabi/12.1.0/../../../../arm-none-eabi/lib/thumb/libg.a(lib_a-strcmp.o)
 .ARM.attributes
                0x00000000000004d0       0x2a /opt/devkitpro/devkitARM/bin/../lib/gcc/arm-none-eabi/12.1.0/../../../../arm-none-eabi/lib/thumb/libg.a(lib_a-svfprintf.o)
 .ARM.attributes
                0x00000000000004fa       0x2a /opt/devkitpro/devkitARM/bin/../lib/gcc/arm-none-eabi/12.1.0/../../../../arm-none-eabi/lib/thumb/libg.a(lib_a-wcrtomb.o)
 .ARM.attributes
                0x0000000000000524       0x2a /opt/devkitpro/devkitARM/bin/../lib/gcc/arm-none-eabi/12.1.0/../../../../arm-none-eabi/lib/thumb/libg.a(lib_a-wcsrtombs.o)
 .ARM.attributes
                0x000000000000054e       0x2a /opt/devkitpro/devkitARM/bin/../lib/gcc/arm-none-eabi/12.1.0/../../../../arm-none-eabi/lib/thumb/libg.a(lib_a-dtoa.o)
 .ARM.attributes
                0x0000000000000578       0x2a /opt/devkitpro/devkitARM/bin/../lib/gcc/arm-none-eabi/12.1.0/../../../../arm-none-eabi/lib/thumb/libg.a(lib_a-freer.o)
 .ARM.attributes
                0x00000000000005a2       0x2a /opt/devkitpro/devkitARM/bin/../lib/gcc/arm-none-eabi/12.1.0/../../../../arm-none-eabi/lib/thumb/libg.a(lib_a-localeconv.o)
 .ARM.attributes
                0x00000000000005cc       0x2a /opt/devkitpro/devkitARM/bin/../lib/gcc/arm-none-eabi/12.1.0/../../../../arm-none-eabi/lib/thumb/libg.a(lib_a-locale.o)
 .ARM.attributes
                0x00000000000005f6       0x2a /opt/devkitpro/devkitARM/bin/../lib/gcc/arm-none-eabi/12.1.0/../../../../arm-none-eabi/lib/thumb/libg.a(lib_a-mbtowc_r.o)
 .ARM.attributes
                0x0000000000000620       0x2a /opt/devkitpro/devkitARM/bin/../lib/gcc/arm-none-eabi/12.1.0/../../../../arm-none-eabi/lib/thumb/libg.a(lib_a-memchr-stub.o)
 .ARM.attributes
                0x000000000000064a       0x2a /opt/devkitpro/devkitARM/bin/../lib/gcc/arm-none-eabi/12.1.0/../../../../arm-none-eabi/lib/thumb/libg.a(lib_a-mprec.o)
 .ARM.attributes
                0x0000000000000674       0x2a /opt/devkitpro/devkitARM/bin/../lib/gcc/arm-none-eabi/12.1.0/../../../../arm-none-eabi/lib/thumb/libg.a(lib_a-s_frexp.o)
 .ARM.attributes
                0x000000000000069e       0x2a /opt/devkitpro/devkitARM/bin/../lib/gcc/arm-none-eabi/12.1.0/../../../../arm-none-eabi/lib/thumb/libg.a(lib_a-strcasecmp.o)
 .ARM.attributes
                0x00000000000006c8       0x2a /opt/devkitpro/devkitARM/bin/../lib/gcc/arm-none-eabi/12.1.0/../../../../arm-none-eabi/lib/thumb/libg.a(lib_a-strcat.o)
 .ARM.attributes